../Drivers/CMSIS/Include/core_cm4.h:1672:26:__NVIC_GetPriorityGrouping	4	static
../Drivers/CMSIS/Include/core_cm4.h:1684:22:__NVIC_EnableIRQ	16	static,ignoring_inline_asm
../Drivers/CMSIS/Include/core_cm4.h:1722:22:__NVIC_DisableIRQ	16	static,ignoring_inline_asm
../Drivers/CMSIS/Include/core_cm4.h:1814:22:__NVIC_SetPriority	16	static
../Drivers/CMSIS/Include/core_cm4.h:1861:26:NVIC_EncodePriority	40	static
../Drivers/STM32F4xx_HAL_Driver/Inc/stm32f4xx_ll_i2c.h:371:22:LL_I2C_Enable	16	static
../Drivers/STM32F4xx_HAL_Driver/Inc/stm32f4xx_ll_i2c.h:382:22:LL_I2C_Disable	16	static
../Drivers/STM32F4xx_HAL_Driver/Inc/stm32f4xx_ll_i2c.h:1151:22:LL_I2C_DisableIT_BUF	16	static
../Drivers/STM32F4xx_HAL_Driver/Inc/stm32f4xx_ll_i2c.h:1183:22:LL_I2C_EnableIT_ERR	16	static
../Drivers/STM32F4xx_HAL_Driver/Inc/stm32f4xx_ll_i2c.h:1418:26:LL_I2C_IsActiveFlag_BUSY	16	static
../Drivers/STM32F4xx_HAL_Driver/Inc/stm32f4xx_ll_i2c.h:1661:22:LL_I2C_AcknowledgeNextData	16	static
../Drivers/STM32F4xx_HAL_Driver/Inc/stm32f4xx_ll_i2c.h:1674:22:LL_I2C_GenerateStartCondition	16	static
../Drivers/STM32F4xx_HAL_Driver/Inc/stm32f4xx_ll_i2c.h:1685:22:LL_I2C_GenerateStopCondition	16	static
../Drivers/STM32F4xx_HAL_Driver/Inc/stm32f4xx_ll_i2c.h:1697:22:LL_I2C_EnableBitPOS	16	static
../Drivers/STM32F4xx_HAL_Driver/Inc/stm32f4xx_ll_i2c.h:1709:22:LL_I2C_DisableBitPOS	16	static
../modules/i2c/i2c.c:239:9:i2c_get_def_cfg	16	static
../modules/i2c/i2c.c:257:9:i2c_init	24	static
../modules/i2c/i2c.c:306:9:i2c_start	32	static
../modules/i2c/i2c.c:378:9:i2c_run	16	static
../modules/i2c/i2c.c:390:9:i2c_reserve	16	static
../modules/i2c/i2c.c:411:9:i2c_release	16	static
../modules/i2c/i2c.c:433:9:i2c_write	32	static
../modules/i2c/i2c.c:453:9:i2c_read	32	static
../modules/i2c/i2c.c:467:17:i2c_get_error	16	static
../modules/i2c/i2c.c:486:9:i2c_get_op_status	24	static
../modules/i2c/i2c.c:511:9:i2c_bus_busy	16	static
../modules/i2c/i2c.c:550:6:I2C3_EV_IRQHandler	8	static
../modules/i2c/i2c.c:555:6:I2C3_ER_IRQHandler	8	static
../modules/i2c/i2c.c:577:16:start_op	32	static
../modules/i2c/i2c.c:634:13:i2c_interrupt	32	static
../modules/i2c/i2c.c:793:27:tmr_callback	24	static
../modules/i2c/i2c.c:814:13:handle_receive_addr	16	static
../modules/i2c/i2c.c:861:13:handle_receive_rxne	24	static
../modules/i2c/i2c.c:891:13:handle_receive_btf	24	static
../modules/i2c/i2c.c:923:13:op_stop_success	16	static
../modules/i2c/i2c.c:940:13:op_stop_fail	16	static
../modules/i2c/i2c.c:971:16:cmd_i2c_status	64	static
../modules/i2c/i2c.c:998:16:cmd_i2c_test	80	static
