../modules/draw/draw.c:159:9:draw_get_def_cfg	16	static
../modules/draw/draw.c:180:9:draw_init	16	static
../modules/draw/draw.c:198:9:draw_start	24	static
../modules/draw/draw.c:229:9:draw_run	8	static
../modules/draw/draw.c:253:9:draw_move_to	40	static
../modules/draw/draw.c:293:9:draw_jog_joint	24	static
../modules/draw/draw.c:342:9:draw_joint_calib	48	static
../modules/draw/draw.c:395:16:traj_plan_start	48	static,ignoring_inline_asm
../modules/draw/draw.c:473:16:traj_plan_continue	64	static,ignoring_inline_asm
../modules/draw/draw.c:573:16:solve_fk	40	static
../modules/draw/draw.c:596:16:solve_ik	64	static
../modules/draw/draw.c:648:16:cmd_draw_status	24	static
../modules/draw/draw.c:676:16:cmd_draw_test	72	static
