../modules/flash/flash.c:235:9:flash_start	16	static
../modules/flash/flash.c:259:9:flash_panic_erase_page	24	static
../modules/flash/flash.c:338:9:flash_panic_write	24	static
../modules/flash/flash.c:397:13:flash_unlock	4	static
../modules/flash/flash.c:410:13:flash_panic_op_start	8	static
../modules/flash/flash.c:457:13:flash_panic_op_complete	4	static
../modules/flash/flash.c:502:16:addr_to_page_num	24	static
../modules/flash/flash.c:577:16:cmd_flash_erase	32	static
../modules/flash/flash.c:601:16:cmd_flash_write	88	dynamic
