../Drivers/CMSIS/Include/core_cm4.h:1676:26:__NVIC_GetPriorityGrouping	4	static
../Drivers/CMSIS/Include/core_cm4.h:1688:22:__NVIC_EnableIRQ	16	static
../Drivers/CMSIS/Include/core_cm4.h:1724:22:__NVIC_DisableIRQ	16	static,ignoring_inline_asm
../Drivers/CMSIS/Include/core_cm4.h:1816:22:__NVIC_SetPriority	16	static
../Drivers/CMSIS/Include/core_cm4.h:1863:26:NVIC_EncodePriority	40	static
../Drivers/STM32F4xx_HAL_Driver/Inc/stm32f4xx_ll_i2c.h:372:22:LL_I2C_Enable	16	static
../Drivers/STM32F4xx_HAL_Driver/Inc/stm32f4xx_ll_i2c.h:383:22:LL_I2C_Disable	16	static
../Drivers/STM32F4xx_HAL_Driver/Inc/stm32f4xx_ll_i2c.h:1152:22:LL_I2C_DisableIT_BUF	16	static
../Drivers/STM32F4xx_HAL_Driver/Inc/stm32f4xx_ll_i2c.h:1184:22:LL_I2C_EnableIT_ERR	16	static
../Drivers/STM32F4xx_HAL_Driver/Inc/stm32f4xx_ll_i2c.h:1419:26:LL_I2C_IsActiveFlag_BUSY	16	static
../Drivers/STM32F4xx_HAL_Driver/Inc/stm32f4xx_ll_i2c.h:1662:22:LL_I2C_AcknowledgeNextData	16	static
../Drivers/STM32F4xx_HAL_Driver/Inc/stm32f4xx_ll_i2c.h:1675:22:LL_I2C_GenerateStartCondition	16	static
../Drivers/STM32F4xx_HAL_Driver/Inc/stm32f4xx_ll_i2c.h:1686:22:LL_I2C_GenerateStopCondition	16	static
../Drivers/STM32F4xx_HAL_Driver/Inc/stm32f4xx_ll_i2c.h:1698:22:LL_I2C_EnableBitPOS	16	static
../Drivers/STM32F4xx_HAL_Driver/Inc/stm32f4xx_ll_i2c.h:1710:22:LL_I2C_DisableBitPOS	16	static
../modules/i2c/i2c.c:242:9:i2c_get_def_cfg	16	static
../modules/i2c/i2c.c:260:9:i2c_init	24	static
../modules/i2c/i2c.c:309:9:i2c_start	32	static
../modules/i2c/i2c.c:382:9:i2c_run	16	static
../modules/i2c/i2c.c:394:9:i2c_reserve	16	static
../modules/i2c/i2c.c:415:9:i2c_release	16	static
../modules/i2c/i2c.c:437:9:i2c_write	32	static
../modules/i2c/i2c.c:457:9:i2c_read	32	static
../modules/i2c/i2c.c:471:17:i2c_get_error	16	static
../modules/i2c/i2c.c:490:9:i2c_get_op_status	24	static
../modules/i2c/i2c.c:515:9:i2c_bus_busy	16	static
../modules/i2c/i2c.c:526:6:I2C1_EV_IRQHandler	8	static
../modules/i2c/i2c.c:531:6:I2C1_ER_IRQHandler	8	static
../modules/i2c/i2c.c:554:6:I2C3_EV_IRQHandler	8	static
../modules/i2c/i2c.c:559:6:I2C3_ER_IRQHandler	8	static
../modules/i2c/i2c.c:581:16:start_op	32	static
../modules/i2c/i2c.c:642:13:i2c_interrupt	32	static
../modules/i2c/i2c.c:801:27:tmr_callback	24	static
../modules/i2c/i2c.c:822:13:handle_receive_addr	16	static
../modules/i2c/i2c.c:869:13:handle_receive_rxne	24	static
../modules/i2c/i2c.c:899:13:handle_receive_btf	24	static
../modules/i2c/i2c.c:931:13:op_stop_success	16	static
../modules/i2c/i2c.c:948:13:op_stop_fail	16	static
../modules/i2c/i2c.c:979:16:cmd_i2c_status	64	static
../modules/i2c/i2c.c:1006:16:cmd_i2c_test	80	static
