../Drivers/CMSIS/Include/core_cm4.h:1672:26:__NVIC_GetPriorityGrouping	4	static
../Drivers/CMSIS/Include/core_cm4.h:1684:22:__NVIC_EnableIRQ	16	static,ignoring_inline_asm
../Drivers/CMSIS/Include/core_cm4.h:1722:22:__NVIC_DisableIRQ	16	static,ignoring_inline_asm
../Drivers/CMSIS/Include/core_cm4.h:1814:22:__NVIC_SetPriority	16	static
../Drivers/CMSIS/Include/core_cm4.h:1861:26:NVIC_EncodePriority	40	static
../Drivers/STM32F4xx_HAL_Driver/Inc/stm32f4xx_ll_usart.h:2035:22:LL_USART_EnableIT_RXNE	40	static,ignoring_inline_asm
../Drivers/STM32F4xx_HAL_Driver/Inc/stm32f4xx_ll_usart.h:2057:22:LL_USART_EnableIT_TXE	40	static,ignoring_inline_asm
../Drivers/STM32F4xx_HAL_Driver/Inc/stm32f4xx_ll_usart.h:2153:22:LL_USART_DisableIT_TXE	40	static,ignoring_inline_asm
../modules/ttys/ttys.c:195:9:ttys_get_def_cfg	16	static
../modules/ttys/ttys.c:217:9:ttys_init	24	static
../modules/ttys/ttys.c:277:9:ttys_start	32	static
../modules/ttys/ttys.c:329:9:ttys_putc	48	static,ignoring_inline_asm
../modules/ttys/ttys.c:372:9:ttys_getc	48	static,ignoring_inline_asm
../modules/ttys/ttys.c:408:5:ttys_get_fd	16	static
../modules/ttys/ttys.c:424:7:ttys_get_stream	16	static
../modules/ttys/ttys.c:435:6:USART1_IRQHandler	8	static
../modules/ttys/ttys.c:440:6:USART2_IRQHandler	8	static
../modules/ttys/ttys.c:445:6:USART6_IRQHandler	8	static
../modules/ttys/ttys.c:463:13:ttys_interrupt	48	static,ignoring_inline_asm
../modules/ttys/ttys.c:539:16:cmd_ttys_status	24	static
../modules/ttys/ttys.c:568:16:cmd_ttys_test	56	static
../modules/ttys/ttys.c:669:30:fd_to_instance	24	static
../modules/ttys/ttys.c:700:5:_write	32	static
../modules/ttys/ttys.c:731:5:_read	32	static
