Archive member included to satisfy reference by file (symbol)

C:/ST/STM32CubeIDE_1.17.0/STM32CubeIDE/plugins/com.st.stm32cube.ide.mcu.externaltools.gnu-tools-for-stm32.12.3.rel1.win32_1.1.0.202410251130/tools/bin/../lib/gcc/arm-none-eabi/12.3.1/../../../../arm-none-eabi/lib/thumb/v7e-m+fp/hard\libc_nano.a(libc_a-atoi.o)
                              ./modules/gps_gtu7/gps_gtu7.o (atoi)
C:/ST/STM32CubeIDE_1.17.0/STM32CubeIDE/plugins/com.st.stm32cube.ide.mcu.externaltools.gnu-tools-for-stm32.12.3.rel1.win32_1.1.0.202410251130/tools/bin/../lib/gcc/arm-none-eabi/12.3.1/../../../../arm-none-eabi/lib/thumb/v7e-m+fp/hard\libc_nano.a(libc_a-exit.o)
                              C:/ST/STM32CubeIDE_1.17.0/STM32CubeIDE/plugins/com.st.stm32cube.ide.mcu.externaltools.gnu-tools-for-stm32.12.3.rel1.win32_1.1.0.202410251130/tools/bin/../lib/gcc/arm-none-eabi/12.3.1/../../../../arm-none-eabi/lib/thumb/v7e-m+fp/hard/crt0.o (exit)
C:/ST/STM32CubeIDE_1.17.0/STM32CubeIDE/plugins/com.st.stm32cube.ide.mcu.externaltools.gnu-tools-for-stm32.12.3.rel1.win32_1.1.0.202410251130/tools/bin/../lib/gcc/arm-none-eabi/12.3.1/../../../../arm-none-eabi/lib/thumb/v7e-m+fp/hard\libc_nano.a(libc_a-strtol.o)
                              C:/ST/STM32CubeIDE_1.17.0/STM32CubeIDE/plugins/com.st.stm32cube.ide.mcu.externaltools.gnu-tools-for-stm32.12.3.rel1.win32_1.1.0.202410251130/tools/bin/../lib/gcc/arm-none-eabi/12.3.1/../../../../arm-none-eabi/lib/thumb/v7e-m+fp/hard\libc_nano.a(libc_a-atoi.o) (_strtol_r)
C:/ST/STM32CubeIDE_1.17.0/STM32CubeIDE/plugins/com.st.stm32cube.ide.mcu.externaltools.gnu-tools-for-stm32.12.3.rel1.win32_1.1.0.202410251130/tools/bin/../lib/gcc/arm-none-eabi/12.3.1/../../../../arm-none-eabi/lib/thumb/v7e-m+fp/hard\libc_nano.a(libc_a-strtoul.o)
                              ./modules/cmd/cmd.o (strtoul)
C:/ST/STM32CubeIDE_1.17.0/STM32CubeIDE/plugins/com.st.stm32cube.ide.mcu.externaltools.gnu-tools-for-stm32.12.3.rel1.win32_1.1.0.202410251130/tools/bin/../lib/gcc/arm-none-eabi/12.3.1/../../../../arm-none-eabi/lib/thumb/v7e-m+fp/hard\libc_nano.a(libc_a-ctype_.o)
                              ./modules/cmd/cmd.o (_ctype_)
C:/ST/STM32CubeIDE_1.17.0/STM32CubeIDE/plugins/com.st.stm32cube.ide.mcu.externaltools.gnu-tools-for-stm32.12.3.rel1.win32_1.1.0.202410251130/tools/bin/../lib/gcc/arm-none-eabi/12.3.1/../../../../arm-none-eabi/lib/thumb/v7e-m+fp/hard\libc_nano.a(libc_a-fdopen.o)
                              ./modules/ttys/ttys.o (fdopen)
C:/ST/STM32CubeIDE_1.17.0/STM32CubeIDE/plugins/com.st.stm32cube.ide.mcu.externaltools.gnu-tools-for-stm32.12.3.rel1.win32_1.1.0.202410251130/tools/bin/../lib/gcc/arm-none-eabi/12.3.1/../../../../arm-none-eabi/lib/thumb/v7e-m+fp/hard\libc_nano.a(libc_a-fflush.o)
                              ./modules/ttys/ttys.o (fflush)
C:/ST/STM32CubeIDE_1.17.0/STM32CubeIDE/plugins/com.st.stm32cube.ide.mcu.externaltools.gnu-tools-for-stm32.12.3.rel1.win32_1.1.0.202410251130/tools/bin/../lib/gcc/arm-none-eabi/12.3.1/../../../../arm-none-eabi/lib/thumb/v7e-m+fp/hard\libc_nano.a(libc_a-fgetc.o)
                              ./modules/ttys/ttys.o (fgetc)
C:/ST/STM32CubeIDE_1.17.0/STM32CubeIDE/plugins/com.st.stm32cube.ide.mcu.externaltools.gnu-tools-for-stm32.12.3.rel1.win32_1.1.0.202410251130/tools/bin/../lib/gcc/arm-none-eabi/12.3.1/../../../../arm-none-eabi/lib/thumb/v7e-m+fp/hard\libc_nano.a(libc_a-findfp.o)
                              C:/ST/STM32CubeIDE_1.17.0/STM32CubeIDE/plugins/com.st.stm32cube.ide.mcu.externaltools.gnu-tools-for-stm32.12.3.rel1.win32_1.1.0.202410251130/tools/bin/../lib/gcc/arm-none-eabi/12.3.1/../../../../arm-none-eabi/lib/thumb/v7e-m+fp/hard\libc_nano.a(libc_a-fflush.o) (__sglue)
C:/ST/STM32CubeIDE_1.17.0/STM32CubeIDE/plugins/com.st.stm32cube.ide.mcu.externaltools.gnu-tools-for-stm32.12.3.rel1.win32_1.1.0.202410251130/tools/bin/../lib/gcc/arm-none-eabi/12.3.1/../../../../arm-none-eabi/lib/thumb/v7e-m+fp/hard\libc_nano.a(libc_a-flags.o)
                              C:/ST/STM32CubeIDE_1.17.0/STM32CubeIDE/plugins/com.st.stm32cube.ide.mcu.externaltools.gnu-tools-for-stm32.12.3.rel1.win32_1.1.0.202410251130/tools/bin/../lib/gcc/arm-none-eabi/12.3.1/../../../../arm-none-eabi/lib/thumb/v7e-m+fp/hard\libc_nano.a(libc_a-fdopen.o) (__sflags)
C:/ST/STM32CubeIDE_1.17.0/STM32CubeIDE/plugins/com.st.stm32cube.ide.mcu.externaltools.gnu-tools-for-stm32.12.3.rel1.win32_1.1.0.202410251130/tools/bin/../lib/gcc/arm-none-eabi/12.3.1/../../../../arm-none-eabi/lib/thumb/v7e-m+fp/hard\libc_nano.a(libc_a-fprintf.o)
                              ./modules/ttys/ttys.o (fprintf)
C:/ST/STM32CubeIDE_1.17.0/STM32CubeIDE/plugins/com.st.stm32cube.ide.mcu.externaltools.gnu-tools-for-stm32.12.3.rel1.win32_1.1.0.202410251130/tools/bin/../lib/gcc/arm-none-eabi/12.3.1/../../../../arm-none-eabi/lib/thumb/v7e-m+fp/hard\libc_nano.a(libc_a-fwalk.o)
[...]
Memory Configuration

Name             Origin             Length             Attributes
RAM              0x20000000         0x00018000         xrw
FLASH            0x08000000         0x00080000         xr
*default*        0x00000000         0xffffffff

Linker script and memory map

LOAD C:/ST/STM32CubeIDE_1.17.0/STM32CubeIDE/plugins/com.st.stm32cube.ide.mcu.externaltools.gnu-tools-for-stm32.12.3.rel1.win32_1.1.0.202410251130/tools/bin/../lib/gcc/arm-none-eabi/12.3.1/thumb/v7e-m+fp/hard/crti.o
LOAD C:/ST/STM32CubeIDE_1.17.0/STM32CubeIDE/plugins/com.st.stm32cube.ide.mcu.externaltools.gnu-tools-for-stm32.12.3.rel1.win32_1.1.0.202410251130/tools/bin/../lib/gcc/arm-none-eabi/12.3.1/thumb/v7e-m+fp/hard/crtbegin.o
LOAD C:/ST/STM32CubeIDE_1.17.0/STM32CubeIDE/plugins/com.st.stm32cube.ide.mcu.externaltools.gnu-tools-for-stm32.12.3.rel1.win32_1.1.0.202410251130/tools/bin/../lib/gcc/arm-none-eabi/12.3.1/../../../../arm-none-eabi/lib/thumb/v7e-m+fp/hard/crt0.o
LOAD ./Core/Src/main.o
LOAD ./Core/Src/stm32f4xx_it.o
LOAD ./Core/Src/syscalls.o
LOAD ./Core/Src/sysmem.o
LOAD ./Core/Src/system_stm32f4xx.o
LOAD ./Core/Startup/startup_stm32f401retx.o
LOAD ./Drivers/STM32F4xx_HAL_Driver/Src/stm32f4xx_ll_dma.o
LOAD ./Drivers/STM32F4xx_HAL_Driver/Src/stm32f4xx_ll_exti.o
LOAD ./Drivers/STM32F4xx_HAL_Driver/Src/stm32f4xx_ll_gpio.o
LOAD ./Drivers/STM32F4xx_HAL_Driver/Src/stm32f4xx_ll_i2c.o
LOAD ./Drivers/STM32F4xx_HAL_Driver/Src/stm32f4xx_ll_rcc.o
LOAD ./Drivers/STM32F4xx_HAL_Driver/Src/stm32f4xx_ll_usart.o
LOAD ./Drivers/STM32F4xx_HAL_Driver/Src/stm32f4xx_ll_utils.o
LOAD ./app1/app_main.o
LOAD ./modules/blinky/blinky.o
LOAD ./modules/cmd/cmd.o
LOAD ./modules/console/console.o
LOAD ./modules/dio/dio.o
LOAD ./modules/gps_gtu7/gps_gtu7.o
LOAD ./modules/i2c/i2c.o
LOAD ./modules/log/log.o
LOAD ./modules/mem/mem.o
LOAD ./modules/stat/stat.o
LOAD ./modules/tmphm/tmphm.o
LOAD ./modules/tmr/tmr.o
LOAD ./modules/ttys/ttys.o
START GROUP
LOAD C:/ST/STM32CubeIDE_1.17.0/STM32CubeIDE/plugins/com.st.stm32cube.ide.mcu.externaltools.gnu-tools-for-stm32.12.3.rel1.win32_1.1.0.202410251130/tools/bin/../lib/gcc/arm-none-eabi/12.3.1/../../../../arm-none-eabi/lib/thumb/v7e-m+fp/hard\libc_nano.a
LOAD C:/ST/STM32CubeIDE_1.17.0/STM32CubeIDE/plugins/com.st.stm32cube.ide.mcu.externaltools.gnu-tools-for-stm32.12.3.rel1.win32_1.1.0.202410251130/tools/bin/../lib/gcc/arm-none-eabi/12.3.1/../../../../arm-none-eabi/lib/thumb/v7e-m+fp/hard\libm.a
END GROUP
START GROUP
LOAD C:/ST/STM32CubeIDE_1.17.0/STM32CubeIDE/plugins/com.st.stm32cube.ide.mcu.externaltools.gnu-tools-for-stm32.12.3.rel1.win32_1.1.0.202410251130/tools/bin/../lib/gcc/arm-none-eabi/12.3.1/thumb/v7e-m+fp/hard\libgcc.a
LOAD C:/ST/STM32CubeIDE_1.17.0/STM32CubeIDE/plugins/com.st.stm32cube.ide.mcu.externaltools.gnu-tools-for-stm32.12.3.rel1.win32_1.1.0.202410251130/tools/bin/../lib/gcc/arm-none-eabi/12.3.1/../../../../arm-none-eabi/lib/thumb/v7e-m+fp/hard\libc_nano.a
END GROUP
START GROUP
LOAD C:/ST/STM32CubeIDE_1.17.0/STM32CubeIDE/plugins/com.st.stm32cube.ide.mcu.externaltools.gnu-tools-for-stm32.12.3.rel1.win32_1.1.0.202410251130/tools/bin/../lib/gcc/arm-none-eabi/12.3.1/thumb/v7e-m+fp/hard\libgcc.a
LOAD C:/ST/STM32CubeIDE_1.17.0/STM32CubeIDE/plugins/com.st.stm32cube.ide.mcu.externaltools.gnu-tools-for-stm32.12.3.rel1.win32_1.1.0.202410251130/tools/bin/../lib/gcc/arm-none-eabi/12.3.1/../../../../arm-none-eabi/lib/thumb/v7e-m+fp/hard\libc_nano.a
LOAD C:/ST/STM32CubeIDE_1.17.0/STM32CubeIDE/plugins/com.st.stm32cube.ide.mcu.externaltools.gnu-tools-for-stm32.12.3.rel1.win32_1.1.0.202410251130/tools/bin/../lib/gcc/arm-none-eabi/12.3.1/../../../../arm-none-eabi/lib/thumb/v7e-m+fp/hard\libnosys.a
END GROUP
START GROUP
LOAD C:/ST/STM32CubeIDE_1.17.0/STM32CubeIDE/plugins/com.st.stm32cube.ide.mcu.externaltools.gnu-tools-for-stm32.12.3.rel1.win32_1.1.0.202410251130/tools/bin/../lib/gcc/arm-none-eabi/12.3.1/thumb/v7e-m+fp/hard\libgcc.a
LOAD C:/ST/STM32CubeIDE_1.17.0/STM32CubeIDE/plugins/com.st.stm32cube.ide.mcu.externaltools.gnu-tools-for-stm32.12.3.rel1.win32_1.1.0.202410251130/tools/bin/../lib/gcc/arm-none-eabi/12.3.1/../../../../arm-none-eabi/lib/thumb/v7e-m+fp/hard\libc_nano.a
LOAD C:/ST/STM32CubeIDE_1.17.0/STM32CubeIDE/plugins/com.st.stm32cube.ide.mcu.externaltools.gnu-tools-for-stm32.12.3.rel1.win32_1.1.0.202410251130/tools/bin/../lib/gcc/arm-none-eabi/12.3.1/../../../../arm-none-eabi/lib/thumb/v7e-m+fp/hard\libnosys.a
END GROUP
LOAD C:/ST/STM32CubeIDE_1.17.0/STM32CubeIDE/plugins/com.st.stm32cube.ide.mcu.externaltools.gnu-tools-for-stm32.12.3.rel1.win32_1.1.0.202410251130/tools/bin/../lib/gcc/arm-none-eabi/12.3.1/thumb/v7e-m+fp/hard/crtend.o
LOAD C:/ST/STM32CubeIDE_1.17.0/STM32CubeIDE/plugins/com.st.stm32cube.ide.mcu.externaltools.gnu-tools-for-stm32.12.3.rel1.win32_1.1.0.202410251130/tools/bin/../lib/gcc/arm-none-eabi/12.3.1/thumb/v7e-m+fp/hard/crtn.o
                0x20018000                        _estack = (ORIGIN (RAM) + LENGTH (RAM))
                0x00000200                        _Min_Heap_Size = 0x200
                0x00000400                        _Min_Stack_Size = 0x400

.isr_vector     0x08000000      0x194
                0x08000000                        . = ALIGN (0x4)
 *(.isr_vector)
 .isr_vector    0x08000000      0x194 ./Core/Startup/startup_stm32f401retx.o
                0x08000000                g_pfnVectors
                0x08000194                        . = ALIGN (0x4)

.text           0x080001a0     0x8f58
                0x080001a0                        . = ALIGN (0x4)
 *(.text)
 .text          0x080001a0       0x40 C:/ST/STM32CubeIDE_1.17.0/STM32CubeIDE/plugins/com.st.stm32cube.ide.mcu.externaltools.gnu-tools-for-stm32.12.3.rel1.win32_1.1.0.202410251130/tools/bin/../lib/gcc/arm-none-eabi/12.3.1/thumb/v7e-m+fp/hard/crtbegin.o
 .text          0x080001e0       0x14 C:/ST/STM32CubeIDE_1.17.0/STM32CubeIDE/plugins/com.st.stm32cube.ide.mcu.externaltools.gnu-tools-for-stm32.12.3.rel1.win32_1.1.0.202410251130/tools/bin/../lib/gcc/arm-none-eabi/12.3.1/../../../../arm-none-eabi/lib/thumb/v7e-m+fp/hard\libc_nano.a(libc_a-strcmp.o)
                0x080001e0                strcmp
 .text          0x080001f4       0x10 C:/ST/STM32CubeIDE_1.17.0/STM32CubeIDE/plugins/com.st.stm32cube.ide.mcu.externaltools.gnu-tools-for-stm32.12.3.rel1.win32_1.1.0.202410251130/tools/bin/../lib/gcc/arm-none-eabi/12.3.1/../../../../arm-none-eabi/lib/thumb/v7e-m+fp/hard\libc_nano.a(libc_a-strlen.o)
                0x080001f4                strlen
 *fill*         0x08000204        0xc 
 .text          0x08000210       0xa0 C:/ST/STM32CubeIDE_1.17.0/STM32CubeIDE/plugins/com.st.stm32cube.ide.mcu.externaltools.gnu-tools-for-stm32.12.3.rel1.win32_1.1.0.202410251130/tools/bin/../lib/gcc/arm-none-eabi/12.3.1/../../../../arm-none-eabi/lib/thumb/v7e-m+fp/hard\libc_nano.a(libc_a-memchr.o)
                0x08000210                memchr
 .text          0x080002b0       0x30 C:/ST/STM32CubeIDE_1.17.0/STM32CubeIDE/plugins/com.st.stm32cube.ide.mcu.externaltools.gnu-tools-for-stm32.12.3.rel1.win32_1.1.0.202410251130/tools/bin/../lib/gcc/arm-none-eabi/12.3.1/thumb/v7e-m+fp/hard\libgcc.a(_aeabi_uldivmod.o)
                0x080002b0                __aeabi_uldivmod
 .text          0x080002e0      0x2bc C:/ST/STM32CubeIDE_1.17.0/STM32CubeIDE/plugins/com.st.stm32cube.ide.mcu.externaltools.gnu-tools-for-stm32.12.3.rel1.win32_1.1.0.202410251130/tools/bin/../lib/gcc/arm-none-eabi/12.3.1/thumb/v7e-m+fp/hard\libgcc.a(_udivmoddi4.o)
                0x080002e0                __udivmoddi4
 .text          0x0800059c        0x4 C:/ST/STM32CubeIDE_1.17.0/STM32CubeIDE/plugins/com.st.stm32cube.ide.mcu.externaltools.gnu-tools-for-stm32.12.3.rel1.win32_1.1.0.202410251130/tools/bin/../lib/gcc/arm-none-eabi/12.3.1/thumb/v7e-m+fp/hard\libgcc.a(_dvmd_tls.o)
                0x0800059c                __aeabi_idiv0
                0x0800059c                __aeabi_ldiv0
 *(.text*)
 .text.__NVIC_SetPriorityGrouping
                0x080005a0       0x48 ./Core/Src/main.o
 .text.LL_I2C_EnableClockStretching
                0x080005e8       0x20 ./Core/Src/main.o
 .text.LL_I2C_DisableGeneralCall
                0x08000608       0x20 ./Core/Src/main.o
 .text.LL_I2C_SetOwnAddress2
                0x08000628       0x26 ./Core/Src/main.o
 .text.LL_I2C_DisableOwnAddress2
                0x0800064e       0x20 ./Core/Src/main.o
 *fill*         0x0800066e        0x2 
 .text.LL_RCC_HSI_Enable
                0x08000670       0x20 ./Core/Src/main.o
 .text.LL_RCC_HSI_IsReady
                0x08000690       0x24 ./Core/Src/main.o
 .text.LL_RCC_HSI_SetCalibTrimming
                0x080006b4       0x2c ./Core/Src/main.o
 .text.LL_RCC_SetSysClkSource
                0x080006e0       0x28 ./Core/Src/main.o
 .text.LL_RCC_GetSysClkSource
                0x08000708       0x1c ./Core/Src/main.o
 .text.LL_RCC_SetAHBPrescaler
                0x08000724       0x28 ./Core/Src/main.o
 .text.LL_RCC_SetAPB1Prescaler
                0x0800074c       0x28 ./Core/Src/main.o
 .text.LL_RCC_SetAPB2Prescaler
                0x08000774       0x28 ./Core/Src/main.o
 .text.LL_RCC_SetTIMPrescaler
                0x0800079c       0x2c ./Core/Src/main.o
 .text.LL_RCC_PLL_Enable
                0x080007c8       0x20 ./Core/Src/main.o
 .text.LL_RCC_PLL_IsReady
                0x080007e8       0x28 ./Core/Src/main.o
 .text.LL_RCC_PLL_ConfigDomain_SYS
                0x08000810       0x4c ./Core/Src/main.o
 .text.LL_AHB1_GRP1_EnableClock
                0x0800085c       0x30 ./Core/Src/main.o
 .text.LL_APB1_GRP1_EnableClock
                0x0800088c       0x30 ./Core/Src/main.o
 .text.LL_APB2_GRP1_EnableClock
                0x080008bc       0x30 ./Core/Src/main.o
 .text.LL_SYSCFG_SetEXTISource
                0x080008ec       0x6c ./Core/Src/main.o
 .text.LL_FLASH_SetLatency
                0x08000958       0x28 ./Core/Src/main.o
 .text.LL_FLASH_GetLatency
                0x08000980       0x1c ./Core/Src/main.o
 .text.LL_PWR_SetRegulVoltageScaling
                0x0800099c       0x28 ./Core/Src/main.o
 .text.LL_PWR_IsActiveFlag_VOS
                0x080009c4       0x28 ./Core/Src/main.o
 .text.LL_USART_Enable
                0x080009ec       0x20 ./Core/Src/main.o
 .text.LL_USART_ConfigAsyncMode
                0x08000a0c       0x2c ./Core/Src/main.o
 .text.LL_GPIO_SetPinMode
                0x08000a38       0x7a ./Core/Src/main.o
 .text.LL_GPIO_SetPinPull
                0x08000ab2       0x7a ./Core/Src/main.o
 .text.LL_GPIO_ResetOutputPin
                0x08000b2c       0x1e ./Core/Src/main.o
 .text.main     0x08000b4a       0x30 ./Core/Src/main.o
                0x08000b4a                main
 *fill*         0x08000b7a        0x2 
 .text.SystemClock_Config
                0x08000b7c       0xa0 ./Core/Src/main.o
                0x08000b7c                SystemClock_Config
 .text.MX_I2C3_Init
                0x08000c1c       0xd8 ./Core/Src/main.o
 .text.MX_USART2_UART_Init
                0x08000cf4       0xa0 ./Core/Src/main.o
 .text.MX_GPIO_Init
                0x08000d94       0xb0 ./Core/Src/main.o
 .text.NMI_Handler
                0x08000e44        0x8 ./Core/Src/stm32f4xx_it.o
                0x08000e44                NMI_Handler
 .text.HardFault_Handler
                0x08000e4c        0x8 ./Core/Src/stm32f4xx_it.o
                0x08000e4c                HardFault_Handler
 .text.MemManage_Handler
                0x08000e54        0x8 ./Core/Src/stm32f4xx_it.o
                0x08000e54                MemManage_Handler
 .text.BusFault_Handler
                0x08000e5c        0x8 ./Core/Src/stm32f4xx_it.o
                0x08000e5c                BusFault_Handler
 .text.UsageFault_Handler
                0x08000e64        0x8 ./Core/Src/stm32f4xx_it.o
                0x08000e64                UsageFault_Handler
 .text.SVC_Handler
                0x08000e6c        0xe ./Core/Src/stm32f4xx_it.o
                0x08000e6c                SVC_Handler
 .text.DebugMon_Handler
                0x08000e7a        0xe ./Core/Src/stm32f4xx_it.o
                0x08000e7a                DebugMon_Handler
 .text.PendSV_Handler
                0x08000e88        0xe ./Core/Src/stm32f4xx_it.o
                0x08000e88                PendSV_Handler
 .text.SysTick_Handler
                0x08000e96        0xc ./Core/Src/stm32f4xx_it.o
                0x08000e96                SysTick_Handler
 .text._close   0x08000ea2       0x18 ./Core/Src/syscalls.o
                0x08000ea2                _close
 .text._fstat   0x08000eba       0x20 ./Core/Src/syscalls.o
                0x08000eba                _fstat
 .text._isatty  0x08000eda       0x16 ./Core/Src/syscalls.o
                0x08000eda                _isatty
 .text._lseek   0x08000ef0       0x1a ./Core/Src/syscalls.o
                0x08000ef0                _lseek
 *fill*         0x08000f0a        0x2 
 .text._sbrk    0x08000f0c       0x6c ./Core/Src/sysmem.o
                0x08000f0c                _sbrk
 .text.SystemInit
                0x08000f78       0x24 ./Core/Src/system_stm32f4xx.o
                0x08000f78                SystemInit
 .text.Reset_Handler
                0x08000f9c       0x50 ./Core/Startup/startup_stm32f401retx.o
                0x08000f9c                Reset_Handler
 .text.Default_Handler
                0x08000fec        0x2 ./Core/Startup/startup_stm32f401retx.o
                0x08000fec                RTC_Alarm_IRQHandler
                0x08000fec                EXTI2_IRQHandler
                0x08000fec                SPI4_IRQHandler
                0x08000fec                TIM1_CC_IRQHandler
                0x08000fec                DMA2_Stream5_IRQHandler
                0x08000fec                DMA1_Stream5_IRQHandler
                0x08000fec                PVD_IRQHandler
                0x08000fec                SDIO_IRQHandler
                0x08000fec                TAMP_STAMP_IRQHandler
                0x08000fec                EXTI3_IRQHandler
                0x08000fec                TIM1_UP_TIM10_IRQHandler
                0x08000fec                EXTI0_IRQHandler
                0x08000fec                I2C2_EV_IRQHandler
                0x08000fec                DMA1_Stream2_IRQHandler
                0x08000fec                FPU_IRQHandler
                0x08000fec                DMA2_Stream2_IRQHandler
                0x08000fec                SPI1_IRQHandler
                0x08000fec                TIM1_BRK_TIM9_IRQHandler
                0x08000fec                DMA2_Stream3_IRQHandler
                0x08000fec                DMA2_Stream0_IRQHandler
                0x08000fec                TIM4_IRQHandler
                0x08000fec                I2C1_EV_IRQHandler
                0x08000fec                DMA1_Stream6_IRQHandler
                0x08000fec                DMA1_Stream1_IRQHandler
                0x08000fec                TIM3_IRQHandler
                0x08000fec                RCC_IRQHandler
                0x08000fec                Default_Handler
                0x08000fec                EXTI15_10_IRQHandler
                0x08000fec                ADC_IRQHandler
                0x08000fec                DMA1_Stream7_IRQHandler
                0x08000fec                TIM5_IRQHandler
                0x08000fec                DMA2_Stream7_IRQHandler
                0x08000fec                EXTI9_5_IRQHandler
                0x08000fec                RTC_WKUP_IRQHandler
                0x08000fec                SPI2_IRQHandler
                0x08000fec                DMA1_Stream0_IRQHandler
                0x08000fec                EXTI4_IRQHandler
                0x08000fec                WWDG_IRQHandler
                0x08000fec                TIM2_IRQHandler
                0x08000fec                OTG_FS_WKUP_IRQHandler
                0x08000fec                TIM1_TRG_COM_TIM11_IRQHandler
                0x08000fec                EXTI1_IRQHandler
                0x08000fec                I2C2_ER_IRQHandler
                0x08000fec                DMA2_Stream1_IRQHandler
                0x08000fec                FLASH_IRQHandler
                0x08000fec                DMA2_Stream4_IRQHandler
                0x08000fec                OTG_FS_IRQHandler
                0x08000fec                SPI3_IRQHandler
                0x08000fec                DMA1_Stream4_IRQHandler
                0x08000fec                I2C1_ER_IRQHandler
                0x08000fec                DMA2_Stream6_IRQHandler
                0x08000fec                DMA1_Stream3_IRQHandler
 *fill*         0x08000fee        0x2 
 .text.LL_EXTI_EnableIT_0_31
                0x08000ff0       0x24 ./Drivers/STM32F4xx_HAL_Driver/Src/stm32f4xx_ll_exti.o
 .text.LL_EXTI_DisableIT_0_31
                0x08001014       0x28 ./Drivers/STM32F4xx_HAL_Driver/Src/stm32f4xx_ll_exti.o
 .text.LL_EXTI_EnableEvent_0_31
                0x0800103c       0x24 ./Drivers/STM32F4xx_HAL_Driver/Src/stm32f4xx_ll_exti.o
 .text.LL_EXTI_DisableEvent_0_31
                0x08001060       0x28 ./Drivers/STM32F4xx_HAL_Driver/Src/stm32f4xx_ll_exti.o
 .text.LL_EXTI_EnableRisingTrig_0_31
                0x08001088       0x24 ./Drivers/STM32F4xx_HAL_Driver/Src/stm32f4xx_ll_exti.o
 .text.LL_EXTI_DisableRisingTrig_0_31
                0x080010ac       0x28 ./Drivers/STM32F4xx_HAL_Driver/Src/stm32f4xx_ll_exti.o
 .text.LL_EXTI_EnableFallingTrig_0_31
                0x080010d4       0x24 ./Drivers/STM32F4xx_HAL_Driver/Src/stm32f4xx_ll_exti.o
 .text.LL_EXTI_DisableFallingTrig_0_31
                0x080010f8       0x28 ./Drivers/STM32F4xx_HAL_Driver/Src/stm32f4xx_ll_exti.o
 .text.LL_EXTI_Init
                0x08001120       0xfe ./Drivers/STM32F4xx_HAL_Driver/Src/stm32f4xx_ll_exti.o
                0x08001120                LL_EXTI_Init
 .text.LL_GPIO_SetPinMode
                0x0800121e       0x7a ./Drivers/STM32F4xx_HAL_Driver/Src/stm32f4xx_ll_gpio.o
 .text.LL_GPIO_SetPinOutputType
                0x08001298       0x30 ./Drivers/STM32F4xx_HAL_Driver/Src/stm32f4xx_ll_gpio.o
 .text.LL_GPIO_SetPinSpeed
                0x080012c8       0x7a ./Drivers/STM32F4xx_HAL_Driver/Src/stm32f4xx_ll_gpio.o
 .text.LL_GPIO_SetPinPull
                0x08001342       0x7a ./Drivers/STM32F4xx_HAL_Driver/Src/stm32f4xx_ll_gpio.o
 .text.LL_GPIO_SetAFPin_0_7
                0x080013bc       0x7a ./Drivers/STM32F4xx_HAL_Driver/Src/stm32f4xx_ll_gpio.o
 .text.LL_GPIO_SetAFPin_8_15
                0x08001436       0x7e ./Drivers/STM32F4xx_HAL_Driver/Src/stm32f4xx_ll_gpio.o
 .text.LL_GPIO_Init
                0x080014b4      0x102 ./Drivers/STM32F4xx_HAL_Driver/Src/stm32f4xx_ll_gpio.o
                0x080014b4                LL_GPIO_Init
 .text.LL_I2C_Enable
                0x080015b6       0x20 ./Drivers/STM32F4xx_HAL_Driver/Src/stm32f4xx_ll_i2c.o
 .text.LL_I2C_Disable
                0x080015d6       0x20 ./Drivers/STM32F4xx_HAL_Driver/Src/stm32f4xx_ll_i2c.o
 .text.LL_I2C_ConfigFilters
                0x080015f6       0x2c ./Drivers/STM32F4xx_HAL_Driver/Src/stm32f4xx_ll_i2c.o
 .text.LL_I2C_SetOwnAddress1
                0x08001622       0x30 ./Drivers/STM32F4xx_HAL_Driver/Src/stm32f4xx_ll_i2c.o
 *fill*         0x08001652        0x2 
 .text.LL_I2C_ConfigSpeed
                0x08001654      0x130 ./Drivers/STM32F4xx_HAL_Driver/Src/stm32f4xx_ll_i2c.o
 .text.LL_I2C_SetMode
                0x08001784       0x26 ./Drivers/STM32F4xx_HAL_Driver/Src/stm32f4xx_ll_i2c.o
 .text.LL_I2C_AcknowledgeNextData
                0x080017aa       0x26 ./Drivers/STM32F4xx_HAL_Driver/Src/stm32f4xx_ll_i2c.o
 .text.LL_I2C_Init
                0x080017d0       0x72 ./Drivers/STM32F4xx_HAL_Driver/Src/stm32f4xx_ll_i2c.o
                0x080017d0                LL_I2C_Init
 *fill*         0x08001842        0x2 
 .text.LL_RCC_GetSysClkSource
                0x08001844       0x1c ./Drivers/STM32F4xx_HAL_Driver/Src/stm32f4xx_ll_rcc.o
 .text.LL_RCC_GetAHBPrescaler
                0x08001860       0x1c ./Drivers/STM32F4xx_HAL_Driver/Src/stm32f4xx_ll_rcc.o
 .text.LL_RCC_GetAPB1Prescaler
                0x0800187c       0x1c ./Drivers/STM32F4xx_HAL_Driver/Src/stm32f4xx_ll_rcc.o
 .text.LL_RCC_GetAPB2Prescaler
                0x08001898       0x1c ./Drivers/STM32F4xx_HAL_Driver/Src/stm32f4xx_ll_rcc.o
 .text.LL_RCC_PLL_GetMainSource
                0x080018b4       0x1c ./Drivers/STM32F4xx_HAL_Driver/Src/stm32f4xx_ll_rcc.o
 .text.LL_RCC_PLL_GetN
                0x080018d0       0x1c ./Drivers/STM32F4xx_HAL_Driver/Src/stm32f4xx_ll_rcc.o
 .text.LL_RCC_PLL_GetP
                0x080018ec       0x1c ./Drivers/STM32F4xx_HAL_Driver/Src/stm32f4xx_ll_rcc.o
 .text.LL_RCC_PLL_GetDivider
                0x08001908       0x1c ./Drivers/STM32F4xx_HAL_Driver/Src/stm32f4xx_ll_rcc.o
 .text.LL_RCC_GetSystemClocksFreq
                0x08001924       0x4a ./Drivers/STM32F4xx_HAL_Driver/Src/stm32f4xx_ll_rcc.o
                0x08001924                LL_RCC_GetSystemClocksFreq
 *fill*         0x0800196e        0x2 
 .text.RCC_GetSystemClockFreq
                0x08001970       0x50 ./Drivers/STM32F4xx_HAL_Driver/Src/stm32f4xx_ll_rcc.o
                0x08001970                RCC_GetSystemClockFreq
 .text.RCC_GetHCLKClockFreq
                0x080019c0       0x2c ./Drivers/STM32F4xx_HAL_Driver/Src/stm32f4xx_ll_rcc.o
                0x080019c0                RCC_GetHCLKClockFreq
 .text.RCC_GetPCLK1ClockFreq
                0x080019ec       0x28 ./Drivers/STM32F4xx_HAL_Driver/Src/stm32f4xx_ll_rcc.o
                0x080019ec                RCC_GetPCLK1ClockFreq
 .text.RCC_GetPCLK2ClockFreq
                0x08001a14       0x28 ./Drivers/STM32F4xx_HAL_Driver/Src/stm32f4xx_ll_rcc.o
                0x08001a14                RCC_GetPCLK2ClockFreq
 .text.RCC_PLL_GetFreqDomain_SYS
                0x08001a3c       0x7c ./Drivers/STM32F4xx_HAL_Driver/Src/stm32f4xx_ll_rcc.o
                0x08001a3c                RCC_PLL_GetFreqDomain_SYS
 .text.LL_USART_IsEnabled
                0x08001ab8       0x28 ./Drivers/STM32F4xx_HAL_Driver/Src/stm32f4xx_ll_usart.o
 .text.LL_USART_SetStopBitsLength
                0x08001ae0       0x26 ./Drivers/STM32F4xx_HAL_Driver/Src/stm32f4xx_ll_usart.o
 .text.LL_USART_SetHWFlowCtrl
                0x08001b06       0x26 ./Drivers/STM32F4xx_HAL_Driver/Src/stm32f4xx_ll_usart.o
 .text.LL_USART_SetBaudRate
                0x08001b2c      0x45c ./Drivers/STM32F4xx_HAL_Driver/Src/stm32f4xx_ll_usart.o
 .text.LL_USART_Init
                0x08001f88       0xc8 ./Drivers/STM32F4xx_HAL_Driver/Src/stm32f4xx_ll_usart.o
                0x08001f88                LL_USART_Init
 .text.LL_InitTick
                0x08002050       0x34 ./Drivers/STM32F4xx_HAL_Driver/Src/stm32f4xx_ll_utils.o
 .text.LL_Init1msTick
                0x08002084       0x1a ./Drivers/STM32F4xx_HAL_Driver/Src/stm32f4xx_ll_utils.o
                0x08002084                LL_Init1msTick
 *fill*         0x0800209e        0x2 
 .text.LL_SetSystemCoreClock
                0x080020a0       0x20 ./Drivers/STM32F4xx_HAL_Driver/Src/stm32f4xx_ll_utils.o
                0x080020a0                LL_SetSystemCoreClock
 .text.app_main
                0x080020c0      0x770 ./app1/app_main.o
                0x080020c0                app_main
 .text.cmd_main_status
                0x08002830       0xa8 ./app1/app_main.o
 .text.cmd_init
                0x080028d8       0x20 ./modules/cmd/cmd.o
                0x080028d8                cmd_init
 .text.cmd_register
                0x080028f8       0x60 ./modules/cmd/cmd.o
                0x080028f8                cmd_register
 .text.cmd_execute
                0x08002958      0x5d4 ./modules/cmd/cmd.o
                0x08002958                cmd_execute
 .text.cmd_parse_args
                0x08002f2c      0x200 ./modules/cmd/cmd.o
                0x08002f2c                cmd_parse_args
 .text.log_level_str
                0x0800312c       0x30 ./modules/cmd/cmd.o
 .text.log_level_int
                0x0800315c       0x4c ./modules/cmd/cmd.o
 .text.console_get_def_cfg
                0x080031a8       0x2e ./modules/console/console.o
                0x080031a8                console_get_def_cfg
 *fill*         0x080031d6        0x2 
 .text.console_init
                0x080031d8       0x58 ./modules/console/console.o
                0x080031d8                console_init
 .text.console_run
                0x08003230      0x150 ./modules/console/console.o
                0x08003230                console_run
 .text.printc   0x08003380       0xac ./modules/console/console.o
                0x08003380                printc
 .text.vprintc  0x0800342c       0xb4 ./modules/console/console.o
                0x0800342c                vprintc
 .text.LL_AHB1_GRP1_IsEnabledClock
                0x080034e0       0x2c ./modules/dio/dio.o
 .text.LL_GPIO_SetPinMode
                0x0800350c       0x7a ./modules/dio/dio.o
 .text.LL_GPIO_GetPinMode
                0x08003586       0x6e ./modules/dio/dio.o
 .text.LL_GPIO_SetPinOutputType
                0x080035f4       0x30 ./modules/dio/dio.o
 .text.LL_GPIO_GetPinOutputType
                0x08003624       0x42 ./modules/dio/dio.o
 .text.LL_GPIO_SetPinSpeed
                0x08003666       0x7a ./modules/dio/dio.o
 .text.LL_GPIO_GetPinSpeed
                0x080036e0       0x6e ./modules/dio/dio.o
 .text.LL_GPIO_SetPinPull
                0x0800374e       0x7a ./modules/dio/dio.o
 .text.LL_GPIO_GetPinPull
                0x080037c8       0x6e ./modules/dio/dio.o
 .text.LL_GPIO_GetAFPin_0_7
                0x08003836       0x6e ./modules/dio/dio.o
 .text.LL_GPIO_GetAFPin_8_15
                0x080038a4       0x72 ./modules/dio/dio.o
 .text.LL_GPIO_IsInputPinSet
                0x08003916       0x2a ./modules/dio/dio.o
 .text.LL_GPIO_IsOutputPinSet
                0x08003940       0x2a ./modules/dio/dio.o
 .text.LL_GPIO_SetOutputPin
                0x0800396a       0x1c ./modules/dio/dio.o
 .text.LL_GPIO_ResetOutputPin
                0x08003986       0x1e ./modules/dio/dio.o
 .text.dio_init
                0x080039a4       0xdc ./modules/dio/dio.o
                0x080039a4                dio_init
 .text.dio_start
                0x08003a80       0x4c ./modules/dio/dio.o
                0x08003a80                dio_start
 .text.dio_get  0x08003acc       0x6c ./modules/dio/dio.o
                0x08003acc                dio_get
 .text.dio_get_out
                0x08003b38       0x6c ./modules/dio/dio.o
                0x08003b38                dio_get_out
 .text.dio_set  0x08003ba4       0xa4 ./modules/dio/dio.o
                0x08003ba4                dio_set
 .text.cmd_dio_status
                0x08003c48      0x280 ./modules/dio/dio.o
 .text.cmd_dio_get
                0x08003ec8      0x13c ./modules/dio/dio.o
 .text.cmd_dio_set
                0x08004004      0x120 ./modules/dio/dio.o
 .text.gpio_pin_mode_to_str
                0x08004124       0x64 ./modules/dio/dio.o
 .text.gpio_output_type_to_str
                0x08004188       0x40 ./modules/dio/dio.o
 .text.gpio_pin_speed_to_str
                0x080041c8       0x64 ./modules/dio/dio.o
 .text.gpio_pull_up_to_str
                0x0800422c       0x58 ./modules/dio/dio.o
 .text.gps_start
                0x08004284       0xa0 ./modules/gps_gtu7/gps_gtu7.o
                0x08004284                gps_start
 .text.cmd_gps_status
                0x08004324       0xb4 ./modules/gps_gtu7/gps_gtu7.o
 .text.cmd_gps_map
                0x080043d8       0xb0 ./modules/gps_gtu7/gps_gtu7.o
 .text.sat_idx_to_char
                0x08004488       0x2c ./modules/gps_gtu7/gps_gtu7.o
 .text.cleanup_tmr_cb
                0x080044b4       0xac ./modules/gps_gtu7/gps_gtu7.o
 .text.__NVIC_GetPriorityGrouping
                0x08004560       0x1c ./modules/i2c/i2c.o
 .text.__NVIC_EnableIRQ
                0x0800457c       0x3c ./modules/i2c/i2c.o
 .text.__NVIC_DisableIRQ
                0x080045b8       0x48 ./modules/i2c/i2c.o
 .text.__NVIC_SetPriority
                0x08004600       0x54 ./modules/i2c/i2c.o
 .text.NVIC_EncodePriority
                0x08004654       0x66 ./modules/i2c/i2c.o
 .text.LL_I2C_Enable
                0x080046ba       0x20 ./modules/i2c/i2c.o
 .text.LL_I2C_Disable
                0x080046da       0x20 ./modules/i2c/i2c.o
 .text.LL_I2C_DisableIT_BUF
                0x080046fa       0x20 ./modules/i2c/i2c.o
 .text.LL_I2C_EnableIT_ERR
                0x0800471a       0x20 ./modules/i2c/i2c.o
 .text.LL_I2C_IsActiveFlag_BUSY
                0x0800473a       0x26 ./modules/i2c/i2c.o
 .text.LL_I2C_AcknowledgeNextData
                0x08004760       0x26 ./modules/i2c/i2c.o
 .text.LL_I2C_GenerateStartCondition
                0x08004786       0x20 ./modules/i2c/i2c.o
 .text.LL_I2C_GenerateStopCondition
                0x080047a6       0x20 ./modules/i2c/i2c.o
 .text.LL_I2C_EnableBitPOS
                0x080047c6       0x20 ./modules/i2c/i2c.o
 .text.LL_I2C_DisableBitPOS
                0x080047e6       0x20 ./modules/i2c/i2c.o
 .text.i2c_get_def_cfg
                0x08004806       0x20 ./modules/i2c/i2c.o
                0x08004806                i2c_get_def_cfg
 *fill*         0x08004826        0x2 
 .text.i2c_init
                0x08004828       0x68 ./modules/i2c/i2c.o
                0x08004828                i2c_init
 .text.i2c_start
                0x08004890      0x120 ./modules/i2c/i2c.o
                0x08004890                i2c_start
 .text.i2c_reserve
                0x080049b0       0x80 ./modules/i2c/i2c.o
                0x080049b0                i2c_reserve
 .text.i2c_release
                0x08004a30       0x48 ./modules/i2c/i2c.o
                0x08004a30                i2c_release
 .text.i2c_write
                0x08004a78       0x2a ./modules/i2c/i2c.o
                0x08004a78                i2c_write
 .text.i2c_read
                0x08004aa2       0x2a ./modules/i2c/i2c.o
                0x08004aa2                i2c_read
 .text.i2c_get_error
                0x08004acc       0x40 ./modules/i2c/i2c.o
                0x08004acc                i2c_get_error
 .text.i2c_get_op_status
                0x08004b0c       0x6c ./modules/i2c/i2c.o
                0x08004b0c                i2c_get_op_status
 .text.i2c_bus_busy
                0x08004b78       0x48 ./modules/i2c/i2c.o
                0x08004b78                i2c_bus_busy
 .text.I2C3_EV_IRQHandler
                0x08004bc0       0x12 ./modules/i2c/i2c.o
                0x08004bc0                I2C3_EV_IRQHandler
 .text.I2C3_ER_IRQHandler
                0x08004bd2       0x12 ./modules/i2c/i2c.o
                0x08004bd2                I2C3_ER_IRQHandler
 .text.start_op
                0x08004be4      0x13c ./modules/i2c/i2c.o
 .text.i2c_interrupt
                0x08004d20      0x298 ./modules/i2c/i2c.o
 .text.tmr_callback
                0x08004fb8       0x6c ./modules/i2c/i2c.o
 .text.handle_receive_addr
                0x08005024       0xa0 ./modules/i2c/i2c.o
 .text.handle_receive_rxne
                0x080050c4       0xa4 ./modules/i2c/i2c.o
 .text.handle_receive_btf
                0x08005168       0xf4 ./modules/i2c/i2c.o
 .text.op_stop_success
                0x0800525c       0x78 ./modules/i2c/i2c.o
 .text.op_stop_fail
                0x080052d4       0xc8 ./modules/i2c/i2c.o
 .text.cmd_i2c_status
                0x0800539c       0x84 ./modules/i2c/i2c.o
 .text.cmd_i2c_test
                0x08005420      0x2e0 ./modules/i2c/i2c.o
 .text.log_toggle_active
                0x08005700       0x20 ./modules/log/log.o
                0x08005700                log_toggle_active
 .text.log_is_active
                0x08005720       0x18 ./modules/log/log.o
                0x08005720                log_is_active
 .text.log_printf
                0x08005738       0x58 ./modules/log/log.o
                0x08005738                log_printf
 .text.mem_start
                0x08005790       0x68 ./modules/mem/mem.o
                0x08005790                mem_start
 .text.cmd_mem_read
                0x080057f8      0x13c ./modules/mem/mem.o
 .text.cmd_mem_write
                0x08005934       0xd4 ./modules/mem/mem.o
 .text.stat_dur_init
                0x08005a08       0x28 ./modules/stat/stat.o
                0x08005a08                stat_dur_init
 .text.stat_dur_restart
                0x08005a30       0x8a ./modules/stat/stat.o
                0x08005a30                stat_dur_restart
 .text.stat_dur_avg_us
                0x08005aba       0x98 ./modules/stat/stat.o
                0x08005aba                stat_dur_avg_us
 .text.tmphm_get_def_cfg
                0x08005b52       0x40 ./modules/tmphm/tmphm.o
                0x08005b52                tmphm_get_def_cfg
 *fill*         0x08005b92        0x2 
 .text.tmphm_init
                0x08005b94       0x40 ./modules/tmphm/tmphm.o
                0x08005b94                tmphm_init
 .text.tmphm_start
                0x08005bd4       0x98 ./modules/tmphm/tmphm.o
                0x08005bd4                tmphm_start
 .text.tmphm_run
                0x08005c6c      0x324 ./modules/tmphm/tmphm.o
                0x08005c6c                tmphm_run
 .text.tmphm_get_last_meas
                0x08005f90       0x7c ./modules/tmphm/tmphm.o
                0x08005f90                tmphm_get_last_meas
 .text.tmr_callback
                0x0800600c       0x94 ./modules/tmphm/tmphm.o
 .text.cmd_tmphm_status
                0x080060a0       0xac ./modules/tmphm/tmphm.o
 .text.cmd_tmphm_test
                0x0800614c      0x244 ./modules/tmphm/tmphm.o
 .text.crc8     0x08006390       0x74 ./modules/tmphm/tmphm.o
 .text.LL_SYSTICK_EnableIT
                0x08006404       0x20 ./modules/tmr/tmr.o
 .text.tmr_init
                0x08006424       0x48 ./modules/tmr/tmr.o
                0x08006424                tmr_init
 .text.tmr_start
                0x0800646c       0x68 ./modules/tmr/tmr.o
                0x0800646c                tmr_start
 .text.tmr_run  0x080064d4       0xac ./modules/tmr/tmr.o
                0x080064d4                tmr_run
 .text.tmr_get_ms
                0x08006580       0x18 ./modules/tmr/tmr.o
                0x08006580                tmr_get_ms
 .text.tmr_inst_get
                0x08006598       0x98 ./modules/tmr/tmr.o
                0x08006598                tmr_inst_get
 .text.tmr_inst_get_cb
                0x08006630       0x44 ./modules/tmr/tmr.o
                0x08006630                tmr_inst_get_cb
 .text.tmr_inst_start
                0x08006674       0x74 ./modules/tmr/tmr.o
                0x08006674                tmr_inst_start
 .text.tmr_inst_release
                0x080066e8       0x40 ./modules/tmr/tmr.o
                0x080066e8                tmr_inst_release
 .text.tmr_SysTick_Handler
                0x08006728       0x1c ./modules/tmr/tmr.o
                0x08006728                tmr_SysTick_Handler
 .text.tmr_state_str
                0x08006744       0x68 ./modules/tmr/tmr.o
 .text.cmd_tmr_status
                0x080067ac       0xe4 ./modules/tmr/tmr.o
 .text.cmd_tmr_test
                0x08006890      0x178 ./modules/tmr/tmr.o
 .text.test_cb_func
                0x08006a08       0x44 ./modules/tmr/tmr.o
 .text.__NVIC_GetPriorityGrouping
                0x08006a4c       0x1c ./modules/ttys/ttys.o
 .text.__NVIC_EnableIRQ
                0x08006a68       0x3c ./modules/ttys/ttys.o
 .text.__NVIC_DisableIRQ
                0x08006aa4       0x48 ./modules/ttys/ttys.o
 .text.__NVIC_SetPriority
                0x08006aec       0x54 ./modules/ttys/ttys.o
 .text.NVIC_EncodePriority
                0x08006b40       0x66 ./modules/ttys/ttys.o
 .text.LL_USART_EnableIT_RXNE
                0x08006ba6       0x46 ./modules/ttys/ttys.o
 .text.LL_USART_EnableIT_TXE
                0x08006bec       0x46 ./modules/ttys/ttys.o
 .text.LL_USART_DisableIT_TXE
                0x08006c32       0x46 ./modules/ttys/ttys.o
 .text.ttys_get_def_cfg
                0x08006c78       0x38 ./modules/ttys/ttys.o
                0x08006c78                ttys_get_def_cfg
 .text.ttys_init
                0x08006cb0      0x104 ./modules/ttys/ttys.o
                0x08006cb0                ttys_init
 .text.ttys_start
                0x08006db4       0xf0 ./modules/ttys/ttys.o
                0x08006db4                ttys_start
 .text.ttys_putc
                0x08006ea4       0xe8 ./modules/ttys/ttys.o
                0x08006ea4                ttys_putc
 .text.ttys_getc
                0x08006f8c       0xa4 ./modules/ttys/ttys.o
                0x08006f8c                ttys_getc
 .text.ttys_get_fd
                0x08007030       0x54 ./modules/ttys/ttys.o
                0x08007030                ttys_get_fd
 .text.ttys_get_stream
                0x08007084       0x38 ./modules/ttys/ttys.o
                0x08007084                ttys_get_stream
 .text.USART1_IRQHandler
                0x080070bc       0x10 ./modules/ttys/ttys.o
                0x080070bc                USART1_IRQHandler
 .text.USART2_IRQHandler
                0x080070cc       0x10 ./modules/ttys/ttys.o
                0x080070cc                USART2_IRQHandler
 .text.USART6_IRQHandler
                0x080070dc       0x10 ./modules/ttys/ttys.o
                0x080070dc                USART6_IRQHandler
 .text.ttys_interrupt
                0x080070ec      0x1dc ./modules/ttys/ttys.o
 .text.cmd_ttys_status
                0x080072c8       0x88 ./modules/ttys/ttys.o
 .text.cmd_ttys_test
                0x08007350      0x298 ./modules/ttys/ttys.o
 .text.fd_to_instance
                0x080075e8       0x44 ./modules/ttys/ttys.o
 .text._write   0x0800762c       0x8c ./modules/ttys/ttys.o
                0x0800762c                _write
 .text._read    0x080076b8       0xa4 ./modules/ttys/ttys.o
                0x080076b8                _read
 .text._strtol_l.constprop.0
                0x0800775c       0xf4 C:/ST/STM32CubeIDE_1.17.0/STM32CubeIDE/plugins/com.st.stm32cube.ide.mcu.externaltools.gnu-tools-for-stm32.12.3.rel1.win32_1.1.0.202410251130/tools/bin/../lib/gcc/arm-none-eabi/12.3.1/../../../../arm-none-eabi/lib/thumb/v7e-m+fp/hard\libc_nano.a(libc_a-strtol.o)
 .text.strtol   0x08007850       0x14 C:/ST/STM32CubeIDE_1.17.0/STM32CubeIDE/plugins/com.st.stm32cube.ide.mcu.externaltools.gnu-tools-for-stm32.12.3.rel1.win32_1.1.0.202410251130/tools/bin/../lib/gcc/arm-none-eabi/12.3.1/../../../../arm-none-eabi/lib/thumb/v7e-m+fp/hard\libc_nano.a(libc_a-strtol.o)
                0x08007850                strtol
 .text._strtoul_l.constprop.0
                0x08007864       0xdc C:/ST/STM32CubeIDE_1.17.0/STM32CubeIDE/plugins/com.st.stm32cube.ide.mcu.externaltools.gnu-tools-for-stm32.12.3.rel1.win32_1.1.0.202410251130/tools/bin/../lib/gcc/arm-none-eabi/12.3.1/../../../../arm-none-eabi/lib/thumb/v7e-m+fp/hard\libc_nano.a(libc_a-strtoul.o)
 .text.strtoul  0x08007940       0x14 C:/ST/STM32CubeIDE_1.17.0/STM32CubeIDE/plugins/com.st.stm32cube.ide.mcu.externaltools.gnu-tools-for-stm32.12.3.rel1.win32_1.1.0.202410251130/tools/bin/../lib/gcc/arm-none-eabi/12.3.1/../../../../arm-none-eabi/lib/thumb/v7e-m+fp/hard\libc_nano.a(libc_a-strtoul.o)
                0x08007940                strtoul
 .text._fdopen_r
                0x08007954       0x74 C:/ST/STM32CubeIDE_1.17.0/STM32CubeIDE/plugins/com.st.stm32cube.ide.mcu.externaltools.gnu-tools-for-stm32.12.3.rel1.win32_1.1.0.202410251130/tools/bin/../lib/gcc/arm-none-eabi/12.3.1/../../../../arm-none-eabi/lib/thumb/v7e-m+fp/hard\libc_nano.a(libc_a-fdopen.o)
                0x08007954                _fdopen_r
 .text.fdopen   0x080079c8       0x10 C:/ST/STM32CubeIDE_1.17.0/STM32CubeIDE/plugins/com.st.stm32cube.ide.mcu.externaltools.gnu-tools-for-stm32.12.3.rel1.win32_1.1.0.202410251130/tools/bin/../lib/gcc/arm-none-eabi/12.3.1/../../../../arm-none-eabi/lib/thumb/v7e-m+fp/hard\libc_nano.a(libc_a-fdopen.o)
                0x080079c8                fdopen
 .text.__sflush_r
                0x080079d8      0x108 C:/ST/STM32CubeIDE_1.17.0/STM32CubeIDE/plugins/com.st.stm32cube.ide.mcu.externaltools.gnu-tools-for-stm32.12.3.rel1.win32_1.1.0.202410251130/tools/bin/../lib/gcc/arm-none-eabi/12.3.1/../../../../arm-none-eabi/lib/thumb/v7e-m+fp/hard\libc_nano.a(libc_a-fflush.o)
                0x080079d8                __sflush_r
 .text._fflush_r
                0x08007ae0       0x50 C:/ST/STM32CubeIDE_1.17.0/STM32CubeIDE/plugins/com.st.stm32cube.ide.mcu.externaltools.gnu-tools-for-stm32.12.3.rel1.win32_1.1.0.202410251130/tools/bin/../lib/gcc/arm-none-eabi/12.3.1/../../../../arm-none-eabi/lib/thumb/v7e-m+fp/hard\libc_nano.a(libc_a-fflush.o)
                0x08007ae0                _fflush_r
 .text.fflush   0x08007b30       0x28 C:/ST/STM32CubeIDE_1.17.0/STM32CubeIDE/plugins/com.st.stm32cube.ide.mcu.externaltools.gnu-tools-for-stm32.12.3.rel1.win32_1.1.0.202410251130/tools/bin/../lib/gcc/arm-none-eabi/12.3.1/../../../../arm-none-eabi/lib/thumb/v7e-m+fp/hard\libc_nano.a(libc_a-fflush.o)
                0x08007b30                fflush
 .text._fgetc_r
                0x08007b58       0x56 C:/ST/STM32CubeIDE_1.17.0/STM32CubeIDE/plugins/com.st.stm32cube.ide.mcu.externaltools.gnu-tools-for-stm32.12.3.rel1.win32_1.1.0.202410251130/tools/bin/../lib/gcc/arm-none-eabi/12.3.1/../../../../arm-none-eabi/lib/thumb/v7e-m+fp/hard\libc_nano.a(libc_a-fgetc.o)
                0x08007b58                _fgetc_r
 *fill*         0x08007bae        0x2 
 .text.fgetc    0x08007bb0       0x10 C:/ST/STM32CubeIDE_1.17.0/STM32CubeIDE/plugins/com.st.stm32cube.ide.mcu.externaltools.gnu-tools-for-stm32.12.3.rel1.win32_1.1.0.202410251130/tools/bin/../lib/gcc/arm-none-eabi/12.3.1/../../../../arm-none-eabi/lib/thumb/v7e-m+fp/hard\libc_nano.a(libc_a-fgetc.o)
                0x08007bb0                fgetc
 .text.std      0x08007bc0       0x6c C:/ST/STM32CubeIDE_1.17.0/STM32CubeIDE/plugins/com.st.stm32cube.ide.mcu.externaltools.gnu-tools-for-stm32.12.3.rel1.win32_1.1.0.202410251130/tools/bin/../lib/gcc/arm-none-eabi/12.3.1/../../../../arm-none-eabi/lib/thumb/v7e-m+fp/hard\libc_nano.a(libc_a-findfp.o)
 .text.stdio_exit_handler
                0x08007c2c       0x18 C:/ST/STM32CubeIDE_1.17.0/STM32CubeIDE/plugins/com.st.stm32cube.ide.mcu.externaltools.gnu-tools-for-stm32.12.3.rel1.win32_1.1.0.202410251130/tools/bin/../lib/gcc/arm-none-eabi/12.3.1/../../../../arm-none-eabi/lib/thumb/v7e-m+fp/hard\libc_nano.a(libc_a-findfp.o)
 .text.cleanup_stdio
                0x08007c44       0x40 C:/ST/STM32CubeIDE_1.17.0/STM32CubeIDE/plugins/com.st.stm32cube.ide.mcu.externaltools.gnu-tools-for-stm32.12.3.rel1.win32_1.1.0.202410251130/tools/bin/../lib/gcc/arm-none-eabi/12.3.1/../../../../arm-none-eabi/lib/thumb/v7e-m+fp/hard\libc_nano.a(libc_a-findfp.o)
 .text.global_stdio_init.part.0
                0x08007c84       0x3c C:/ST/STM32CubeIDE_1.17.0/STM32CubeIDE/plugins/com.st.stm32cube.ide.mcu.externaltools.gnu-tools-for-stm32.12.3.rel1.win32_1.1.0.202410251130/tools/bin/../lib/gcc/arm-none-eabi/12.3.1/../../../../arm-none-eabi/lib/thumb/v7e-m+fp/hard\libc_nano.a(libc_a-findfp.o)
 .text.__sfp_lock_acquire
                0x08007cc0        0xc C:/ST/STM32CubeIDE_1.17.0/STM32CubeIDE/plugins/com.st.stm32cube.ide.mcu.externaltools.gnu-tools-for-stm32.12.3.rel1.win32_1.1.0.202410251130/tools/bin/../lib/gcc/arm-none-eabi/12.3.1/../../../../arm-none-eabi/lib/thumb/v7e-m+fp/hard\libc_nano.a(libc_a-findfp.o)
                0x08007cc0                __sfp_lock_acquire
 .text.__sfp_lock_release
                0x08007ccc        0xc C:/ST/STM32CubeIDE_1.17.0/STM32CubeIDE/plugins/com.st.stm32cube.ide.mcu.externaltools.gnu-tools-for-stm32.12.3.rel1.win32_1.1.0.202410251130/tools/bin/../lib/gcc/arm-none-eabi/12.3.1/../../../../arm-none-eabi/lib/thumb/v7e-m+fp/hard\libc_nano.a(libc_a-findfp.o)
                0x08007ccc                __sfp_lock_release
 .text.__sfp    0x08007cd8       0xa4 C:/ST/STM32CubeIDE_1.17.0/STM32CubeIDE/plugins/com.st.stm32cube.ide.mcu.externaltools.gnu-tools-for-stm32.12.3.rel1.win32_1.1.0.202410251130/tools/bin/../lib/gcc/arm-none-eabi/12.3.1/../../../../arm-none-eabi/lib/thumb/v7e-m+fp/hard\libc_nano.a(libc_a-findfp.o)
                0x08007cd8                __sfp
 .text.__sinit  0x08007d7c       0x30 C:/ST/STM32CubeIDE_1.17.0/STM32CubeIDE/plugins/com.st.stm32cube.ide.mcu.externaltools.gnu-tools-for-stm32.12.3.rel1.win32_1.1.0.202410251130/tools/bin/../lib/gcc/arm-none-eabi/12.3.1/../../../../arm-none-eabi/lib/thumb/v7e-m+fp/hard\libc_nano.a(libc_a-findfp.o)
                0x08007d7c                __sinit
 .text.__sflags
                0x08007dac       0x6c C:/ST/STM32CubeIDE_1.17.0/STM32CubeIDE/plugins/com.st.stm32cube.ide.mcu.externaltools.gnu-tools-for-stm32.12.3.rel1.win32_1.1.0.202410251130/tools/bin/../lib/gcc/arm-none-eabi/12.3.1/../../../../arm-none-eabi/lib/thumb/v7e-m+fp/hard\libc_nano.a(libc_a-flags.o)
                0x08007dac                __sflags
 .text.fprintf  0x08007e18       0x24 C:/ST/STM32CubeIDE_1.17.0/STM32CubeIDE/plugins/com.st.stm32cube.ide.mcu.externaltools.gnu-tools-for-stm32.12.3.rel1.win32_1.1.0.202410251130/tools/bin/../lib/gcc/arm-none-eabi/12.3.1/../../../../arm-none-eabi/lib/thumb/v7e-m+fp/hard\libc_nano.a(libc_a-fprintf.o)
                0x08007e18                fiprintf
                0x08007e18                fprintf
 .text._fwalk_sglue
                0x08007e3c       0x3c C:/ST/STM32CubeIDE_1.17.0/STM32CubeIDE/plugins/com.st.stm32cube.ide.mcu.externaltools.gnu-tools-for-stm32.12.3.rel1.win32_1.1.0.202410251130/tools/bin/../lib/gcc/arm-none-eabi/12.3.1/../../../../arm-none-eabi/lib/thumb/v7e-m+fp/hard\libc_nano.a(libc_a-fwalk.o)
                0x08007e3c                _fwalk_sglue
 .text.printf   0x08007e78       0x24 C:/ST/STM32CubeIDE_1.17.0/STM32CubeIDE/plugins/com.st.stm32cube.ide.mcu.externaltools.gnu-tools-for-stm32.12.3.rel1.win32_1.1.0.202410251130/tools/bin/../lib/gcc/arm-none-eabi/12.3.1/../../../../arm-none-eabi/lib/thumb/v7e-m+fp/hard\libc_nano.a(libc_a-printf.o)
                0x08007e78                iprintf
                0x08007e78                printf
 .text.__srget_r
                0x08007e9c       0x30 C:/ST/STM32CubeIDE_1.17.0/STM32CubeIDE/plugins/com.st.stm32cube.ide.mcu.externaltools.gnu-tools-for-stm32.12.3.rel1.win32_1.1.0.202410251130/tools/bin/../lib/gcc/arm-none-eabi/12.3.1/../../../../arm-none-eabi/lib/thumb/v7e-m+fp/hard\libc_nano.a(libc_a-rget.o)
                0x08007e9c                __srget_r
 .text.setvbuf  0x08007ecc      0x168 C:/ST/STM32CubeIDE_1.17.0/STM32CubeIDE/plugins/com.st.stm32cube.ide.mcu.externaltools.gnu-tools-for-stm32.12.3.rel1.win32_1.1.0.202410251130/tools/bin/../lib/gcc/arm-none-eabi/12.3.1/../../../../arm-none-eabi/lib/thumb/v7e-m+fp/hard\libc_nano.a(libc_a-setvbuf.o)
                0x08007ecc                setvbuf
 .text.__sread  0x08008034       0x22 C:/ST/STM32CubeIDE_1.17.0/STM32CubeIDE/plugins/com.st.stm32cube.ide.mcu.externaltools.gnu-tools-for-stm32.12.3.rel1.win32_1.1.0.202410251130/tools/bin/../lib/gcc/arm-none-eabi/12.3.1/../../../../arm-none-eabi/lib/thumb/v7e-m+fp/hard\libc_nano.a(libc_a-stdio.o)
                0x08008034                __sread
 .text.__swrite
                0x08008056       0x38 C:/ST/STM32CubeIDE_1.17.0/STM32CubeIDE/plugins/com.st.stm32cube.ide.mcu.externaltools.gnu-tools-for-stm32.12.3.rel1.win32_1.1.0.202410251130/tools/bin/../lib/gcc/arm-none-eabi/12.3.1/../../../../arm-none-eabi/lib/thumb/v7e-m+fp/hard\libc_nano.a(libc_a-stdio.o)
                0x08008056                __swrite
 .text.__sseek  0x0800808e       0x24 C:/ST/STM32CubeIDE_1.17.0/STM32CubeIDE/plugins/com.st.stm32cube.ide.mcu.externaltools.gnu-tools-for-stm32.12.3.rel1.win32_1.1.0.202410251130/tools/bin/../lib/gcc/arm-none-eabi/12.3.1/../../../../arm-none-eabi/lib/thumb/v7e-m+fp/hard\libc_nano.a(libc_a-stdio.o)
                0x0800808e                __sseek
 .text.__sclose
                0x080080b2        0x8 C:/ST/STM32CubeIDE_1.17.0/STM32CubeIDE/plugins/com.st.stm32cube.ide.mcu.externaltools.gnu-tools-for-stm32.12.3.rel1.win32_1.1.0.202410251130/tools/bin/../lib/gcc/arm-none-eabi/12.3.1/../../../../arm-none-eabi/lib/thumb/v7e-m+fp/hard\libc_nano.a(libc_a-stdio.o)
                0x080080b2                __sclose
 .text._vsnprintf_r
                0x080080ba       0x56 C:/ST/STM32CubeIDE_1.17.0/STM32CubeIDE/plugins/com.st.stm32cube.ide.mcu.externaltools.gnu-tools-for-stm32.12.3.rel1.win32_1.1.0.202410251130/tools/bin/../lib/gcc/arm-none-eabi/12.3.1/../../../../arm-none-eabi/lib/thumb/v7e-m+fp/hard\libc_nano.a(libc_a-vsnprintf.o)
                0x080080ba                _vsniprintf_r
                0x080080ba                _vsnprintf_r
 .text.vsnprintf
                0x08008110       0x1c C:/ST/STM32CubeIDE_1.17.0/STM32CubeIDE/plugins/com.st.stm32cube.ide.mcu.externaltools.gnu-tools-for-stm32.12.3.rel1.win32_1.1.0.202410251130/tools/bin/../lib/gcc/arm-none-eabi/12.3.1/../../../../arm-none-eabi/lib/thumb/v7e-m+fp/hard\libc_nano.a(libc_a-vsnprintf.o)
                0x08008110                vsniprintf
                0x08008110                vsnprintf
 .text.memset   0x0800812c       0x10 C:/ST/STM32CubeIDE_1.17.0/STM32CubeIDE/plugins/com.st.stm32cube.ide.mcu.externaltools.gnu-tools-for-stm32.12.3.rel1.win32_1.1.0.202410251130/tools/bin/../lib/gcc/arm-none-eabi/12.3.1/../../../../arm-none-eabi/lib/thumb/v7e-m+fp/hard\libc_nano.a(libc_a-memset.o)
                0x0800812c                memset
 .text.strcasecmp
                0x0800813c       0x34 C:/ST/STM32CubeIDE_1.17.0/STM32CubeIDE/plugins/com.st.stm32cube.ide.mcu.externaltools.gnu-tools-for-stm32.12.3.rel1.win32_1.1.0.202410251130/tools/bin/../lib/gcc/arm-none-eabi/12.3.1/../../../../arm-none-eabi/lib/thumb/v7e-m+fp/hard\libc_nano.a(libc_a-strcasecmp.o)
                0x0800813c                strcasecmp
 .text._close_r
                0x08008170       0x20 C:/ST/STM32CubeIDE_1.17.0/STM32CubeIDE/plugins/com.st.stm32cube.ide.mcu.externaltools.gnu-tools-for-stm32.12.3.rel1.win32_1.1.0.202410251130/tools/bin/../lib/gcc/arm-none-eabi/12.3.1/../../../../arm-none-eabi/lib/thumb/v7e-m+fp/hard\libc_nano.a(libc_a-closer.o)
                0x08008170                _close_r
 .text._lseek_r
                0x08008190       0x24 C:/ST/STM32CubeIDE_1.17.0/STM32CubeIDE/plugins/com.st.stm32cube.ide.mcu.externaltools.gnu-tools-for-stm32.12.3.rel1.win32_1.1.0.202410251130/tools/bin/../lib/gcc/arm-none-eabi/12.3.1/../../../../arm-none-eabi/lib/thumb/v7e-m+fp/hard\libc_nano.a(libc_a-lseekr.o)
                0x08008190                _lseek_r
 .text._read_r  0x080081b4       0x24 C:/ST/STM32CubeIDE_1.17.0/STM32CubeIDE/plugins/com.st.stm32cube.ide.mcu.externaltools.gnu-tools-for-stm32.12.3.rel1.win32_1.1.0.202410251130/tools/bin/../lib/gcc/arm-none-eabi/12.3.1/../../../../arm-none-eabi/lib/thumb/v7e-m+fp/hard\libc_nano.a(libc_a-readr.o)
                0x080081b4                _read_r
 .text._write_r
                0x080081d8       0x24 C:/ST/STM32CubeIDE_1.17.0/STM32CubeIDE/plugins/com.st.stm32cube.ide.mcu.externaltools.gnu-tools-for-stm32.12.3.rel1.win32_1.1.0.202410251130/tools/bin/../lib/gcc/arm-none-eabi/12.3.1/../../../../arm-none-eabi/lib/thumb/v7e-m+fp/hard\libc_nano.a(libc_a-writer.o)
                0x080081d8                _write_r
 .text.__errno  0x080081fc        0xc C:/ST/STM32CubeIDE_1.17.0/STM32CubeIDE/plugins/com.st.stm32cube.ide.mcu.externaltools.gnu-tools-for-stm32.12.3.rel1.win32_1.1.0.202410251130/tools/bin/../lib/gcc/arm-none-eabi/12.3.1/../../../../arm-none-eabi/lib/thumb/v7e-m+fp/hard\libc_nano.a(libc_a-errno.o)
                0x080081fc                __errno
 .text.__libc_init_array
                0x08008208       0x48 C:/ST/STM32CubeIDE_1.17.0/STM32CubeIDE/plugins/com.st.stm32cube.ide.mcu.externaltools.gnu-tools-for-stm32.12.3.rel1.win32_1.1.0.202410251130/tools/bin/../lib/gcc/arm-none-eabi/12.3.1/../../../../arm-none-eabi/lib/thumb/v7e-m+fp/hard\libc_nano.a(libc_a-init.o)
                0x08008208                __libc_init_array
 .text.__retarget_lock_init_recursive
                0x08008250        0x2 C:/ST/STM32CubeIDE_1.17.0/STM32CubeIDE/plugins/com.st.stm32cube.ide.mcu.externaltools.gnu-tools-for-stm32.12.3.rel1.win32_1.1.0.202410251130/tools/bin/../lib/gcc/arm-none-eabi/12.3.1/../../../../arm-none-eabi/lib/thumb/v7e-m+fp/hard\libc_nano.a(libc_a-lock.o)
                0x08008250                __retarget_lock_init_recursive
 .text.__retarget_lock_acquire_recursive
                0x08008252        0x2 C:/ST/STM32CubeIDE_1.17.0/STM32CubeIDE/plugins/com.st.stm32cube.ide.mcu.externaltools.gnu-tools-for-stm32.12.3.rel1.win32_1.1.0.202410251130/tools/bin/../lib/gcc/arm-none-eabi/12.3.1/../../../../arm-none-eabi/lib/thumb/v7e-m+fp/hard\libc_nano.a(libc_a-lock.o)
                0x08008252                __retarget_lock_acquire_recursive
 .text.__retarget_lock_release_recursive
                0x08008254        0x2 C:/ST/STM32CubeIDE_1.17.0/STM32CubeIDE/plugins/com.st.stm32cube.ide.mcu.externaltools.gnu-tools-for-stm32.12.3.rel1.win32_1.1.0.202410251130/tools/bin/../lib/gcc/arm-none-eabi/12.3.1/../../../../arm-none-eabi/lib/thumb/v7e-m+fp/hard\libc_nano.a(libc_a-lock.o)
                0x08008254                __retarget_lock_release_recursive
 *fill*         0x08008256        0x2 
 .text.read     0x08008258       0x14 C:/ST/STM32CubeIDE_1.17.0/STM32CubeIDE/plugins/com.st.stm32cube.ide.mcu.externaltools.gnu-tools-for-stm32.12.3.rel1.win32_1.1.0.202410251130/tools/bin/../lib/gcc/arm-none-eabi/12.3.1/../../../../arm-none-eabi/lib/thumb/v7e-m+fp/hard\libc_nano.a(libc_a-sysread.o)
                0x08008258                read
 .text.write    0x0800826c       0x14 C:/ST/STM32CubeIDE_1.17.0/STM32CubeIDE/plugins/com.st.stm32cube.ide.mcu.externaltools.gnu-tools-for-stm32.12.3.rel1.win32_1.1.0.202410251130/tools/bin/../lib/gcc/arm-none-eabi/12.3.1/../../../../arm-none-eabi/lib/thumb/v7e-m+fp/hard\libc_nano.a(libc_a-syswrite.o)
                0x0800826c                write
 .text.memcpy   0x08008280       0x1c C:/ST/STM32CubeIDE_1.17.0/STM32CubeIDE/plugins/com.st.stm32cube.ide.mcu.externaltools.gnu-tools-for-stm32.12.3.rel1.win32_1.1.0.202410251130/tools/bin/../lib/gcc/arm-none-eabi/12.3.1/../../../../arm-none-eabi/lib/thumb/v7e-m+fp/hard\libc_nano.a(libc_a-memcpy-stub.o)
                0x08008280                memcpy
 .text._free_r  0x0800829c       0x94 C:/ST/STM32CubeIDE_1.17.0/STM32CubeIDE/plugins/com.st.stm32cube.ide.mcu.externaltools.gnu-tools-for-stm32.12.3.rel1.win32_1.1.0.202410251130/tools/bin/../lib/gcc/arm-none-eabi/12.3.1/../../../../arm-none-eabi/lib/thumb/v7e-m+fp/hard\libc_nano.a(libc_a-freer.o)
                0x0800829c                _free_r
 .text.malloc   0x08008330       0x10 C:/ST/STM32CubeIDE_1.17.0/STM32CubeIDE/plugins/com.st.stm32cube.ide.mcu.externaltools.gnu-tools-for-stm32.12.3.rel1.win32_1.1.0.202410251130/tools/bin/../lib/gcc/arm-none-eabi/12.3.1/../../../../arm-none-eabi/lib/thumb/v7e-m+fp/hard\libc_nano.a(libc_a-malloc.o)
                0x08008330                malloc
 .text.sbrk_aligned
                0x08008340       0x44 C:/ST/STM32CubeIDE_1.17.0/STM32CubeIDE/plugins/com.st.stm32cube.ide.mcu.externaltools.gnu-tools-for-stm32.12.3.rel1.win32_1.1.0.202410251130/tools/bin/../lib/gcc/arm-none-eabi/12.3.1/../../../../arm-none-eabi/lib/thumb/v7e-m+fp/hard\libc_nano.a(libc_a-mallocr.o)
 .text._malloc_r
                0x08008384      0x100 C:/ST/STM32CubeIDE_1.17.0/STM32CubeIDE/plugins/com.st.stm32cube.ide.mcu.externaltools.gnu-tools-for-stm32.12.3.rel1.win32_1.1.0.202410251130/tools/bin/../lib/gcc/arm-none-eabi/12.3.1/../../../../arm-none-eabi/lib/thumb/v7e-m+fp/hard\libc_nano.a(libc_a-mallocr.o)
                0x08008384                _malloc_r
 .text.__malloc_lock
                0x08008484        0xc C:/ST/STM32CubeIDE_1.17.0/STM32CubeIDE/plugins/com.st.stm32cube.ide.mcu.externaltools.gnu-tools-for-stm32.12.3.rel1.win32_1.1.0.202410251130/tools/bin/../lib/gcc/arm-none-eabi/12.3.1/../../../../arm-none-eabi/lib/thumb/v7e-m+fp/hard\libc_nano.a(libc_a-mlock.o)
                0x08008484                __malloc_lock
 .text.__malloc_unlock
                0x08008490        0xc C:/ST/STM32CubeIDE_1.17.0/STM32CubeIDE/plugins/com.st.stm32cube.ide.mcu.externaltools.gnu-tools-for-stm32.12.3.rel1.win32_1.1.0.202410251130/tools/bin/../lib/gcc/arm-none-eabi/12.3.1/../../../../arm-none-eabi/lib/thumb/v7e-m+fp/hard\libc_nano.a(libc_a-mlock.o)
                0x08008490                __malloc_unlock
 .text.__ssputs_r
                0x0800849c       0xb6 C:/ST/STM32CubeIDE_1.17.0/STM32CubeIDE/plugins/com.st.stm32cube.ide.mcu.externaltools.gnu-tools-for-stm32.12.3.rel1.win32_1.1.0.202410251130/tools/bin/../lib/gcc/arm-none-eabi/12.3.1/../../../../arm-none-eabi/lib/thumb/v7e-m+fp/hard\libc_nano.a(libc_a-nano-svfprintf.o)
                0x0800849c                __ssputs_r
 *fill*         0x08008552        0x2 
 .text._svfprintf_r
                0x08008554      0x1f8 C:/ST/STM32CubeIDE_1.17.0/STM32CubeIDE/plugins/com.st.stm32cube.ide.mcu.externaltools.gnu-tools-for-stm32.12.3.rel1.win32_1.1.0.202410251130/tools/bin/../lib/gcc/arm-none-eabi/12.3.1/../../../../arm-none-eabi/lib/thumb/v7e-m+fp/hard\libc_nano.a(libc_a-nano-svfprintf.o)
                0x08008554                _svfiprintf_r
                0x08008554                _svfprintf_r
 .text.__sfputc_r
                0x0800874c       0x2e C:/ST/STM32CubeIDE_1.17.0/STM32CubeIDE/plugins/com.st.stm32cube.ide.mcu.externaltools.gnu-tools-for-stm32.12.3.rel1.win32_1.1.0.202410251130/tools/bin/../lib/gcc/arm-none-eabi/12.3.1/../../../../arm-none-eabi/lib/thumb/v7e-m+fp/hard\libc_nano.a(libc_a-nano-vfprintf.o)
 .text.__sfputs_r
                0x0800877a       0x24 C:/ST/STM32CubeIDE_1.17.0/STM32CubeIDE/plugins/com.st.stm32cube.ide.mcu.externaltools.gnu-tools-for-stm32.12.3.rel1.win32_1.1.0.202410251130/tools/bin/../lib/gcc/arm-none-eabi/12.3.1/../../../../arm-none-eabi/lib/thumb/v7e-m+fp/hard\libc_nano.a(libc_a-nano-vfprintf.o)
                0x0800877a                __sfputs_r
 *fill*         0x0800879e        0x2 
 .text._vfprintf_r
                0x080087a0      0x230 C:/ST/STM32CubeIDE_1.17.0/STM32CubeIDE/plugins/com.st.stm32cube.ide.mcu.externaltools.gnu-tools-for-stm32.12.3.rel1.win32_1.1.0.202410251130/tools/bin/../lib/gcc/arm-none-eabi/12.3.1/../../../../arm-none-eabi/lib/thumb/v7e-m+fp/hard\libc_nano.a(libc_a-nano-vfprintf.o)
                0x080087a0                _vfprintf_r
                0x080087a0                _vfiprintf_r
 .text._printf_common
                0x080089d0       0xda C:/ST/STM32CubeIDE_1.17.0/STM32CubeIDE/plugins/com.st.stm32cube.ide.mcu.externaltools.gnu-tools-for-stm32.12.3.rel1.win32_1.1.0.202410251130/tools/bin/../lib/gcc/arm-none-eabi/12.3.1/../../../../arm-none-eabi/lib/thumb/v7e-m+fp/hard\libc_nano.a(libc_a-nano-vfprintf_i.o)
                0x080089d0                _printf_common
 *fill*         0x08008aaa        0x2 
 .text._printf_i
                0x08008aac      0x240 C:/ST/STM32CubeIDE_1.17.0/STM32CubeIDE/plugins/com.st.stm32cube.ide.mcu.externaltools.gnu-tools-for-stm32.12.3.rel1.win32_1.1.0.202410251130/tools/bin/../lib/gcc/arm-none-eabi/12.3.1/../../../../arm-none-eabi/lib/thumb/v7e-m+fp/hard\libc_nano.a(libc_a-nano-vfprintf_i.o)
                0x08008aac                _printf_i
 .text.__swhatbuf_r
                0x08008cec       0x4c C:/ST/STM32CubeIDE_1.17.0/STM32CubeIDE/plugins/com.st.stm32cube.ide.mcu.externaltools.gnu-tools-for-stm32.12.3.rel1.win32_1.1.0.202410251130/tools/bin/../lib/gcc/arm-none-eabi/12.3.1/../../../../arm-none-eabi/lib/thumb/v7e-m+fp/hard\libc_nano.a(libc_a-makebuf.o)
                0x08008cec                __swhatbuf_r
 .text.__smakebuf_r
                0x08008d38       0x78 C:/ST/STM32CubeIDE_1.17.0/STM32CubeIDE/plugins/com.st.stm32cube.ide.mcu.externaltools.gnu-tools-for-stm32.12.3.rel1.win32_1.1.0.202410251130/tools/bin/../lib/gcc/arm-none-eabi/12.3.1/../../../../arm-none-eabi/lib/thumb/v7e-m+fp/hard\libc_nano.a(libc_a-makebuf.o)
                0x08008d38                __smakebuf_r
 .text.lflush   0x08008db0       0x1c C:/ST/STM32CubeIDE_1.17.0/STM32CubeIDE/plugins/com.st.stm32cube.ide.mcu.externaltools.gnu-tools-for-stm32.12.3.rel1.win32_1.1.0.202410251130/tools/bin/../lib/gcc/arm-none-eabi/12.3.1/../../../../arm-none-eabi/lib/thumb/v7e-m+fp/hard\libc_nano.a(libc_a-refill.o)
 .text.__srefill_r
                0x08008dcc       0xe8 C:/ST/STM32CubeIDE_1.17.0/STM32CubeIDE/plugins/com.st.stm32cube.ide.mcu.externaltools.gnu-tools-for-stm32.12.3.rel1.win32_1.1.0.202410251130/tools/bin/../lib/gcc/arm-none-eabi/12.3.1/../../../../arm-none-eabi/lib/thumb/v7e-m+fp/hard\libc_nano.a(libc_a-refill.o)
                0x08008dcc                __srefill_r
 .text.__swbuf_r
                0x08008eb4       0x7c C:/ST/STM32CubeIDE_1.17.0/STM32CubeIDE/plugins/com.st.stm32cube.ide.mcu.externaltools.gnu-tools-for-stm32.12.3.rel1.win32_1.1.0.202410251130/tools/bin/../lib/gcc/arm-none-eabi/12.3.1/../../../../arm-none-eabi/lib/thumb/v7e-m+fp/hard\libc_nano.a(libc_a-wbuf.o)
                0x08008eb4                __swbuf_r
 .text.__swsetup_r
                0x08008f30       0xac C:/ST/STM32CubeIDE_1.17.0/STM32CubeIDE/plugins/com.st.stm32cube.ide.mcu.externaltools.gnu-tools-for-stm32.12.3.rel1.win32_1.1.0.202410251130/tools/bin/../lib/gcc/arm-none-eabi/12.3.1/../../../../arm-none-eabi/lib/thumb/v7e-m+fp/hard\libc_nano.a(libc_a-wsetup.o)
                0x08008f30                __swsetup_r
 .text.memmove  0x08008fdc       0x34 C:/ST/STM32CubeIDE_1.17.0/STM32CubeIDE/plugins/com.st.stm32cube.ide.mcu.externaltools.gnu-tools-for-stm32.12.3.rel1.win32_1.1.0.202410251130/tools/bin/../lib/gcc/arm-none-eabi/12.3.1/../../../../arm-none-eabi/lib/thumb/v7e-m+fp/hard\libc_nano.a(libc_a-memmove.o)
                0x08008fdc                memmove
 .text._fstat_r
                0x08009010       0x24 C:/ST/STM32CubeIDE_1.17.0/STM32CubeIDE/plugins/com.st.stm32cube.ide.mcu.externaltools.gnu-tools-for-stm32.12.3.rel1.win32_1.1.0.202410251130/tools/bin/../lib/gcc/arm-none-eabi/12.3.1/../../../../arm-none-eabi/lib/thumb/v7e-m+fp/hard\libc_nano.a(libc_a-fstatr.o)
                0x08009010                _fstat_r
 .text._isatty_r
                0x08009034       0x20 C:/ST/STM32CubeIDE_1.17.0/STM32CubeIDE/plugins/com.st.stm32cube.ide.mcu.externaltools.gnu-tools-for-stm32.12.3.rel1.win32_1.1.0.202410251130/tools/bin/../lib/gcc/arm-none-eabi/12.3.1/../../../../arm-none-eabi/lib/thumb/v7e-m+fp/hard\libc_nano.a(libc_a-isattyr.o)
                0x08009034                _isatty_r
 .text._sbrk_r  0x08009054       0x20 C:/ST/STM32CubeIDE_1.17.0/STM32CubeIDE/plugins/com.st.stm32cube.ide.mcu.externaltools.gnu-tools-for-stm32.12.3.rel1.win32_1.1.0.202410251130/tools/bin/../lib/gcc/arm-none-eabi/12.3.1/../../../../arm-none-eabi/lib/thumb/v7e-m+fp/hard\libc_nano.a(libc_a-sbrkr.o)
                0x08009054                _sbrk_r
 .text._realloc_r
                0x08009074       0x5c C:/ST/STM32CubeIDE_1.17.0/STM32CubeIDE/plugins/com.st.stm32cube.ide.mcu.externaltools.gnu-tools-for-stm32.12.3.rel1.win32_1.1.0.202410251130/tools/bin/../lib/gcc/arm-none-eabi/12.3.1/../../../../arm-none-eabi/lib/thumb/v7e-m+fp/hard\libc_nano.a(libc_a-reallocr.o)
                0x08009074                _realloc_r
 .text._malloc_usable_size_r
                0x080090d0       0x10 C:/ST/STM32CubeIDE_1.17.0/STM32CubeIDE/plugins/com.st.stm32cube.ide.mcu.externaltools.gnu-tools-for-stm32.12.3.rel1.win32_1.1.0.202410251130/tools/bin/../lib/gcc/arm-none-eabi/12.3.1/../../../../arm-none-eabi/lib/thumb/v7e-m+fp/hard\libc_nano.a(libc_a-msizer.o)
                0x080090d0                _malloc_usable_size_r
 *(.glue_7)
 .glue_7        0x080090e0        0x0 linker stubs
 *(.glue_7t)
 .glue_7t       0x080090e0        0x0 linker stubs
 *(.eh_frame)
 .eh_frame      0x080090e0        0x0 C:/ST/STM32CubeIDE_1.17.0/STM32CubeIDE/plugins/com.st.stm32cube.ide.mcu.externaltools.gnu-tools-for-stm32.12.3.rel1.win32_1.1.0.202410251130/tools/bin/../lib/gcc/arm-none-eabi/12.3.1/thumb/v7e-m+fp/hard/crtbegin.o
 *(.init)
 .init          0x080090e0        0x4 C:/ST/STM32CubeIDE_1.17.0/STM32CubeIDE/plugins/com.st.stm32cube.ide.mcu.externaltools.gnu-tools-for-stm32.12.3.rel1.win32_1.1.0.202410251130/tools/bin/../lib/gcc/arm-none-eabi/12.3.1/thumb/v7e-m+fp/hard/crti.o
                0x080090e0                _init
 .init          0x080090e4        0x8 C:/ST/STM32CubeIDE_1.17.0/STM32CubeIDE/plugins/com.st.stm32cube.ide.mcu.externaltools.gnu-tools-for-stm32.12.3.rel1.win32_1.1.0.202410251130/tools/bin/../lib/gcc/arm-none-eabi/12.3.1/thumb/v7e-m+fp/hard/crtn.o
 *(.fini)
 .fini          0x080090ec        0x4 C:/ST/STM32CubeIDE_1.17.0/STM32CubeIDE/plugins/com.st.stm32cube.ide.mcu.externaltools.gnu-tools-for-stm32.12.3.rel1.win32_1.1.0.202410251130/tools/bin/../lib/gcc/arm-none-eabi/12.3.1/thumb/v7e-m+fp/hard/crti.o
                0x080090ec                _fini
 .fini          0x080090f0        0x8 C:/ST/STM32CubeIDE_1.17.0/STM32CubeIDE/plugins/com.st.stm32cube.ide.mcu.externaltools.gnu-tools-for-stm32.12.3.rel1.win32_1.1.0.202410251130/tools/bin/../lib/gcc/arm-none-eabi/12.3.1/thumb/v7e-m+fp/hard/crtn.o
                0x080090f8                        . = ALIGN (0x4)
                0x080090f8                        _etext = .

.vfp11_veneer   0x080090f8        0x0
 .vfp11_veneer  0x080090f8        0x0 linker stubs

.v4_bx          0x080090f8        0x0
 .v4_bx         0x080090f8        0x0 linker stubs

.iplt           0x080090f8        0x0
 .iplt          0x080090f8        0x0 C:/ST/STM32CubeIDE_1.17.0/STM32CubeIDE/plugins/com.st.stm32cube.ide.mcu.externaltools.gnu-tools-for-stm32.12.3.rel1.win32_1.1.0.202410251130/tools/bin/../lib/gcc/arm-none-eabi/12.3.1/thumb/v7e-m+fp/hard/crtbegin.o

.rodata         0x080090f8     0x200c
                0x080090f8                        . = ALIGN (0x4)
 *(.rodata)
 .rodata        0x080090f8      0x398 ./app1/app_main.o
 .rodata        0x08009490      0x33c ./modules/cmd/cmd.o
 .rodata        0x080097cc       0x4d ./modules/console/console.o
 *fill*         0x08009819        0x3 
 .rodata        0x0800981c      0x313 ./modules/dio/dio.o
 *fill*         0x08009b2f        0x1 
 .rodata        0x08009b30      0x254 ./modules/gps_gtu7/gps_gtu7.o
 .rodata        0x08009d84      0x58d ./modules/i2c/i2c.o
 *fill*         0x0800a311        0x3 
 .rodata        0x0800a314        0xb ./modules/log/log.o
 *fill*         0x0800a31f        0x1 
 .rodata        0x0800a320      0x12c ./modules/mem/mem.o
 .rodata        0x0800a44c      0x390 ./modules/tmphm/tmphm.o
 .rodata        0x0800a7dc      0x3cb ./modules/tmr/tmr.o
 *fill*         0x0800aba7        0x1 
 .rodata        0x0800aba8      0x40a ./modules/ttys/ttys.o
 *(.rodata*)
 *fill*         0x0800afb2        0x2 
 .rodata.AHBPrescTable
                0x0800afb4       0x10 ./Core/Src/system_stm32f4xx.o
                0x0800afb4                AHBPrescTable
 .rodata.APBPrescTable
                0x0800afc4        0x8 ./Core/Src/system_stm32f4xx.o
                0x0800afc4                APBPrescTable
 .rodata.sensor_i2c_cmd
                0x0800afcc        0x2 ./modules/tmphm/tmphm.o
                0x0800afcc                sensor_i2c_cmd
 .rodata._ctype_
                0x0800afce      0x101 C:/ST/STM32CubeIDE_1.17.0/STM32CubeIDE/plugins/com.st.stm32cube.ide.mcu.externaltools.gnu-tools-for-stm32.12.3.rel1.win32_1.1.0.202410251130/tools/bin/../lib/gcc/arm-none-eabi/12.3.1/../../../../arm-none-eabi/lib/thumb/v7e-m+fp/hard\libc_nano.a(libc_a-ctype_.o)
                0x0800afce                _ctype_
 .rodata._svfprintf_r.str1.1
                0x0800b0cf       0x11 C:/ST/STM32CubeIDE_1.17.0/STM32CubeIDE/plugins/com.st.stm32cube.ide.mcu.externaltools.gnu-tools-for-stm32.12.3.rel1.win32_1.1.0.202410251130/tools/bin/../lib/gcc/arm-none-eabi/12.3.1/../../../../arm-none-eabi/lib/thumb/v7e-m+fp/hard\libc_nano.a(libc_a-nano-svfprintf.o)
 .rodata._vfprintf_r.str1.1
                0x0800b0e0       0x11 C:/ST/STM32CubeIDE_1.17.0/STM32CubeIDE/plugins/com.st.stm32cube.ide.mcu.externaltools.gnu-tools-for-stm32.12.3.rel1.win32_1.1.0.202410251130/tools/bin/../lib/gcc/arm-none-eabi/12.3.1/../../../../arm-none-eabi/lib/thumb/v7e-m+fp/hard\libc_nano.a(libc_a-nano-vfprintf.o)
 .rodata._printf_i.str1.1
                0x0800b0e0       0x22 C:/ST/STM32CubeIDE_1.17.0/STM32CubeIDE/plugins/com.st.stm32cube.ide.mcu.externaltools.gnu-tools-for-stm32.12.3.rel1.win32_1.1.0.202410251130/tools/bin/../lib/gcc/arm-none-eabi/12.3.1/../../../../arm-none-eabi/lib/thumb/v7e-m+fp/hard\libc_nano.a(libc_a-nano-vfprintf_i.o)
                0x0800b104                        . = ALIGN (0x4)
 *fill*         0x0800b102        0x2 

.ARM.extab      0x0800b104        0x0
                0x0800b104                        . = ALIGN (0x4)
 *(.ARM.extab* .gnu.linkonce.armextab.*)
                0x0800b104                        . = ALIGN (0x4)

.ARM            0x0800b104        0x8
                0x0800b104                        . = ALIGN (0x4)
                0x0800b104                        __exidx_start = .
 *(.ARM.exidx*)
 .ARM.exidx     0x0800b104        0x8 C:/ST/STM32CubeIDE_1.17.0/STM32CubeIDE/plugins/com.st.stm32cube.ide.mcu.externaltools.gnu-tools-for-stm32.12.3.rel1.win32_1.1.0.202410251130/tools/bin/../lib/gcc/arm-none-eabi/12.3.1/../../../../arm-none-eabi/lib/thumb/v7e-m+fp/hard\libc_nano.a(libc_a-strcmp.o)
 .ARM.exidx     0x0800b10c        0x0 C:/ST/STM32CubeIDE_1.17.0/STM32CubeIDE/plugins/com.st.stm32cube.ide.mcu.externaltools.gnu-tools-for-stm32.12.3.rel1.win32_1.1.0.202410251130/tools/bin/../lib/gcc/arm-none-eabi/12.3.1/../../../../arm-none-eabi/lib/thumb/v7e-m+fp/hard\libc_nano.a(libc_a-strlen.o)
                                  0x8 (size before relaxing)
 .ARM.exidx     0x0800b10c        0x0 C:/ST/STM32CubeIDE_1.17.0/STM32CubeIDE/plugins/com.st.stm32cube.ide.mcu.externaltools.gnu-tools-for-stm32.12.3.rel1.win32_1.1.0.202410251130/tools/bin/../lib/gcc/arm-none-eabi/12.3.1/../../../../arm-none-eabi/lib/thumb/v7e-m+fp/hard\libc_nano.a(libc_a-memchr.o)
                                  0x8 (size before relaxing)
 .ARM.exidx     0x0800b10c        0x0 C:/ST/STM32CubeIDE_1.17.0/STM32CubeIDE/plugins/com.st.stm32cube.ide.mcu.externaltools.gnu-tools-for-stm32.12.3.rel1.win32_1.1.0.202410251130/tools/bin/../lib/gcc/arm-none-eabi/12.3.1/thumb/v7e-m+fp/hard\libgcc.a(_udivmoddi4.o)
                                  0x8 (size before relaxing)
                0x0800b10c                        __exidx_end = .
                0x0800b10c                        . = ALIGN (0x4)

.preinit_array  0x0800b10c        0x0
                0x0800b10c                        . = ALIGN (0x4)
                0x0800b10c                        PROVIDE (__preinit_array_start = .)
 *(.preinit_array*)
                0x0800b10c                        PROVIDE (__preinit_array_end = .)
                0x0800b10c                        . = ALIGN (0x4)

.init_array     0x0800b10c        0x4
                0x0800b10c                        . = ALIGN (0x4)
                0x0800b10c                        PROVIDE (__init_array_start = .)
 *(SORT_BY_NAME(.init_array.*))
 *(.init_array*)
 .init_array    0x0800b10c        0x4 C:/ST/STM32CubeIDE_1.17.0/STM32CubeIDE/plugins/com.st.stm32cube.ide.mcu.externaltools.gnu-tools-for-stm32.12.3.rel1.win32_1.1.0.202410251130/tools/bin/../lib/gcc/arm-none-eabi/12.3.1/thumb/v7e-m+fp/hard/crtbegin.o
                0x0800b110                        PROVIDE (__init_array_end = .)
                0x0800b110                        . = ALIGN (0x4)

.fini_array     0x0800b110        0x4
                0x0800b110                        . = ALIGN (0x4)
                [!provide]                        PROVIDE (__fini_array_start = .)
 *(SORT_BY_NAME(.fini_array.*))
 *(.fini_array*)
 .fini_array    0x0800b110        0x4 C:/ST/STM32CubeIDE_1.17.0/STM32CubeIDE/plugins/com.st.stm32cube.ide.mcu.externaltools.gnu-tools-for-stm32.12.3.rel1.win32_1.1.0.202410251130/tools/bin/../lib/gcc/arm-none-eabi/12.3.1/thumb/v7e-m+fp/hard/crtbegin.o
                [!provide]                        PROVIDE (__fini_array_end = .)
                0x0800b114                        . = ALIGN (0x4)
                0x0800b114                        _sidata = LOADADDR (.data)

.rel.dyn        0x0800b114        0x0
 .rel.iplt      0x0800b114        0x0 C:/ST/STM32CubeIDE_1.17.0/STM32CubeIDE/plugins/com.st.stm32cube.ide.mcu.externaltools.gnu-tools-for-stm32.12.3.rel1.win32_1.1.0.202410251130/tools/bin/../lib/gcc/arm-none-eabi/12.3.1/thumb/v7e-m+fp/hard/crtbegin.o

.data           0x20000000      0x350 load address 0x0800b114
                0x20000000                        . = ALIGN (0x4)
                0x20000000                        _sdata = .
 *(.data)
 *(.data*)
 .data.SystemCoreClock
                0x20000000        0x4 ./Core/Src/system_stm32f4xx.o
                0x20000000                SystemCoreClock
 .data.log_level
                0x20000004        0x4 ./app1/app_main.o
 .data.cmds     0x20000008        0xc ./app1/app_main.o
 .data.cnts_u16_names
                0x20000014        0xc ./app1/app_main.o
 .data.cmd_info
                0x20000020       0x1c ./app1/app_main.o
 .data.d_inputs
                0x2000003c       0x28 ./app1/app_main.o
 .data.d_outputs
                0x20000064       0x1c ./app1/app_main.o
 .data.dio_cfg  0x20000080       0x10 ./app1/app_main.o
 .data.log_level
                0x20000090        0x4 ./modules/cmd/cmd.o
 .data.log_level_names
                0x20000094       0x18 ./modules/cmd/cmd.o
 .data.state    0x200000ac       0x56 ./modules/console/console.o
 *fill*         0x20000102        0x2 
 .data.log_level
                0x20000104        0x4 ./modules/console/console.o
 .data.cmds     0x20000108       0x24 ./modules/dio/dio.o
 .data.log_level
                0x2000012c        0x4 ./modules/dio/dio.o
 .data.cmd_info
                0x20000130       0x1c ./modules/dio/dio.o
 .data.cmds     0x2000014c       0x18 ./modules/gps_gtu7/gps_gtu7.o
 .data.log_level
                0x20000164        0x4 ./modules/gps_gtu7/gps_gtu7.o
 .data.cmd_info
                0x20000168       0x1c ./modules/gps_gtu7/gps_gtu7.o
 .data.log_level
                0x20000184        0x4 ./modules/i2c/i2c.o
 .data.cnts_u16_names
                0x20000188       0x20 ./modules/i2c/i2c.o
 .data.cmds     0x200001a8       0x18 ./modules/i2c/i2c.o
 .data.cmd_info
                0x200001c0       0x1c ./modules/i2c/i2c.o
 .data._log_active
                0x200001dc        0x1 ./modules/log/log.o
                0x200001dc                _log_active
 *fill*         0x200001dd        0x3 
 .data.cmds     0x200001e0       0x18 ./modules/mem/mem.o
 .data.log_level
                0x200001f8        0x4 ./modules/mem/mem.o
 .data.cmd_info
                0x200001fc       0x1c ./modules/mem/mem.o
 .data.log_level
                0x20000218        0x4 ./modules/tmphm/tmphm.o
 .data.cnts_u16_names
                0x2000021c       0x1c ./modules/tmphm/tmphm.o
 .data.cmds     0x20000238       0x18 ./modules/tmphm/tmphm.o
 .data.cmd_info
                0x20000250       0x1c ./modules/tmphm/tmphm.o
 .data.cmds     0x2000026c       0x18 ./modules/tmr/tmr.o
 .data.log_level
                0x20000284        0x4 ./modules/tmr/tmr.o
 .data.cmd_info
                0x20000288       0x1c ./modules/tmr/tmr.o
 .data.log_level
                0x200002a4        0x4 ./modules/ttys/ttys.o
 .data.cnts_u16_names
                0x200002a8       0x18 ./modules/ttys/ttys.o
 .data.cmds     0x200002c0       0x18 ./modules/ttys/ttys.o
 .data.cmd_info
                0x200002d8       0x1c ./modules/ttys/ttys.o
 .data.__sglue  0x200002f4        0xc C:/ST/STM32CubeIDE_1.17.0/STM32CubeIDE/plugins/com.st.stm32cube.ide.mcu.externaltools.gnu-tools-for-stm32.12.3.rel1.win32_1.1.0.202410251130/tools/bin/../lib/gcc/arm-none-eabi/12.3.1/../../../../arm-none-eabi/lib/thumb/v7e-m+fp/hard\libc_nano.a(libc_a-findfp.o)
                0x200002f4                __sglue
 .data._impure_ptr
                0x20000300        0x4 C:/ST/STM32CubeIDE_1.17.0/STM32CubeIDE/plugins/com.st.stm32cube.ide.mcu.externaltools.gnu-tools-for-stm32.12.3.rel1.win32_1.1.0.202410251130/tools/bin/../lib/gcc/arm-none-eabi/12.3.1/../../../../arm-none-eabi/lib/thumb/v7e-m+fp/hard\libc_nano.a(libc_a-impure.o)
                0x20000300                _impure_ptr
 .data._impure_data
                0x20000304       0x4c C:/ST/STM32CubeIDE_1.17.0/STM32CubeIDE/plugins/com.st.stm32cube.ide.mcu.externaltools.gnu-tools-for-stm32.12.3.rel1.win32_1.1.0.202410251130/tools/bin/../lib/gcc/arm-none-eabi/12.3.1/../../../../arm-none-eabi/lib/thumb/v7e-m+fp/hard\libc_nano.a(libc_a-impure.o)
                0x20000304                _impure_data
 *(.RamFunc)
 *(.RamFunc*)
                0x20000350                        . = ALIGN (0x4)
                0x20000350                        _edata = .

.igot.plt       0x20000350        0x0 load address 0x0800b464
 .igot.plt      0x20000350        0x0 C:/ST/STM32CubeIDE_1.17.0/STM32CubeIDE/plugins/com.st.stm32cube.ide.mcu.externaltools.gnu-tools-for-stm32.12.3.rel1.win32_1.1.0.202410251130/tools/bin/../lib/gcc/arm-none-eabi/12.3.1/thumb/v7e-m+fp/hard/crtbegin.o
                0x20000350                        . = ALIGN (0x4)

.bss            0x20000350     0x11c0 load address 0x0800b464
                0x20000350                        _sbss = .
                0x20000350                        __bss_start__ = _sbss
 *(.bss)
 .bss           0x20000350       0x1c C:/ST/STM32CubeIDE_1.17.0/STM32CubeIDE/plugins/com.st.stm32cube.ide.mcu.externaltools.gnu-tools-for-stm32.12.3.rel1.win32_1.1.0.202410251130/tools/bin/../lib/gcc/arm-none-eabi/12.3.1/thumb/v7e-m+fp/hard/crtbegin.o
 *(.bss*)
 .bss.__sbrk_heap_end
                0x2000036c        0x4 ./Core/Src/sysmem.o
 .bss.cnts_u16  0x20000370        0x6 ./app1/app_main.o
 *fill*         0x20000376        0x2 
 .bss.stat_loop_dur
                0x20000378       0x20 ./app1/app_main.o
 .bss.client_info
                0x20000398       0x28 ./modules/cmd/cmd.o
 .bss.cfg       0x200003c0        0x4 ./modules/dio/dio.o
 .bss.gps_state
                0x200003c4      0x1dc ./modules/gps_gtu7/gps_gtu7.o
 .bss.i2c_states
                0x200005a0       0x20 ./modules/i2c/i2c.o
 .bss.cnts_u16  0x200005c0       0x10 ./modules/i2c/i2c.o
 .bss.msg_bfr.1
                0x200005d0        0x7 ./modules/i2c/i2c.o
 *fill*         0x200005d7        0x1 
 .bss.msg_len.0
                0x200005d8        0x4 ./modules/i2c/i2c.o
 .bss.tmphm_states
                0x200005dc       0x28 ./modules/tmphm/tmphm.o
 .bss.cnts_u16  0x20000604        0xe ./modules/tmphm/tmphm.o
 *fill*         0x20000612        0x2 
 .bss.tick_ms_ctr
                0x20000614        0x4 ./modules/tmr/tmr.o
 .bss.tmrs      0x20000618       0x64 ./modules/tmr/tmr.o
 .bss.last_ms.0
                0x2000067c        0x4 ./modules/tmr/tmr.o
 .bss.ttys_states
                0x20000680      0xd38 ./modules/ttys/ttys.o
 .bss.cnts_u16  0x200013b8        0xc ./modules/ttys/ttys.o
 .bss.__sf      0x200013c4      0x138 C:/ST/STM32CubeIDE_1.17.0/STM32CubeIDE/plugins/com.st.stm32cube.ide.mcu.externaltools.gnu-tools-for-stm32.12.3.rel1.win32_1.1.0.202410251130/tools/bin/../lib/gcc/arm-none-eabi/12.3.1/../../../../arm-none-eabi/lib/thumb/v7e-m+fp/hard\libc_nano.a(libc_a-findfp.o)
                0x200013c4                __sf
 .bss.__stdio_exit_handler
                0x200014fc        0x4 C:/ST/STM32CubeIDE_1.17.0/STM32CubeIDE/plugins/com.st.stm32cube.ide.mcu.externaltools.gnu-tools-for-stm32.12.3.rel1.win32_1.1.0.202410251130/tools/bin/../lib/gcc/arm-none-eabi/12.3.1/../../../../arm-none-eabi/lib/thumb/v7e-m+fp/hard\libc_nano.a(libc_a-findfp.o)
                0x200014fc                __stdio_exit_handler
 .bss.errno     0x20001500        0x4 C:/ST/STM32CubeIDE_1.17.0/STM32CubeIDE/plugins/com.st.stm32cube.ide.mcu.externaltools.gnu-tools-for-stm32.12.3.rel1.win32_1.1.0.202410251130/tools/bin/../lib/gcc/arm-none-eabi/12.3.1/../../../../arm-none-eabi/lib/thumb/v7e-m+fp/hard\libc_nano.a(libc_a-reent.o)
                0x20001500                errno
 .bss.__lock___malloc_recursive_mutex
                0x20001504        0x1 C:/ST/STM32CubeIDE_1.17.0/STM32CubeIDE/plugins/com.st.stm32cube.ide.mcu.externaltools.gnu-tools-for-stm32.12.3.rel1.win32_1.1.0.202410251130/tools/bin/../lib/gcc/arm-none-eabi/12.3.1/../../../../arm-none-eabi/lib/thumb/v7e-m+fp/hard\libc_nano.a(libc_a-lock.o)
                0x20001504                __lock___malloc_recursive_mutex
 .bss.__lock___sfp_recursive_mutex
                0x20001505        0x1 C:/ST/STM32CubeIDE_1.17.0/STM32CubeIDE/plugins/com.st.stm32cube.ide.mcu.externaltools.gnu-tools-for-stm32.12.3.rel1.win32_1.1.0.202410251130/tools/bin/../lib/gcc/arm-none-eabi/12.3.1/../../../../arm-none-eabi/lib/thumb/v7e-m+fp/hard\libc_nano.a(libc_a-lock.o)
                0x20001505                __lock___sfp_recursive_mutex
 *fill*         0x20001506        0x2 
 .bss.__malloc_sbrk_start
                0x20001508        0x4 C:/ST/STM32CubeIDE_1.17.0/STM32CubeIDE/plugins/com.st.stm32cube.ide.mcu.externaltools.gnu-tools-for-stm32.12.3.rel1.win32_1.1.0.202410251130/tools/bin/../lib/gcc/arm-none-eabi/12.3.1/../../../../arm-none-eabi/lib/thumb/v7e-m+fp/hard\libc_nano.a(libc_a-mallocr.o)
                0x20001508                __malloc_sbrk_start
 .bss.__malloc_free_list
                0x2000150c        0x4 C:/ST/STM32CubeIDE_1.17.0/STM32CubeIDE/plugins/com.st.stm32cube.ide.mcu.externaltools.gnu-tools-for-stm32.12.3.rel1.win32_1.1.0.202410251130/tools/bin/../lib/gcc/arm-none-eabi/12.3.1/../../../../arm-none-eabi/lib/thumb/v7e-m+fp/hard\libc_nano.a(libc_a-mallocr.o)
                0x2000150c                __malloc_free_list
 *(COMMON)
                0x20001510                        . = ALIGN (0x4)
                0x20001510                        _ebss = .
                0x20001510                        __bss_end__ = _ebss

._user_heap_stack
                0x20001510      0x600 load address 0x0800b464
                0x20001510                        . = ALIGN (0x8)
                [!provide]                        PROVIDE (end = .)
                0x20001510                        PROVIDE (_end = .)
                0x20001710                        . = (. + _Min_Heap_Size)
 *fill*         0x20001510      0x200 
                0x20001b10                        . = (. + _Min_Stack_Size)
 *fill*         0x20001710      0x400 
                0x20001b10                        . = ALIGN (0x8)

/DISCARD/
 libc.a(*)
 libm.a(*)
 libgcc.a(*)

.ARM.attributes
                0x00000000       0x30
 *(.ARM.attributes)
 .ARM.attributes
                0x00000000       0x22 C:/ST/STM32CubeIDE_1.17.0/STM32CubeIDE/plugins/com.st.stm32cube.ide.mcu.externaltools.gnu-tools-for-stm32.12.3.rel1.win32_1.1.0.202410251130/tools/bin/../lib/gcc/arm-none-eabi/12.3.1/thumb/v7e-m+fp/hard/crti.o
 .ARM.attributes
                0x00000022       0x34 C:/ST/STM32CubeIDE_1.17.0/STM32CubeIDE/plugins/com.st.stm32cube.ide.mcu.externaltools.gnu-tools-for-stm32.12.3.rel1.win32_1.1.0.202410251130/tools/bin/../lib/gcc/arm-none-eabi/12.3.1/thumb/v7e-m+fp/hard/crtbegin.o
 .ARM.attributes
                0x00000056       0x34 ./Core/Src/main.o
 .ARM.attributes
                0x0000008a       0x34 ./Core/Src/stm32f4xx_it.o
 .ARM.attributes
                0x000000be       0x34 ./Core/Src/syscalls.o
 .ARM.attributes
                0x000000f2       0x34 ./Core/Src/sysmem.o
 .ARM.attributes
                0x00000126       0x34 ./Core/Src/system_stm32f4xx.o
 .ARM.attributes
                0x0000015a       0x21 ./Core/Startup/startup_stm32f401retx.o
 .ARM.attributes
                0x0000017b       0x34 ./Drivers/STM32F4xx_HAL_Driver/Src/stm32f4xx_ll_exti.o
 .ARM.attributes
                0x000001af       0x34 ./Drivers/STM32F4xx_HAL_Driver/Src/stm32f4xx_ll_gpio.o
 .ARM.attributes
                0x000001e3       0x34 ./Drivers/STM32F4xx_HAL_Driver/Src/stm32f4xx_ll_i2c.o
 .ARM.attributes
                0x00000217       0x34 ./Drivers/STM32F4xx_HAL_Driver/Src/stm32f4xx_ll_rcc.o
 .ARM.attributes
                0x0000024b       0x34 ./Drivers/STM32F4xx_HAL_Driver/Src/stm32f4xx_ll_usart.o
 .ARM.attributes
                0x0000027f       0x34 ./Drivers/STM32F4xx_HAL_Driver/Src/stm32f4xx_ll_utils.o
 .ARM.attributes
                0x000002b3       0x34 ./app1/app_main.o
 .ARM.attributes
                0x000002e7       0x34 ./modules/cmd/cmd.o
 .ARM.attributes
                0x0000031b       0x34 ./modules/console/console.o
 .ARM.attributes
                0x0000034f       0x34 ./modules/dio/dio.o
 .ARM.attributes
                0x00000383       0x34 ./modules/gps_gtu7/gps_gtu7.o
 .ARM.attributes
                0x000003b7       0x34 ./modules/i2c/i2c.o
 .ARM.attributes
                0x000003eb       0x34 ./modules/log/log.o
 .ARM.attributes
                0x0000041f       0x34 ./modules/mem/mem.o
 .ARM.attributes
                0x00000453       0x34 ./modules/stat/stat.o
 .ARM.attributes
                0x00000487       0x34 ./modules/tmphm/tmphm.o
 .ARM.attributes
                0x000004bb       0x34 ./modules/tmr/tmr.o
 .ARM.attributes
                0x000004ef       0x34 ./modules/ttys/ttys.o
 .ARM.attributes
                0x00000523       0x34 C:/ST/STM32CubeIDE_1.17.0/STM32CubeIDE/plugins/com.st.stm32cube.ide.mcu.externaltools.gnu-tools-for-stm32.12.3.rel1.win32_1.1.0.202410251130/tools/bin/../lib/gcc/arm-none-eabi/12.3.1/../../../../arm-none-eabi/lib/thumb/v7e-m+fp/hard\libc_nano.a(libc_a-strtol.o)
 .ARM.attributes
                0x00000557       0x34 C:/ST/STM32CubeIDE_1.17.0/STM32CubeIDE/plugins/com.st.stm32cube.ide.mcu.externaltools.gnu-tools-for-stm32.12.3.rel1.win32_1.1.0.202410251130/tools/bin/../lib/gcc/arm-none-eabi/12.3.1/../../../../arm-none-eabi/lib/thumb/v7e-m+fp/hard\libc_nano.a(libc_a-strtoul.o)
 .ARM.attributes
                0x0000058b       0x34 C:/ST/STM32CubeIDE_1.17.0/STM32CubeIDE/plugins/com.st.stm32cube.ide.mcu.externaltools.gnu-tools-for-stm32.12.3.rel1.win32_1.1.0.202410251130/tools/bin/../lib/gcc/arm-none-eabi/12.3.1/../../../../arm-none-eabi/lib/thumb/v7e-m+fp/hard\libc_nano.a(libc_a-ctype_.o)
 .ARM.attributes
                0x000005bf       0x34 C:/ST/STM32CubeIDE_1.17.0/STM32CubeIDE/plugins/com.st.stm32cube.ide.mcu.externaltools.gnu-tools-for-stm32.12.3.rel1.win32_1.1.0.202410251130/tools/bin/../lib/gcc/arm-none-eabi/12.3.1/../../../../arm-none-eabi/lib/thumb/v7e-m+fp/hard\libc_nano.a(libc_a-fdopen.o)
 .ARM.attributes
                0x000005f3       0x34 C:/ST/STM32CubeIDE_1.17.0/STM32CubeIDE/plugins/com.st.stm32cube.ide.mcu.externaltools.gnu-tools-for-stm32.12.3.rel1.win32_1.1.0.202410251130/tools/bin/../lib/gcc/arm-none-eabi/12.3.1/../../../../arm-none-eabi/lib/thumb/v7e-m+fp/hard\libc_nano.a(libc_a-fflush.o)
 .ARM.attributes
                0x00000627       0x34 C:/ST/STM32CubeIDE_1.17.0/STM32CubeIDE/plugins/com.st.stm32cube.ide.mcu.externaltools.gnu-tools-for-stm32.12.3.rel1.win32_1.1.0.202410251130/tools/bin/../lib/gcc/arm-none-eabi/12.3.1/../../../../arm-none-eabi/lib/thumb/v7e-m+fp/hard\libc_nano.a(libc_a-fgetc.o)
 .ARM.attributes
                0x0000065b       0x34 C:/ST/STM32CubeIDE_1.17.0/STM32CubeIDE/plugins/com.st.stm32cube.ide.mcu.externaltools.gnu-tools-for-stm32.12.3.rel1.win32_1.1.0.202410251130/tools/bin/../lib/gcc/arm-none-eabi/12.3.1/../../../../arm-none-eabi/lib/thumb/v7e-m+fp/hard\libc_nano.a(libc_a-findfp.o)
 .ARM.attributes
                0x0000068f       0x34 C:/ST/STM32CubeIDE_1.17.0/STM32CubeIDE/plugins/com.st.stm32cube.ide.mcu.externaltools.gnu-tools-for-stm32.12.3.rel1.win32_1.1.0.202410251130/tools/bin/../lib/gcc/arm-none-eabi/12.3.1/../../../../arm-none-eabi/lib/thumb/v7e-m+fp/hard\libc_nano.a(libc_a-flags.o)
 .ARM.attributes
                0x000006c3       0x34 C:/ST/STM32CubeIDE_1.17.0/STM32CubeIDE/plugins/com.st.stm32cube.ide.mcu.externaltools.gnu-tools-for-stm32.12.3.rel1.win32_1.1.0.202410251130/tools/bin/../lib/gcc/arm-none-eabi/12.3.1/../../../../arm-none-eabi/lib/thumb/v7e-m+fp/hard\libc_nano.a(libc_a-fprintf.o)
 .ARM.attributes
                0x000006f7       0x34 C:/ST/STM32CubeIDE_1.17.0/STM32CubeIDE/plugins/com.st.stm32cube.ide.mcu.externaltools.gnu-tools-for-stm32.12.3.rel1.win32_1.1.0.202410251130/tools/bin/../lib/gcc/arm-none-eabi/12.3.1/../../../../arm-none-eabi/lib/thumb/v7e-m+fp/hard\libc_nano.a(libc_a-fwalk.o)
 .ARM.attributes
                0x0000072b       0x34 C:/ST/STM32CubeIDE_1.17.0/STM32CubeIDE/plugins/com.st.stm32cube.ide.mcu.externaltools.gnu-tools-for-stm32.12.3.rel1.win32_1.1.0.202410251130/tools/bin/../lib/gcc/arm-none-eabi/12.3.1/../../../../arm-none-eabi/lib/thumb/v7e-m+fp/hard\libc_nano.a(libc_a-printf.o)
 .ARM.attributes
                0x0000075f       0x34 C:/ST/STM32CubeIDE_1.17.0/STM32CubeIDE/plugins/com.st.stm32cube.ide.mcu.externaltools.gnu-tools-for-stm32.12.3.rel1.win32_1.1.0.202410251130/tools/bin/../lib/gcc/arm-none-eabi/12.3.1/../../../../arm-none-eabi/lib/thumb/v7e-m+fp/hard\libc_nano.a(libc_a-rget.o)
 .ARM.attributes
                0x00000793       0x34 C:/ST/STM32CubeIDE_1.17.0/STM32CubeIDE/plugins/com.st.stm32cube.ide.mcu.externaltools.gnu-tools-for-stm32.12.3.rel1.win32_1.1.0.202410251130/tools/bin/../lib/gcc/arm-none-eabi/12.3.1/../../../../arm-none-eabi/lib/thumb/v7e-m+fp/hard\libc_nano.a(libc_a-setvbuf.o)
 .ARM.attributes
                0x000007c7       0x34 C:/ST/STM32CubeIDE_1.17.0/STM32CubeIDE/plugins/com.st.stm32cube.ide.mcu.externaltools.gnu-tools-for-stm32.12.3.rel1.win32_1.1.0.202410251130/tools/bin/../lib/gcc/arm-none-eabi/12.3.1/../../../../arm-none-eabi/lib/thumb/v7e-m+fp/hard\libc_nano.a(libc_a-stdio.o)
 .ARM.attributes
                0x000007fb       0x34 C:/ST/STM32CubeIDE_1.17.0/STM32CubeIDE/plugins/com.st.stm32cube.ide.mcu.externaltools.gnu-tools-for-stm32.12.3.rel1.win32_1.1.0.202410251130/tools/bin/../lib/gcc/arm-none-eabi/12.3.1/../../../../arm-none-eabi/lib/thumb/v7e-m+fp/hard\libc_nano.a(libc_a-vsnprintf.o)
 .ARM.attributes
                0x0000082f       0x34 C:/ST/STM32CubeIDE_1.17.0/STM32CubeIDE/plugins/com.st.stm32cube.ide.mcu.externaltools.gnu-tools-for-stm32.12.3.rel1.win32_1.1.0.202410251130/tools/bin/../lib/gcc/arm-none-eabi/12.3.1/../../../../arm-none-eabi/lib/thumb/v7e-m+fp/hard\libc_nano.a(libc_a-memset.o)
 .ARM.attributes
                0x00000863       0x34 C:/ST/STM32CubeIDE_1.17.0/STM32CubeIDE/plugins/com.st.stm32cube.ide.mcu.externaltools.gnu-tools-for-stm32.12.3.rel1.win32_1.1.0.202410251130/tools/bin/../lib/gcc/arm-none-eabi/12.3.1/../../../../arm-none-eabi/lib/thumb/v7e-m+fp/hard\libc_nano.a(libc_a-strcasecmp.o)
 .ARM.attributes
                0x00000897       0x34 C:/ST/STM32CubeIDE_1.17.0/STM32CubeIDE/plugins/com.st.stm32cube.ide.mcu.externaltools.gnu-tools-for-stm32.12.3.rel1.win32_1.1.0.202410251130/tools/bin/../lib/gcc/arm-none-eabi/12.3.1/../../../../arm-none-eabi/lib/thumb/v7e-m+fp/hard\libc_nano.a(libc_a-closer.o)
 .ARM.attributes
                0x000008cb       0x34 C:/ST/STM32CubeIDE_1.17.0/STM32CubeIDE/plugins/com.st.stm32cube.ide.mcu.externaltools.gnu-tools-for-stm32.12.3.rel1.win32_1.1.0.202410251130/tools/bin/../lib/gcc/arm-none-eabi/12.3.1/../../../../arm-none-eabi/lib/thumb/v7e-m+fp/hard\libc_nano.a(libc_a-reent.o)
 .ARM.attributes
                0x000008ff       0x34 C:/ST/STM32CubeIDE_1.17.0/STM32CubeIDE/plugins/com.st.stm32cube.ide.mcu.externaltools.gnu-tools-for-stm32.12.3.rel1.win32_1.1.0.202410251130/tools/bin/../lib/gcc/arm-none-eabi/12.3.1/../../../../arm-none-eabi/lib/thumb/v7e-m+fp/hard\libc_nano.a(libc_a-impure.o)
 .ARM.attributes
                0x00000933       0x34 C:/ST/STM32CubeIDE_1.17.0/STM32CubeIDE/plugins/com.st.stm32cube.ide.mcu.externaltools.gnu-tools-for-stm32.12.3.rel1.win32_1.1.0.202410251130/tools/bin/../lib/gcc/arm-none-eabi/12.3.1/../../../../arm-none-eabi/lib/thumb/v7e-m+fp/hard\libc_nano.a(libc_a-lseekr.o)
 .ARM.attributes
                0x00000967       0x34 C:/ST/STM32CubeIDE_1.17.0/STM32CubeIDE/plugins/com.st.stm32cube.ide.mcu.externaltools.gnu-tools-for-stm32.12.3.rel1.win32_1.1.0.202410251130/tools/bin/../lib/gcc/arm-none-eabi/12.3.1/../../../../arm-none-eabi/lib/thumb/v7e-m+fp/hard\libc_nano.a(libc_a-readr.o)
 .ARM.attributes
                0x0000099b       0x34 C:/ST/STM32CubeIDE_1.17.0/STM32CubeIDE/plugins/com.st.stm32cube.ide.mcu.externaltools.gnu-tools-for-stm32.12.3.rel1.win32_1.1.0.202410251130/tools/bin/../lib/gcc/arm-none-eabi/12.3.1/../../../../arm-none-eabi/lib/thumb/v7e-m+fp/hard\libc_nano.a(libc_a-writer.o)
 .ARM.attributes
                0x000009cf       0x34 C:/ST/STM32CubeIDE_1.17.0/STM32CubeIDE/plugins/com.st.stm32cube.ide.mcu.externaltools.gnu-tools-for-stm32.12.3.rel1.win32_1.1.0.202410251130/tools/bin/../lib/gcc/arm-none-eabi/12.3.1/../../../../arm-none-eabi/lib/thumb/v7e-m+fp/hard\libc_nano.a(libc_a-errno.o)
 .ARM.attributes
                0x00000a03       0x34 C:/ST/STM32CubeIDE_1.17.0/STM32CubeIDE/plugins/com.st.stm32cube.ide.mcu.externaltools.gnu-tools-for-stm32.12.3.rel1.win32_1.1.0.202410251130/tools/bin/../lib/gcc/arm-none-eabi/12.3.1/../../../../arm-none-eabi/lib/thumb/v7e-m+fp/hard\libc_nano.a(libc_a-init.o)
 .ARM.attributes
                0x00000a37       0x34 C:/ST/STM32CubeIDE_1.17.0/STM32CubeIDE/plugins/com.st.stm32cube.ide.mcu.externaltools.gnu-tools-for-stm32.12.3.rel1.win32_1.1.0.202410251130/tools/bin/../lib/gcc/arm-none-eabi/12.3.1/../../../../arm-none-eabi/lib/thumb/v7e-m+fp/hard\libc_nano.a(libc_a-lock.o)
 .ARM.attributes
                0x00000a6b       0x34 C:/ST/STM32CubeIDE_1.17.0/STM32CubeIDE/plugins/com.st.stm32cube.ide.mcu.externaltools.gnu-tools-for-stm32.12.3.rel1.win32_1.1.0.202410251130/tools/bin/../lib/gcc/arm-none-eabi/12.3.1/../../../../arm-none-eabi/lib/thumb/v7e-m+fp/hard\libc_nano.a(libc_a-sysread.o)
 .ARM.attributes
                0x00000a9f       0x34 C:/ST/STM32CubeIDE_1.17.0/STM32CubeIDE/plugins/com.st.stm32cube.ide.mcu.externaltools.gnu-tools-for-stm32.12.3.rel1.win32_1.1.0.202410251130/tools/bin/../lib/gcc/arm-none-eabi/12.3.1/../../../../arm-none-eabi/lib/thumb/v7e-m+fp/hard\libc_nano.a(libc_a-syswrite.o)
 .ARM.attributes
                0x00000ad3       0x20 C:/ST/STM32CubeIDE_1.17.0/STM32CubeIDE/plugins/com.st.stm32cube.ide.mcu.externaltools.gnu-tools-for-stm32.12.3.rel1.win32_1.1.0.202410251130/tools/bin/../lib/gcc/arm-none-eabi/12.3.1/../../../../arm-none-eabi/lib/thumb/v7e-m+fp/hard\libc_nano.a(libc_a-strcmp.o)
 .ARM.attributes
                0x00000af3       0x34 C:/ST/STM32CubeIDE_1.17.0/STM32CubeIDE/plugins/com.st.stm32cube.ide.mcu.externaltools.gnu-tools-for-stm32.12.3.rel1.win32_1.1.0.202410251130/tools/bin/../lib/gcc/arm-none-eabi/12.3.1/../../../../arm-none-eabi/lib/thumb/v7e-m+fp/hard\libc_nano.a(libc_a-memcpy-stub.o)
 .ARM.attributes