Archive member included to satisfy reference by file (symbol)

C:/ST/STM32CubeIDE_1.17.0/STM32CubeIDE/plugins/com.st.stm32cube.ide.mcu.externaltools.gnu-tools-for-stm32.12.3.rel1.win32_1.1.0.202410251130/tools/bin/../lib/gcc/arm-none-eabi/12.3.1/../../../../arm-none-eabi/lib/thumb/v7e-m+fp/hard\libc_nano.a(libc_a-atoi.o)
                              ./modules/gps_gtu7/gps_gtu7.o (atoi)
C:/ST/STM32CubeIDE_1.17.0/STM32CubeIDE/plugins/com.st.stm32cube.ide.mcu.externaltools.gnu-tools-for-stm32.12.3.rel1.win32_1.1.0.202410251130/tools/bin/../lib/gcc/arm-none-eabi/12.3.1/../../../../arm-none-eabi/lib/thumb/v7e-m+fp/hard\libc_nano.a(libc_a-exit.o)
                              C:/ST/STM32CubeIDE_1.17.0/STM32CubeIDE/plugins/com.st.stm32cube.ide.mcu.externaltools.gnu-tools-for-stm32.12.3.rel1.win32_1.1.0.202410251130/tools/bin/../lib/gcc/arm-none-eabi/12.3.1/../../../../arm-none-eabi/lib/thumb/v7e-m+fp/hard/crt0.o (exit)
C:/ST/STM32CubeIDE_1.17.0/STM32CubeIDE/plugins/com.st.stm32cube.ide.mcu.externaltools.gnu-tools-for-stm32.12.3.rel1.win32_1.1.0.202410251130/tools/bin/../lib/gcc/arm-none-eabi/12.3.1/../../../../arm-none-eabi/lib/thumb/v7e-m+fp/hard\libc_nano.a(libc_a-strtol.o)
                              C:/ST/STM32CubeIDE_1.17.0/STM32CubeIDE/plugins/com.st.stm32cube.ide.mcu.externaltools.gnu-tools-for-stm32.12.3.rel1.win32_1.1.0.202410251130/tools/bin/../lib/gcc/arm-none-eabi/12.3.1/../../../../arm-none-eabi/lib/thumb/v7e-m+fp/hard\libc_nano.a(libc_a-atoi.o) (_strtol_r)
C:/ST/STM32CubeIDE_1.17.0/STM32CubeIDE/plugins/com.st.stm32cube.ide.mcu.externaltools.gnu-tools-for-stm32.12.3.rel1.win32_1.1.0.202410251130/tools/bin/../lib/gcc/arm-none-eabi/12.3.1/../../../../arm-none-eabi/lib/thumb/v7e-m+fp/hard\libc_nano.a(libc_a-strtoul.o)
                              ./modules/cmd/cmd.o (strtoul)
C:/ST/STM32CubeIDE_1.17.0/STM32CubeIDE/plugins/com.st.stm32cube.ide.mcu.externaltools.gnu-tools-for-stm32.12.3.rel1.win32_1.1.0.202410251130/tools/bin/../lib/gcc/arm-none-eabi/12.3.1/../../../../arm-none-eabi/lib/thumb/v7e-m+fp/hard\libc_nano.a(libc_a-ctype_.o)
                              ./modules/cmd/cmd.o (_ctype_)
C:/ST/STM32CubeIDE_1.17.0/STM32CubeIDE/plugins/com.st.stm32cube.ide.mcu.externaltools.gnu-tools-for-stm32.12.3.rel1.win32_1.1.0.202410251130/tools/bin/../lib/gcc/arm-none-eabi/12.3.1/../../../../arm-none-eabi/lib/thumb/v7e-m+fp/hard\libc_nano.a(libc_a-fdopen.o)
                              ./modules/ttys/ttys.o (fdopen)
C:/ST/STM32CubeIDE_1.17.0/STM32CubeIDE/plugins/com.st.stm32cube.ide.mcu.externaltools.gnu-tools-for-stm32.12.3.rel1.win32_1.1.0.202410251130/tools/bin/../lib/gcc/arm-none-eabi/12.3.1/../../../../arm-none-eabi/lib/thumb/v7e-m+fp/hard\libc_nano.a(libc_a-fflush.o)
                              ./modules/ttys/ttys.o (fflush)
C:/ST/STM32CubeIDE_1.17.0/STM32CubeIDE/plugins/com.st.stm32cube.ide.mcu.externaltools.gnu-tools-for-stm32.12.3.rel1.win32_1.1.0.202410251130/tools/bin/../lib/gcc/arm-none-eabi/12.3.1/../../../../arm-none-eabi/lib/thumb/v7e-m+fp/hard\libc_nano.a(libc_a-fgetc.o)
                              ./modules/ttys/ttys.o (fgetc)
C:/ST/STM32CubeIDE_1.17.0/STM32CubeIDE/plugins/com.st.stm32cube.ide.mcu.externaltools.gnu-tools-for-stm32.12.3.rel1.win32_1.1.0.202410251130/tools/bin/../lib/gcc/arm-none-eabi/12.3.1/../../../../arm-none-eabi/lib/thumb/v7e-m+fp/hard\libc_nano.a(libc_a-findfp.o)
                              C:/ST/STM32CubeIDE_1.17.0/STM32CubeIDE/plugins/com.st.stm32cube.ide.mcu.externaltools.gnu-tools-for-stm32.12.3.rel1.win32_1.1.0.202410251130/tools/bin/../lib/gcc/arm-none-eabi/12.3.1/../../../../arm-none-eabi/lib/thumb/v7e-m+fp/hard\libc_nano.a(libc_a-fflush.o) (__sglue)
C:/ST/STM32CubeIDE_1.17.0/STM32CubeIDE/plugins/com.st.stm32cube.ide.mcu.externaltools.gnu-tools-for-stm32.12.3.rel1.win32_1.1.0.202410251130/tools/bin/../lib/gcc/arm-none-eabi/12.3.1/../../../../arm-none-eabi/lib/thumb/v7e-m+fp/hard\libc_nano.a(libc_a-flags.o)
                              C:/ST/STM32CubeIDE_1.17.0/STM32CubeIDE/plugins/com.st.stm32cube.ide.mcu.externaltools.gnu-tools-for-stm32.12.3.rel1.win32_1.1.0.202410251130/tools/bin/../lib/gcc/arm-none-eabi/12.3.1/../../../../arm-none-eabi/lib/thumb/v7e-m+fp/hard\libc_nano.a(libc_a-fdopen.o) (__sflags)
C:/ST/STM32CubeIDE_1.17.0/STM32CubeIDE/plugins/com.st.stm32cube.ide.mcu.externaltools.gnu-tools-for-stm32.12.3.rel1.win32_1.1.0.202410251130/tools/bin/../lib/gcc/arm-none-eabi/12.3.1/../../../../arm-none-eabi/lib/thumb/v7e-m+fp/hard\libc_nano.a(libc_a-fprintf.o)
                              ./modules/ttys/ttys.o (fprintf)
C:/ST/STM32CubeIDE_1.17.0/STM32CubeIDE/plugins/com.st.stm32cube.ide.mcu.externaltools.gnu-tools-for-stm32.12.3.rel1.win32_1.1.0.202410251130/tools/bin/../lib/gcc/arm-none-eabi/12.3.1/../../../../arm-none-eabi/lib/thumb/v7e-m+fp/hard\libc_nano.a(libc_a-fwalk.o)
[...]
Memory Configuration

Name             Origin             Length             Attributes
RAM              0x20000000         0x00018000         xrw
ISR_VECTOR       0x08000000         0x00004000         xr
FAULT_DATA       0x08004000         0x00004000         xr
FLASH            0x08008000         0x00078000         xr
*default*        0x00000000         0xffffffff

Linker script and memory map

LOAD C:/ST/STM32CubeIDE_1.17.0/STM32CubeIDE/plugins/com.st.stm32cube.ide.mcu.externaltools.gnu-tools-for-stm32.12.3.rel1.win32_1.1.0.202410251130/tools/bin/../lib/gcc/arm-none-eabi/12.3.1/thumb/v7e-m+fp/hard/crti.o
LOAD C:/ST/STM32CubeIDE_1.17.0/STM32CubeIDE/plugins/com.st.stm32cube.ide.mcu.externaltools.gnu-tools-for-stm32.12.3.rel1.win32_1.1.0.202410251130/tools/bin/../lib/gcc/arm-none-eabi/12.3.1/thumb/v7e-m+fp/hard/crtbegin.o
LOAD C:/ST/STM32CubeIDE_1.17.0/STM32CubeIDE/plugins/com.st.stm32cube.ide.mcu.externaltools.gnu-tools-for-stm32.12.3.rel1.win32_1.1.0.202410251130/tools/bin/../lib/gcc/arm-none-eabi/12.3.1/../../../../arm-none-eabi/lib/thumb/v7e-m+fp/hard/crt0.o
LOAD ./Core/Src/main.o
LOAD ./Core/Src/syscalls.o
LOAD ./Core/Src/sysmem.o
LOAD ./Core/Src/system_stm32f4xx.o
LOAD ./Core/Startup/startup_stm32f401retx.o
LOAD ./Drivers/STM32F4xx_HAL_Driver/Src/stm32f4xx_ll_dma.o
LOAD ./Drivers/STM32F4xx_HAL_Driver/Src/stm32f4xx_ll_exti.o
LOAD ./Drivers/STM32F4xx_HAL_Driver/Src/stm32f4xx_ll_gpio.o
LOAD ./Drivers/STM32F4xx_HAL_Driver/Src/stm32f4xx_ll_i2c.o
LOAD ./Drivers/STM32F4xx_HAL_Driver/Src/stm32f4xx_ll_rcc.o
LOAD ./Drivers/STM32F4xx_HAL_Driver/Src/stm32f4xx_ll_usart.o
LOAD ./Drivers/STM32F4xx_HAL_Driver/Src/stm32f4xx_ll_utils.o
LOAD ./app1/app_main.o
LOAD ./modules/blinky/blinky.o
LOAD ./modules/can/can.o
LOAD ./modules/cmd/cmd.o
LOAD ./modules/console/console.o
LOAD ./modules/dio/dio.o
LOAD ./modules/draw/draw.o
LOAD ./modules/fault/fault.o
LOAD ./modules/flash/flash.o
LOAD ./modules/float/float.o
LOAD ./modules/float/whetstone.o
LOAD ./modules/gps_gtu7/gps_gtu7.o
LOAD ./modules/i2c/i2c.o
LOAD ./modules/log/log.o
LOAD ./modules/lwl/lwl.o
LOAD ./modules/mem/mem.o
LOAD ./modules/os/os.o
LOAD ./modules/stat/stat.o
LOAD ./modules/step/step.o
LOAD ./modules/tmphm/tmphm.o
LOAD ./modules/tmr/tmr.o
LOAD ./modules/ttys/ttys.o
LOAD ./modules/wdg/wdg.o
START GROUP
LOAD C:/ST/STM32CubeIDE_1.17.0/STM32CubeIDE/plugins/com.st.stm32cube.ide.mcu.externaltools.gnu-tools-for-stm32.12.3.rel1.win32_1.1.0.202410251130/tools/bin/../lib/gcc/arm-none-eabi/12.3.1/../../../../arm-none-eabi/lib/thumb/v7e-m+fp/hard\libc_nano.a
LOAD C:/ST/STM32CubeIDE_1.17.0/STM32CubeIDE/plugins/com.st.stm32cube.ide.mcu.externaltools.gnu-tools-for-stm32.12.3.rel1.win32_1.1.0.202410251130/tools/bin/../lib/gcc/arm-none-eabi/12.3.1/../../../../arm-none-eabi/lib/thumb/v7e-m+fp/hard\libm.a
END GROUP
START GROUP
LOAD C:/ST/STM32CubeIDE_1.17.0/STM32CubeIDE/plugins/com.st.stm32cube.ide.mcu.externaltools.gnu-tools-for-stm32.12.3.rel1.win32_1.1.0.202410251130/tools/bin/../lib/gcc/arm-none-eabi/12.3.1/thumb/v7e-m+fp/hard\libgcc.a
LOAD C:/ST/STM32CubeIDE_1.17.0/STM32CubeIDE/plugins/com.st.stm32cube.ide.mcu.externaltools.gnu-tools-for-stm32.12.3.rel1.win32_1.1.0.202410251130/tools/bin/../lib/gcc/arm-none-eabi/12.3.1/../../../../arm-none-eabi/lib/thumb/v7e-m+fp/hard\libc_nano.a
END GROUP
START GROUP
LOAD C:/ST/STM32CubeIDE_1.17.0/STM32CubeIDE/plugins/com.st.stm32cube.ide.mcu.externaltools.gnu-tools-for-stm32.12.3.rel1.win32_1.1.0.202410251130/tools/bin/../lib/gcc/arm-none-eabi/12.3.1/thumb/v7e-m+fp/hard\libgcc.a
LOAD C:/ST/STM32CubeIDE_1.17.0/STM32CubeIDE/plugins/com.st.stm32cube.ide.mcu.externaltools.gnu-tools-for-stm32.12.3.rel1.win32_1.1.0.202410251130/tools/bin/../lib/gcc/arm-none-eabi/12.3.1/../../../../arm-none-eabi/lib/thumb/v7e-m+fp/hard\libc_nano.a
LOAD C:/ST/STM32CubeIDE_1.17.0/STM32CubeIDE/plugins/com.st.stm32cube.ide.mcu.externaltools.gnu-tools-for-stm32.12.3.rel1.win32_1.1.0.202410251130/tools/bin/../lib/gcc/arm-none-eabi/12.3.1/../../../../arm-none-eabi/lib/thumb/v7e-m+fp/hard\libnosys.a
END GROUP
START GROUP
LOAD C:/ST/STM32CubeIDE_1.17.0/STM32CubeIDE/plugins/com.st.stm32cube.ide.mcu.externaltools.gnu-tools-for-stm32.12.3.rel1.win32_1.1.0.202410251130/tools/bin/../lib/gcc/arm-none-eabi/12.3.1/thumb/v7e-m+fp/hard\libgcc.a
LOAD C:/ST/STM32CubeIDE_1.17.0/STM32CubeIDE/plugins/com.st.stm32cube.ide.mcu.externaltools.gnu-tools-for-stm32.12.3.rel1.win32_1.1.0.202410251130/tools/bin/../lib/gcc/arm-none-eabi/12.3.1/../../../../arm-none-eabi/lib/thumb/v7e-m+fp/hard\libc_nano.a
LOAD C:/ST/STM32CubeIDE_1.17.0/STM32CubeIDE/plugins/com.st.stm32cube.ide.mcu.externaltools.gnu-tools-for-stm32.12.3.rel1.win32_1.1.0.202410251130/tools/bin/../lib/gcc/arm-none-eabi/12.3.1/../../../../arm-none-eabi/lib/thumb/v7e-m+fp/hard\libnosys.a
END GROUP
LOAD C:/ST/STM32CubeIDE_1.17.0/STM32CubeIDE/plugins/com.st.stm32cube.ide.mcu.externaltools.gnu-tools-for-stm32.12.3.rel1.win32_1.1.0.202410251130/tools/bin/../lib/gcc/arm-none-eabi/12.3.1/thumb/v7e-m+fp/hard/crtend.o
LOAD C:/ST/STM32CubeIDE_1.17.0/STM32CubeIDE/plugins/com.st.stm32cube.ide.mcu.externaltools.gnu-tools-for-stm32.12.3.rel1.win32_1.1.0.202410251130/tools/bin/../lib/gcc/arm-none-eabi/12.3.1/thumb/v7e-m+fp/hard/crtn.o
                0x20018000                        _estack = (ORIGIN (RAM) + LENGTH (RAM))
                0x00000200                        _Min_Heap_Size = 0x200
                0x00000800                        _Min_Stack_Size = 0x800
                0x00000020                        _MPU_Min_Block_Size = 0x20
                0x00000020                        _Wdg_No_Init_Vars_Size = 0x20

.isr_vector     0x08000000      0x194
                0x08000000                        . = ALIGN (0x4)
 *(.isr_vector)
 .isr_vector    0x08000000      0x194 ./Core/Startup/startup_stm32f401retx.o
                0x08000000                g_pfnVectors
                0x08000194                        . = ALIGN (0x4)

.text           0x08008000     0xa8c0
                0x08008000                        . = ALIGN (0x4)
 *(.text)
 .text          0x08008000       0x40 C:/ST/STM32CubeIDE_1.17.0/STM32CubeIDE/plugins/com.st.stm32cube.ide.mcu.externaltools.gnu-tools-for-stm32.12.3.rel1.win32_1.1.0.202410251130/tools/bin/../lib/gcc/arm-none-eabi/12.3.1/thumb/v7e-m+fp/hard/crtbegin.o
 .text          0x08008040       0x14 C:/ST/STM32CubeIDE_1.17.0/STM32CubeIDE/plugins/com.st.stm32cube.ide.mcu.externaltools.gnu-tools-for-stm32.12.3.rel1.win32_1.1.0.202410251130/tools/bin/../lib/gcc/arm-none-eabi/12.3.1/../../../../arm-none-eabi/lib/thumb/v7e-m+fp/hard\libc_nano.a(libc_a-strcmp.o)
                0x08008040                strcmp
 .text          0x08008054       0x10 C:/ST/STM32CubeIDE_1.17.0/STM32CubeIDE/plugins/com.st.stm32cube.ide.mcu.externaltools.gnu-tools-for-stm32.12.3.rel1.win32_1.1.0.202410251130/tools/bin/../lib/gcc/arm-none-eabi/12.3.1/../../../../arm-none-eabi/lib/thumb/v7e-m+fp/hard\libc_nano.a(libc_a-strlen.o)
                0x08008054                strlen
 *fill*         0x08008064        0xc 
 .text          0x08008070       0xa0 C:/ST/STM32CubeIDE_1.17.0/STM32CubeIDE/plugins/com.st.stm32cube.ide.mcu.externaltools.gnu-tools-for-stm32.12.3.rel1.win32_1.1.0.202410251130/tools/bin/../lib/gcc/arm-none-eabi/12.3.1/../../../../arm-none-eabi/lib/thumb/v7e-m+fp/hard\libc_nano.a(libc_a-memchr.o)
                0x08008070                memchr
 .text          0x08008110       0x30 C:/ST/STM32CubeIDE_1.17.0/STM32CubeIDE/plugins/com.st.stm32cube.ide.mcu.externaltools.gnu-tools-for-stm32.12.3.rel1.win32_1.1.0.202410251130/tools/bin/../lib/gcc/arm-none-eabi/12.3.1/thumb/v7e-m+fp/hard\libgcc.a(_aeabi_uldivmod.o)
                0x08008110                __aeabi_uldivmod
 .text          0x08008140      0x2bc C:/ST/STM32CubeIDE_1.17.0/STM32CubeIDE/plugins/com.st.stm32cube.ide.mcu.externaltools.gnu-tools-for-stm32.12.3.rel1.win32_1.1.0.202410251130/tools/bin/../lib/gcc/arm-none-eabi/12.3.1/thumb/v7e-m+fp/hard\libgcc.a(_udivmoddi4.o)
                0x08008140                __udivmoddi4
 .text          0x080083fc        0x4 C:/ST/STM32CubeIDE_1.17.0/STM32CubeIDE/plugins/com.st.stm32cube.ide.mcu.externaltools.gnu-tools-for-stm32.12.3.rel1.win32_1.1.0.202410251130/tools/bin/../lib/gcc/arm-none-eabi/12.3.1/thumb/v7e-m+fp/hard\libgcc.a(_dvmd_tls.o)
                0x080083fc                __aeabi_idiv0
                0x080083fc                __aeabi_ldiv0
 *(.text*)
 .text.__NVIC_SetPriorityGrouping
                0x08008400       0x48 ./Core/Src/main.o
 .text.LL_I2C_EnableClockStretching
                0x08008448       0x20 ./Core/Src/main.o
 .text.LL_I2C_DisableGeneralCall
                0x08008468       0x20 ./Core/Src/main.o
 .text.LL_I2C_SetOwnAddress2
                0x08008488       0x26 ./Core/Src/main.o
 .text.LL_I2C_DisableOwnAddress2
                0x080084ae       0x20 ./Core/Src/main.o
 *fill*         0x080084ce        0x2 
 .text.LL_RCC_HSI_Enable
                0x080084d0       0x20 ./Core/Src/main.o
 .text.LL_RCC_HSI_IsReady
                0x080084f0       0x24 ./Core/Src/main.o
 .text.LL_RCC_HSI_SetCalibTrimming
                0x08008514       0x2c ./Core/Src/main.o
 .text.LL_RCC_LSI_Enable
                0x08008540       0x20 ./Core/Src/main.o
 .text.LL_RCC_LSI_IsReady
                0x08008560       0x24 ./Core/Src/main.o
 .text.LL_RCC_SetSysClkSource
                0x08008584       0x28 ./Core/Src/main.o
 .text.LL_RCC_GetSysClkSource
                0x080085ac       0x1c ./Core/Src/main.o
 .text.LL_RCC_SetAHBPrescaler
                0x080085c8       0x28 ./Core/Src/main.o
 .text.LL_RCC_SetAPB1Prescaler
                0x080085f0       0x28 ./Core/Src/main.o
 .text.LL_RCC_SetAPB2Prescaler
                0x08008618       0x28 ./Core/Src/main.o
 .text.LL_RCC_SetTIMPrescaler
                0x08008640       0x2c ./Core/Src/main.o
 .text.LL_RCC_PLL_Enable
                0x0800866c       0x20 ./Core/Src/main.o
 .text.LL_RCC_PLL_IsReady
                0x0800868c       0x28 ./Core/Src/main.o
 .text.LL_RCC_PLL_ConfigDomain_SYS
                0x080086b4       0x4c ./Core/Src/main.o
 .text.LL_AHB1_GRP1_EnableClock
                0x08008700       0x30 ./Core/Src/main.o
 .text.LL_APB1_GRP1_EnableClock
                0x08008730       0x30 ./Core/Src/main.o
 .text.LL_APB2_GRP1_EnableClock
                0x08008760       0x30 ./Core/Src/main.o
 .text.LL_SYSCFG_SetEXTISource
                0x08008790       0x5c ./Core/Src/main.o
 .text.LL_FLASH_SetLatency
                0x080087ec       0x28 ./Core/Src/main.o
 .text.LL_FLASH_GetLatency
                0x08008814       0x1c ./Core/Src/main.o
 .text.LL_PWR_SetRegulVoltageScaling
                0x08008830       0x28 ./Core/Src/main.o
 .text.LL_USART_Enable
                0x08008858       0x20 ./Core/Src/main.o
 .text.LL_USART_ConfigAsyncMode
                0x08008878       0x2c ./Core/Src/main.o
 .text.LL_GPIO_SetPinMode
                0x080088a4       0x5e ./Core/Src/main.o
 .text.LL_GPIO_SetPinPull
                0x08008902       0x5e ./Core/Src/main.o
 .text.LL_GPIO_ResetOutputPin
                0x08008960       0x1e ./Core/Src/main.o
 .text.main     0x0800897e       0x34 ./Core/Src/main.o
                0x0800897e                main
 *fill*         0x080089b2        0x2 
 .text.SystemClock_Config
                0x080089b4       0xa4 ./Core/Src/main.o
                0x080089b4                SystemClock_Config
 .text.MX_I2C3_Init
                0x08008a58       0xd8 ./Core/Src/main.o
 .text.MX_USART2_UART_Init
                0x08008b30       0xa0 ./Core/Src/main.o
 .text.MX_USART6_UART_Init
                0x08008bd0       0xa0 ./Core/Src/main.o
 .text.MX_GPIO_Init
                0x08008c70       0xb0 ./Core/Src/main.o
 .text._close   0x08008d20       0x18 ./Core/Src/syscalls.o
                0x08008d20                _close
 .text._fstat   0x08008d38       0x20 ./Core/Src/syscalls.o
                0x08008d38                _fstat
 .text._isatty  0x08008d58       0x16 ./Core/Src/syscalls.o
                0x08008d58                _isatty
 .text._lseek   0x08008d6e       0x1a ./Core/Src/syscalls.o
                0x08008d6e                _lseek
 .text._sbrk    0x08008d88       0x6c ./Core/Src/sysmem.o
                0x08008d88                _sbrk
 .text.SystemInit
                0x08008df4       0x24 ./Core/Src/system_stm32f4xx.o
                0x08008df4                SystemInit
 .text.Reset_Handler
                0x08008e18       0x50 ./Core/Startup/startup_stm32f401retx.o
                0x08008e18                Reset_Handler
 .text.Default_Handler
                0x08008e68       0x10 ./Core/Startup/startup_stm32f401retx.o
                0x08008e68                RTC_Alarm_IRQHandler
                0x08008e68                EXTI2_IRQHandler
                0x08008e68                DebugMon_Handler
                0x08008e68                SPI4_IRQHandler
                0x08008e68                TIM1_CC_IRQHandler
                0x08008e68                DMA2_Stream5_IRQHandler
                0x08008e68                HardFault_Handler
                0x08008e68                DMA1_Stream5_IRQHandler
                0x08008e68                PVD_IRQHandler
                0x08008e68                SDIO_IRQHandler
                0x08008e68                TAMP_STAMP_IRQHandler
                0x08008e68                PendSV_Handler
                0x08008e68                NMI_Handler
                0x08008e68                EXTI3_IRQHandler
                0x08008e68                TIM1_UP_TIM10_IRQHandler
                0x08008e68                EXTI0_IRQHandler
                0x08008e68                I2C2_EV_IRQHandler
                0x08008e68                DMA1_Stream2_IRQHandler
                0x08008e68                FPU_IRQHandler
                0x08008e68                UsageFault_Handler
                0x08008e68                DMA2_Stream2_IRQHandler
                0x08008e68                SPI1_IRQHandler
                0x08008e68                TIM1_BRK_TIM9_IRQHandler
                0x08008e68                DMA2_Stream3_IRQHandler
                0x08008e68                USART6_IRQHandler
                0x08008e68                DMA2_Stream0_IRQHandler
                0x08008e68                TIM4_IRQHandler
                0x08008e68                DMA1_Stream6_IRQHandler
                0x08008e68                DMA1_Stream1_IRQHandler
                0x08008e68                TIM3_IRQHandler
                0x08008e68                RCC_IRQHandler
                0x08008e68                Default_Handler
                0x08008e68                EXTI15_10_IRQHandler
                0x08008e68                ADC_IRQHandler
                0x08008e68                DMA1_Stream7_IRQHandler
                0x08008e68                TIM5_IRQHandler
                0x08008e68                DMA2_Stream7_IRQHandler
                0x08008e68                EXTI9_5_IRQHandler
                0x08008e68                RTC_WKUP_IRQHandler
                0x08008e68                SPI2_IRQHandler
                0x08008e68                MemManage_Handler
                0x08008e68                DMA1_Stream0_IRQHandler
                0x08008e68                SVC_Handler
                0x08008e68                EXTI4_IRQHandler
                0x08008e68                WWDG_IRQHandler
                0x08008e68                TIM2_IRQHandler
                0x08008e68                OTG_FS_WKUP_IRQHandler
                0x08008e68                TIM1_TRG_COM_TIM11_IRQHandler
                0x08008e68                EXTI1_IRQHandler
                0x08008e68                I2C2_ER_IRQHandler
                0x08008e68                DMA2_Stream1_IRQHandler
                0x08008e68                FLASH_IRQHandler
                0x08008e68                DMA2_Stream4_IRQHandler
                0x08008e68                BusFault_Handler
                0x08008e68                USART1_IRQHandler
                0x08008e68                OTG_FS_IRQHandler
                0x08008e68                SPI3_IRQHandler
                0x08008e68                DMA1_Stream4_IRQHandler
                0x08008e68                DMA2_Stream6_IRQHandler
                0x08008e68                DMA1_Stream3_IRQHandler
 .text.LL_EXTI_EnableIT_0_31
                0x08008e78       0x24 ./Drivers/STM32F4xx_HAL_Driver/Src/stm32f4xx_ll_exti.o
 .text.LL_EXTI_DisableIT_0_31
                0x08008e9c       0x28 ./Drivers/STM32F4xx_HAL_Driver/Src/stm32f4xx_ll_exti.o
 .text.LL_EXTI_EnableEvent_0_31
                0x08008ec4       0x24 ./Drivers/STM32F4xx_HAL_Driver/Src/stm32f4xx_ll_exti.o
 .text.LL_EXTI_DisableEvent_0_31
                0x08008ee8       0x28 ./Drivers/STM32F4xx_HAL_Driver/Src/stm32f4xx_ll_exti.o
 .text.LL_EXTI_EnableRisingTrig_0_31
                0x08008f10       0x24 ./Drivers/STM32F4xx_HAL_Driver/Src/stm32f4xx_ll_exti.o
 .text.LL_EXTI_DisableRisingTrig_0_31
                0x08008f34       0x28 ./Drivers/STM32F4xx_HAL_Driver/Src/stm32f4xx_ll_exti.o
 .text.LL_EXTI_EnableFallingTrig_0_31
                0x08008f5c       0x24 ./Drivers/STM32F4xx_HAL_Driver/Src/stm32f4xx_ll_exti.o
 .text.LL_EXTI_DisableFallingTrig_0_31
                0x08008f80       0x28 ./Drivers/STM32F4xx_HAL_Driver/Src/stm32f4xx_ll_exti.o
 .text.LL_EXTI_Init
                0x08008fa8       0xfe ./Drivers/STM32F4xx_HAL_Driver/Src/stm32f4xx_ll_exti.o
                0x08008fa8                LL_EXTI_Init
 .text.LL_GPIO_SetPinMode
                0x080090a6       0x5e ./Drivers/STM32F4xx_HAL_Driver/Src/stm32f4xx_ll_gpio.o
 .text.LL_GPIO_SetPinOutputType
                0x08009104       0x30 ./Drivers/STM32F4xx_HAL_Driver/Src/stm32f4xx_ll_gpio.o
 .text.LL_GPIO_SetPinSpeed
                0x08009134       0x5e ./Drivers/STM32F4xx_HAL_Driver/Src/stm32f4xx_ll_gpio.o
 .text.LL_GPIO_SetPinPull
                0x08009192       0x5e ./Drivers/STM32F4xx_HAL_Driver/Src/stm32f4xx_ll_gpio.o
 .text.LL_GPIO_SetAFPin_0_7
                0x080091f0       0x5e ./Drivers/STM32F4xx_HAL_Driver/Src/stm32f4xx_ll_gpio.o
 .text.LL_GPIO_SetAFPin_8_15
                0x0800924e       0x62 ./Drivers/STM32F4xx_HAL_Driver/Src/stm32f4xx_ll_gpio.o
 .text.LL_GPIO_Init
                0x080092b0       0xe6 ./Drivers/STM32F4xx_HAL_Driver/Src/stm32f4xx_ll_gpio.o
                0x080092b0                LL_GPIO_Init
 .text.LL_I2C_Enable
                0x08009396       0x20 ./Drivers/STM32F4xx_HAL_Driver/Src/stm32f4xx_ll_i2c.o
 .text.LL_I2C_Disable
                0x080093b6       0x20 ./Drivers/STM32F4xx_HAL_Driver/Src/stm32f4xx_ll_i2c.o
 .text.LL_I2C_ConfigFilters
                0x080093d6       0x2c ./Drivers/STM32F4xx_HAL_Driver/Src/stm32f4xx_ll_i2c.o
 .text.LL_I2C_SetOwnAddress1
                0x08009402       0x30 ./Drivers/STM32F4xx_HAL_Driver/Src/stm32f4xx_ll_i2c.o
 *fill*         0x08009432        0x2 
 .text.LL_I2C_ConfigSpeed
                0x08009434      0x130 ./Drivers/STM32F4xx_HAL_Driver/Src/stm32f4xx_ll_i2c.o
 .text.LL_I2C_SetMode
                0x08009564       0x26 ./Drivers/STM32F4xx_HAL_Driver/Src/stm32f4xx_ll_i2c.o
 .text.LL_I2C_AcknowledgeNextData
                0x0800958a       0x26 ./Drivers/STM32F4xx_HAL_Driver/Src/stm32f4xx_ll_i2c.o
 .text.LL_I2C_Init
                0x080095b0       0x72 ./Drivers/STM32F4xx_HAL_Driver/Src/stm32f4xx_ll_i2c.o
                0x080095b0                LL_I2C_Init
 *fill*         0x08009622        0x2 
 .text.LL_RCC_GetSysClkSource
                0x08009624       0x1c ./Drivers/STM32F4xx_HAL_Driver/Src/stm32f4xx_ll_rcc.o
 .text.LL_RCC_GetAHBPrescaler
                0x08009640       0x1c ./Drivers/STM32F4xx_HAL_Driver/Src/stm32f4xx_ll_rcc.o
 .text.LL_RCC_GetAPB1Prescaler
                0x0800965c       0x1c ./Drivers/STM32F4xx_HAL_Driver/Src/stm32f4xx_ll_rcc.o
 .text.LL_RCC_GetAPB2Prescaler
                0x08009678       0x1c ./Drivers/STM32F4xx_HAL_Driver/Src/stm32f4xx_ll_rcc.o
 .text.LL_RCC_PLL_GetMainSource
                0x08009694       0x1c ./Drivers/STM32F4xx_HAL_Driver/Src/stm32f4xx_ll_rcc.o
 .text.LL_RCC_PLL_GetN
                0x080096b0       0x1c ./Drivers/STM32F4xx_HAL_Driver/Src/stm32f4xx_ll_rcc.o
 .text.LL_RCC_PLL_GetP
                0x080096cc       0x1c ./Drivers/STM32F4xx_HAL_Driver/Src/stm32f4xx_ll_rcc.o
 .text.LL_RCC_PLL_GetDivider
                0x080096e8       0x1c ./Drivers/STM32F4xx_HAL_Driver/Src/stm32f4xx_ll_rcc.o
 .text.LL_RCC_GetSystemClocksFreq
                0x08009704       0x4a ./Drivers/STM32F4xx_HAL_Driver/Src/stm32f4xx_ll_rcc.o
                0x08009704                LL_RCC_GetSystemClocksFreq
 *fill*         0x0800974e        0x2 
 .text.RCC_GetSystemClockFreq
                0x08009750       0x50 ./Drivers/STM32F4xx_HAL_Driver/Src/stm32f4xx_ll_rcc.o
                0x08009750                RCC_GetSystemClockFreq
 .text.RCC_GetHCLKClockFreq
                0x080097a0       0x2c ./Drivers/STM32F4xx_HAL_Driver/Src/stm32f4xx_ll_rcc.o
                0x080097a0                RCC_GetHCLKClockFreq
 .text.RCC_GetPCLK1ClockFreq
                0x080097cc       0x28 ./Drivers/STM32F4xx_HAL_Driver/Src/stm32f4xx_ll_rcc.o
                0x080097cc                RCC_GetPCLK1ClockFreq
 .text.RCC_GetPCLK2ClockFreq
                0x080097f4       0x28 ./Drivers/STM32F4xx_HAL_Driver/Src/stm32f4xx_ll_rcc.o
                0x080097f4                RCC_GetPCLK2ClockFreq
 .text.RCC_PLL_GetFreqDomain_SYS
                0x0800981c       0x7c ./Drivers/STM32F4xx_HAL_Driver/Src/stm32f4xx_ll_rcc.o
                0x0800981c                RCC_PLL_GetFreqDomain_SYS
 .text.LL_USART_IsEnabled
                0x08009898       0x28 ./Drivers/STM32F4xx_HAL_Driver/Src/stm32f4xx_ll_usart.o
 .text.LL_USART_SetStopBitsLength
                0x080098c0       0x26 ./Drivers/STM32F4xx_HAL_Driver/Src/stm32f4xx_ll_usart.o
 .text.LL_USART_SetHWFlowCtrl
                0x080098e6       0x26 ./Drivers/STM32F4xx_HAL_Driver/Src/stm32f4xx_ll_usart.o
 .text.LL_USART_SetBaudRate
                0x0800990c      0x45c ./Drivers/STM32F4xx_HAL_Driver/Src/stm32f4xx_ll_usart.o
 .text.LL_USART_Init
                0x08009d68       0xc8 ./Drivers/STM32F4xx_HAL_Driver/Src/stm32f4xx_ll_usart.o
                0x08009d68                LL_USART_Init
 .text.LL_InitTick
                0x08009e30       0x34 ./Drivers/STM32F4xx_HAL_Driver/Src/stm32f4xx_ll_utils.o
 .text.LL_Init1msTick
                0x08009e64       0x1a ./Drivers/STM32F4xx_HAL_Driver/Src/stm32f4xx_ll_utils.o
                0x08009e64                LL_Init1msTick
 *fill*         0x08009e7e        0x2 
 .text.LL_SetSystemCoreClock
                0x08009e80       0x20 ./Drivers/STM32F4xx_HAL_Driver/Src/stm32f4xx_ll_utils.o
                0x08009e80                LL_SetSystemCoreClock
 .text.app_main
                0x08009ea0      0x368 ./app1/app_main.o
                0x08009ea0                app_main
 .text.cmd_main_status
                0x0800a208       0xa8 ./app1/app_main.o
 .text.blinky_init
                0x0800a2b0       0x5c ./modules/blinky/blinky.o
                0x0800a2b0                blinky_init
 .text.blinky_start
                0x0800a30c      0x114 ./modules/blinky/blinky.o
                0x0800a30c                blinky_start
 .text.blinky_set_code_blinks
                0x0800a420       0x20 ./modules/blinky/blinky.o
                0x0800a420                blinky_set_code_blinks
 .text.blinky_set_sep_blinks
                0x0800a440       0x20 ./modules/blinky/blinky.o
                0x0800a440                blinky_set_sep_blinks
 .text.blinky_set_code_period
                0x0800a460       0x20 ./modules/blinky/blinky.o
                0x0800a460                blinky_set_code_period
 .text.blinky_set_sep_period
                0x0800a480       0x20 ./modules/blinky/blinky.o
                0x0800a480                blinky_set_sep_period
 .text.cmd_blinky_status
                0x0800a4a0       0x50 ./modules/blinky/blinky.o
 .text.cmd_blinky_blinks
                0x0800a4f0       0x84 ./modules/blinky/blinky.o
 .text.start    0x0800a574       0x44 ./modules/blinky/blinky.o
 .text.tmr_cb   0x0800a5b8      0x1c4 ./modules/blinky/blinky.o
 .text.cmd_init
                0x0800a77c       0x20 ./modules/cmd/cmd.o
                0x0800a77c                cmd_init
 .text.cmd_register
                0x0800a79c       0x60 ./modules/cmd/cmd.o
                0x0800a79c                cmd_register
 .text.cmd_execute
                0x0800a7fc      0x5d4 ./modules/cmd/cmd.o
                0x0800a7fc                cmd_execute
 .text.cmd_parse_args
                0x0800add0      0x2e4 ./modules/cmd/cmd.o
                0x0800add0                cmd_parse_args
 .text.log_level_str
                0x0800b0b4       0x30 ./modules/cmd/cmd.o
 .text.log_level_int
                0x0800b0e4       0x4c ./modules/cmd/cmd.o
 .text.console_get_def_cfg
                0x0800b130       0x2e ./modules/console/console.o
                0x0800b130                console_get_def_cfg
 *fill*         0x0800b15e        0x2 
 .text.console_init
                0x0800b160       0x58 ./modules/console/console.o
                0x0800b160                console_init
 .text.console_run
                0x0800b1b8      0x1e4 ./modules/console/console.o
                0x0800b1b8                console_run
 .text.console_data_print
                0x0800b39c       0x3c ./modules/console/console.o
                0x0800b39c                console_data_print
 .text.console_emit_prompt
                0x0800b3d8       0x18 ./modules/console/console.o
                0x0800b3d8                console_emit_prompt
 .text.printc   0x0800b3f0       0xac ./modules/console/console.o
                0x0800b3f0                printc
 .text.vprintc  0x0800b49c       0xb4 ./modules/console/console.o
                0x0800b49c                vprintc
 .text.console_tx_idle
                0x0800b550       0x18 ./modules/console/console.o
                0x0800b550                console_tx_idle
 .text.printc_panic
                0x0800b568       0xac ./modules/console/console.o
                0x0800b568                printc_panic
 .text.LL_GPIO_SetPinMode
                0x0800b614       0x5e ./modules/dio/dio.o
 .text.LL_GPIO_GetPinMode
                0x0800b672       0x52 ./modules/dio/dio.o
 .text.LL_GPIO_SetPinOutputType
                0x0800b6c4       0x30 ./modules/dio/dio.o
 .text.LL_GPIO_GetPinOutputType
                0x0800b6f4       0x34 ./modules/dio/dio.o
 .text.LL_GPIO_SetPinSpeed
                0x0800b728       0x5e ./modules/dio/dio.o
 .text.LL_GPIO_GetPinSpeed
                0x0800b786       0x52 ./modules/dio/dio.o
 .text.LL_GPIO_SetPinPull
                0x0800b7d8       0x5e ./modules/dio/dio.o
 .text.LL_GPIO_GetPinPull
                0x0800b836       0x52 ./modules/dio/dio.o
 .text.LL_GPIO_GetAFPin_0_7
                0x0800b888       0x52 ./modules/dio/dio.o
 .text.LL_GPIO_GetAFPin_8_15
                0x0800b8da       0x56 ./modules/dio/dio.o
 .text.LL_GPIO_IsInputPinSet
                0x0800b930       0x2a ./modules/dio/dio.o
 .text.LL_GPIO_IsOutputPinSet
                0x0800b95a       0x2a ./modules/dio/dio.o
 .text.LL_GPIO_SetOutputPin
                0x0800b984       0x1c ./modules/dio/dio.o
 .text.LL_GPIO_ResetOutputPin
                0x0800b9a0       0x1e ./modules/dio/dio.o
 *fill*         0x0800b9be        0x2 
 .text.dio_init
                0x0800b9c0       0xdc ./modules/dio/dio.o
                0x0800b9c0                dio_init
 .text.dio_start
                0x0800ba9c       0x4c ./modules/dio/dio.o
                0x0800ba9c                dio_start
 .text.dio_get  0x0800bae8       0x6c ./modules/dio/dio.o
                0x0800bae8                dio_get
 .text.dio_get_out
                0x0800bb54       0x6c ./modules/dio/dio.o
                0x0800bb54                dio_get_out
 .text.dio_set  0x0800bbc0       0xa4 ./modules/dio/dio.o
                0x0800bbc0                dio_set
 .text.dio_get_num_out
                0x0800bc64       0x28 ./modules/dio/dio.o
                0x0800bc64                dio_get_num_out
 .text.cmd_dio_status
                0x0800bc8c      0x2c4 ./modules/dio/dio.o
 .text.cmd_dio_get
                0x0800bf50      0x13c ./modules/dio/dio.o
 .text.cmd_dio_set
                0x0800c08c      0x1d8 ./modules/dio/dio.o
 .text.gpio_pin_mode_to_str
                0x0800c264       0x64 ./modules/dio/dio.o
 .text.gpio_output_type_to_str
                0x0800c2c8       0x40 ./modules/dio/dio.o
 .text.gpio_pin_speed_to_str
                0x0800c308       0x64 ./modules/dio/dio.o
 .text.gpio_pull_to_str
                0x0800c36c       0x58 ./modules/dio/dio.o
 .text.__NVIC_SystemReset
                0x0800c3c4       0x2c ./modules/fault/fault.o
 .text.ARM_MPU_Enable
                0x0800c3f0       0x40 ./modules/fault/fault.o
 .text.ARM_MPU_Disable
                0x0800c430       0x3c ./modules/fault/fault.o
 .text.LL_MPU_ConfigRegion
                0x0800c46c       0x40 ./modules/fault/fault.o
 .text.fault_init
                0x0800c4ac       0x16 ./modules/fault/fault.o
                0x0800c4ac                fault_init
 *fill*         0x0800c4c2        0x2 
 .text.fault_start
                0x0800c4c4       0xb8 ./modules/fault/fault.o
                0x0800c4c4                fault_start
 .text.fault_detected
                0x0800c57c       0x58 ./modules/fault/fault.o
                0x0800c57c                fault_detected
 .text.fault_exception_handler
                0x0800c5d4       0x84 ./modules/fault/fault.o
                0x0800c5d4                fault_exception_handler
 .text.fault_get_rcc_csr
                0x0800c658       0x48 ./modules/fault/fault.o
                0x0800c658                fault_get_rcc_csr
 .text.fault_common_handler
                0x0800c6a0       0xcc ./modules/fault/fault.o
 .text.record_fault_data
                0x0800c76c       0xfc ./modules/fault/fault.o
 .text.wdg_triggered_handler
                0x0800c868       0x18 ./modules/fault/fault.o
 .text.cmd_fault_data
                0x0800c880       0x90 ./modules/fault/fault.o
 .text.cmd_fault_status
                0x0800c910       0xc4 ./modules/fault/fault.o
 .text.cmd_fault_test
                0x0800c9d4       0xd0 ./modules/fault/fault.o
 .text.test_overflow_stack
                0x0800caa4        0xc ./modules/fault/fault.o
 .text.flash_start
                0x0800cab0       0x4c ./modules/flash/flash.o
                0x0800cab0                flash_start
 .text.flash_panic_erase_page
                0x0800cafc       0xac ./modules/flash/flash.o
                0x0800cafc                flash_panic_erase_page
 .text.flash_panic_write
                0x0800cba8       0xb4 ./modules/flash/flash.o
                0x0800cba8                flash_panic_write
 .text.flash_unlock
                0x0800cc5c       0x30 ./modules/flash/flash.o
 .text.flash_panic_op_start
                0x0800cc8c       0x90 ./modules/flash/flash.o
 .text.flash_panic_op_complete
                0x0800cd1c       0xa0 ./modules/flash/flash.o
 .text.addr_to_page_num
                0x0800cdbc       0x40 ./modules/flash/flash.o
 .text.cmd_flash_erase
                0x0800cdfc       0x50 ./modules/flash/flash.o
 .text.cmd_flash_write
                0x0800ce4c      0x150 ./modules/flash/flash.o
 .text.__NVIC_GetPriorityGrouping
                0x0800cf9c       0x1c ./modules/i2c/i2c.o
 .text.__NVIC_EnableIRQ
                0x0800cfb8       0x3c ./modules/i2c/i2c.o
 .text.__NVIC_DisableIRQ
                0x0800cff4       0x48 ./modules/i2c/i2c.o
 .text.__NVIC_SetPriority
                0x0800d03c       0x54 ./modules/i2c/i2c.o
 .text.NVIC_EncodePriority
                0x0800d090       0x66 ./modules/i2c/i2c.o
 .text.LL_I2C_Enable
                0x0800d0f6       0x20 ./modules/i2c/i2c.o
 .text.LL_I2C_Disable
                0x0800d116       0x20 ./modules/i2c/i2c.o
 .text.LL_I2C_DisableIT_BUF
                0x0800d136       0x20 ./modules/i2c/i2c.o
 .text.LL_I2C_EnableIT_ERR
                0x0800d156       0x20 ./modules/i2c/i2c.o
 .text.LL_I2C_IsActiveFlag_BUSY
                0x0800d176       0x26 ./modules/i2c/i2c.o
 .text.LL_I2C_AcknowledgeNextData
                0x0800d19c       0x26 ./modules/i2c/i2c.o
 .text.LL_I2C_GenerateStartCondition
                0x0800d1c2       0x20 ./modules/i2c/i2c.o
 .text.LL_I2C_GenerateStopCondition
                0x0800d1e2       0x20 ./modules/i2c/i2c.o
 .text.LL_I2C_EnableBitPOS
                0x0800d202       0x20 ./modules/i2c/i2c.o
 .text.LL_I2C_DisableBitPOS
                0x0800d222       0x20 ./modules/i2c/i2c.o
 .text.i2c_get_def_cfg
                0x0800d242       0x20 ./modules/i2c/i2c.o
                0x0800d242                i2c_get_def_cfg
 *fill*         0x0800d262        0x2 
 .text.i2c_init
                0x0800d264       0x78 ./modules/i2c/i2c.o
                0x0800d264                i2c_init
 .text.i2c_start
                0x0800d2dc      0x12c ./modules/i2c/i2c.o
                0x0800d2dc                i2c_start
 .text.i2c_reserve
                0x0800d408       0x80 ./modules/i2c/i2c.o
                0x0800d408                i2c_reserve
 .text.i2c_release
                0x0800d488       0x48 ./modules/i2c/i2c.o
                0x0800d488                i2c_release
 .text.i2c_write
                0x0800d4d0       0x2a ./modules/i2c/i2c.o
                0x0800d4d0                i2c_write
 .text.i2c_read
                0x0800d4fa       0x2a ./modules/i2c/i2c.o
                0x0800d4fa                i2c_read
 .text.i2c_get_error
                0x0800d524       0x40 ./modules/i2c/i2c.o
                0x0800d524                i2c_get_error
 .text.i2c_get_op_status
                0x0800d564       0x6c ./modules/i2c/i2c.o
                0x0800d564                i2c_get_op_status
 .text.i2c_bus_busy
                0x0800d5d0       0x48 ./modules/i2c/i2c.o
                0x0800d5d0                i2c_bus_busy
 .text.I2C1_EV_IRQHandler
                0x0800d618       0x12 ./modules/i2c/i2c.o
                0x0800d618                I2C1_EV_IRQHandler
 .text.I2C1_ER_IRQHandler
                0x0800d62a       0x12 ./modules/i2c/i2c.o
                0x0800d62a                I2C1_ER_IRQHandler
 .text.I2C3_EV_IRQHandler
                0x0800d63c       0x12 ./modules/i2c/i2c.o
                0x0800d63c                I2C3_EV_IRQHandler
 .text.I2C3_ER_IRQHandler
                0x0800d64e       0x12 ./modules/i2c/i2c.o
                0x0800d64e                I2C3_ER_IRQHandler
 .text.start_op
                0x0800d660      0x13c ./modules/i2c/i2c.o
 .text.i2c_interrupt
                0x0800d79c      0x298 ./modules/i2c/i2c.o
 .text.tmr_callback
                0x0800da34       0x6c ./modules/i2c/i2c.o
 .text.handle_receive_addr
                0x0800daa0       0xa0 ./modules/i2c/i2c.o
 .text.handle_receive_rxne
                0x0800db40       0xa4 ./modules/i2c/i2c.o
 .text.handle_receive_btf
                0x0800dbe4       0xf4 ./modules/i2c/i2c.o
 .text.op_stop_success
                0x0800dcd8       0x78 ./modules/i2c/i2c.o
 .text.op_stop_fail
                0x0800dd50       0xc8 ./modules/i2c/i2c.o
 .text.cmd_i2c_status
                0x0800de18       0x84 ./modules/i2c/i2c.o
 .text.cmd_i2c_test
                0x0800de9c      0x2e0 ./modules/i2c/i2c.o
 .text.log_toggle_active
                0x0800e17c       0x20 ./modules/log/log.o
                0x0800e17c                log_toggle_active
 .text.log_is_active
                0x0800e19c       0x18 ./modules/log/log.o
                0x0800e19c                log_is_active
 .text.log_printf
                0x0800e1b4       0x58 ./modules/log/log.o
                0x0800e1b4                log_printf
 .text.lwl_start
                0x0800e20c       0x4c ./modules/lwl/lwl.o
                0x0800e20c                lwl_start
 .text.lwl_rec  0x0800e258       0xf4 ./modules/lwl/lwl.o
                0x0800e258                lwl_rec
 .text.lwl_enable
                0x0800e34c       0x20 ./modules/lwl/lwl.o
                0x0800e34c                lwl_enable
 .text.lwl_get_buffer
                0x0800e36c       0x24 ./modules/lwl/lwl.o
                0x0800e36c                lwl_get_buffer
 .text.prepare_data_for_output
                0x0800e390       0x2c ./modules/lwl/lwl.o
 .text.cmd_lwl_status
                0x0800e3bc       0x34 ./modules/lwl/lwl.o
 .text.cmd_lwl_test
                0x0800e3f0       0x8c ./modules/lwl/lwl.o
 .text.cmd_lwl_enable
                0x0800e47c       0x60 ./modules/lwl/lwl.o
 .text.cmd_lwl_dump
                0x0800e4dc       0x28 ./modules/lwl/lwl.o
 .text.mem_start
                0x0800e504       0x64 ./modules/mem/mem.o
                0x0800e504                mem_start
 .text.mem_run  0x0800e568       0xe8 ./modules/mem/mem.o
                0x0800e568                mem_run
 .text.cmd_mem_read
                0x0800e650       0xdc ./modules/mem/mem.o
 .text.cmd_mem_write
                0x0800e72c       0xd4 ./modules/mem/mem.o
 .text.stat_dur_init
                0x0800e800       0x28 ./modules/stat/stat.o
                0x0800e800                stat_dur_init
 .text.stat_dur_restart
                0x0800e828       0x8a ./modules/stat/stat.o
                0x0800e828                stat_dur_restart
 .text.stat_dur_avg_us
                0x0800e8b2       0x98 ./modules/stat/stat.o
                0x0800e8b2                stat_dur_avg_us
 .text.tmphm_get_def_cfg
                0x0800e94a       0x40 ./modules/tmphm/tmphm.o
                0x0800e94a                tmphm_get_def_cfg
 *fill*         0x0800e98a        0x2 
 .text.tmphm_init
                0x0800e98c       0x40 ./modules/tmphm/tmphm.o
                0x0800e98c                tmphm_init
 .text.tmphm_start
                0x0800e9cc       0xc8 ./modules/tmphm/tmphm.o
                0x0800e9cc                tmphm_start
 .text.tmphm_run
                0x0800ea94      0x3b8 ./modules/tmphm/tmphm.o
                0x0800ea94                tmphm_run
 .text.tmphm_get_last_meas
                0x0800ee4c       0x7c ./modules/tmphm/tmphm.o
                0x0800ee4c                tmphm_get_last_meas
 .text.tmr_callback
                0x0800eec8       0xc0 ./modules/tmphm/tmphm.o
 .text.cmd_tmphm_status
                0x0800ef88       0xac ./modules/tmphm/tmphm.o
 .text.cmd_tmphm_test
                0x0800f034      0x244 ./modules/tmphm/tmphm.o
 .text.crc8     0x0800f278       0x74 ./modules/tmphm/tmphm.o
 .text.LL_SYSTICK_EnableIT
                0x0800f2ec       0x20 ./modules/tmr/tmr.o
 .text.tmr_init
                0x0800f30c       0x48 ./modules/tmr/tmr.o
                0x0800f30c                tmr_init
 .text.tmr_start
                0x0800f354       0x64 ./modules/tmr/tmr.o
                0x0800f354                tmr_start
 .text.tmr_run  0x0800f3b8       0xb8 ./modules/tmr/tmr.o
                0x0800f3b8                tmr_run
 .text.tmr_get_ms
                0x0800f470       0x18 ./modules/tmr/tmr.o
                0x0800f470                tmr_get_ms
 .text.tmr_inst_get
                0x0800f488       0x98 ./modules/tmr/tmr.o
                0x0800f488                tmr_inst_get
 .text.tmr_inst_get_cb
                0x0800f520       0x4c ./modules/tmr/tmr.o
                0x0800f520                tmr_inst_get_cb
 .text.tmr_inst_start
                0x0800f56c       0x74 ./modules/tmr/tmr.o
                0x0800f56c                tmr_inst_start
 .text.tmr_inst_release
                0x0800f5e0       0x40 ./modules/tmr/tmr.o
                0x0800f5e0                tmr_inst_release
 .text.tmr_inst_is_expired
                0x0800f620       0x48 ./modules/tmr/tmr.o
                0x0800f620                tmr_inst_is_expired
 .text.SysTick_Handler
                0x0800f668      0x130 ./modules/tmr/tmr.o
                0x0800f668                SysTick_Handler
 .text.tmr_state_str
                0x0800f798       0x68 ./modules/tmr/tmr.o
 .text.cmd_tmr_status
                0x0800f800      0x15c ./modules/tmr/tmr.o
 .text.cmd_tmr_test
                0x0800f95c      0x19c ./modules/tmr/tmr.o
 .text.test_cb_func
                0x0800faf8       0x44 ./modules/tmr/tmr.o
 .text.__NVIC_GetPriorityGrouping
                0x0800fb3c       0x1c ./modules/ttys/ttys.o
 .text.__NVIC_EnableIRQ
                0x0800fb58       0x3c ./modules/ttys/ttys.o
 .text.__NVIC_DisableIRQ
                0x0800fb94       0x48 ./modules/ttys/ttys.o
 .text.__NVIC_SetPriority
                0x0800fbdc       0x54 ./modules/ttys/ttys.o
 .text.NVIC_EncodePriority
                0x0800fc30       0x66 ./modules/ttys/ttys.o
 .text.LL_USART_EnableIT_RXNE
                0x0800fc96       0x46 ./modules/ttys/ttys.o
 .text.LL_USART_EnableIT_TXE
                0x0800fcdc       0x46 ./modules/ttys/ttys.o
 .text.LL_USART_DisableIT_TXE
                0x0800fd22       0x46 ./modules/ttys/ttys.o
 .text.ttys_get_def_cfg
                0x0800fd68       0x38 ./modules/ttys/ttys.o
                0x0800fd68                ttys_get_def_cfg
 .text.ttys_init
                0x0800fda0       0xd4 ./modules/ttys/ttys.o
                0x0800fda0                ttys_init
 .text.ttys_start
                0x0800fe74       0xdc ./modules/ttys/ttys.o
                0x0800fe74                ttys_start
 .text.ttys_putc
                0x0800ff50       0xe8 ./modules/ttys/ttys.o
                0x0800ff50                ttys_putc
 .text.ttys_getc
                0x08010038       0xa4 ./modules/ttys/ttys.o
                0x08010038                ttys_getc
 .text.ttys_get_fd
                0x080100dc       0x54 ./modules/ttys/ttys.o
                0x080100dc                ttys_get_fd
 .text.ttys_get_stream
                0x08010130       0x38 ./modules/ttys/ttys.o
                0x08010130                ttys_get_stream
 .text.ttys_tx_idle
                0x08010168       0x54 ./modules/ttys/ttys.o
                0x08010168                ttys_tx_idle
 .text.USART2_IRQHandler
                0x080101bc       0x10 ./modules/ttys/ttys.o
                0x080101bc                USART2_IRQHandler
 .text.ttys_putc_panic
                0x080101cc       0x7a ./modules/ttys/ttys.o
                0x080101cc                ttys_putc_panic
 *fill*         0x08010246        0x2 
 .text.ttys_interrupt
                0x08010248      0x1dc ./modules/ttys/ttys.o
 .text.get_instance_info
                0x08010424       0x64 ./modules/ttys/ttys.o
 .text.cmd_ttys_status
                0x08010488       0x88 ./modules/ttys/ttys.o
 .text.cmd_ttys_test
                0x08010510      0x298 ./modules/ttys/ttys.o
 .text.fd_to_instance
                0x080107a8       0x26 ./modules/ttys/ttys.o
 *fill*         0x080107ce        0x2 
 .text._write   0x080107d0       0x8c ./modules/ttys/ttys.o
                0x080107d0                _write
 .text._read    0x0801085c       0xa4 ./modules/ttys/ttys.o
                0x0801085c                _read
 .text.LL_IWDG_Enable
                0x08010900       0x1c ./modules/wdg/wdg.o
 .text.LL_IWDG_ReloadCounter
                0x0801091c       0x1c ./modules/wdg/wdg.o
 .text.LL_IWDG_EnableWriteAccess
                0x08010938       0x1c ./modules/wdg/wdg.o
 .text.LL_IWDG_SetPrescaler
                0x08010954       0x20 ./modules/wdg/wdg.o
 .text.LL_IWDG_SetReloadCounter
                0x08010974       0x20 ./modules/wdg/wdg.o
 .text.LL_IWDG_IsReady
                0x08010994       0x26 ./modules/wdg/wdg.o
 *fill*         0x080109ba        0x2 
 .text.wdg_init
                0x080109bc       0x20 ./modules/wdg/wdg.o
                0x080109bc                wdg_init
 .text.wdg_start
                0x080109dc       0x88 ./modules/wdg/wdg.o
                0x080109dc                wdg_start
 .text.wdg_register
                0x08010a64       0x40 ./modules/wdg/wdg.o
                0x08010a64                wdg_register
 .text.wdg_feed
                0x08010aa4       0x34 ./modules/wdg/wdg.o
                0x08010aa4                wdg_feed
 .text.wdg_register_triggered_cb
                0x08010ad8       0x20 ./modules/wdg/wdg.o
                0x08010ad8                wdg_register_triggered_cb
 .text.wdg_start_init_hdw_wdg
                0x08010af8       0x44 ./modules/wdg/wdg.o
                0x08010af8                wdg_start_init_hdw_wdg
 .text.wdg_init_successful
                0x08010b3c       0x1c ./modules/wdg/wdg.o
                0x08010b3c                wdg_init_successful
 .text.wdg_start_hdw_wdg
                0x08010b58       0xb0 ./modules/wdg/wdg.o
                0x08010b58                wdg_start_hdw_wdg
 .text.wdg_feed_hdw
                0x08010c08       0x14 ./modules/wdg/wdg.o
                0x08010c08                wdg_feed_hdw
 .text.wdg_tmr_cb
                0x08010c1c       0xa8 ./modules/wdg/wdg.o
 .text.validate_no_init_vars
                0x08010cc4       0x78 ./modules/wdg/wdg.o
 .text.update_no_init_vars
                0x08010d3c       0x54 ./modules/wdg/wdg.o
 .text.cmd_wdg_status
                0x08010d90       0xa4 ./modules/wdg/wdg.o
 .text.cmd_wdg_test
                0x08010e34       0xf0 ./modules/wdg/wdg.o
 .text._strtol_l.constprop.0
                0x08010f24       0xf4 C:/ST/STM32CubeIDE_1.17.0/STM32CubeIDE/plugins/com.st.stm32cube.ide.mcu.externaltools.gnu-tools-for-stm32.12.3.rel1.win32_1.1.0.202410251130/tools/bin/../lib/gcc/arm-none-eabi/12.3.1/../../../../arm-none-eabi/lib/thumb/v7e-m+fp/hard\libc_nano.a(libc_a-strtol.o)
 .text.strtol   0x08011018       0x14 C:/ST/STM32CubeIDE_1.17.0/STM32CubeIDE/plugins/com.st.stm32cube.ide.mcu.externaltools.gnu-tools-for-stm32.12.3.rel1.win32_1.1.0.202410251130/tools/bin/../lib/gcc/arm-none-eabi/12.3.1/../../../../arm-none-eabi/lib/thumb/v7e-m+fp/hard\libc_nano.a(libc_a-strtol.o)
                0x08011018                strtol
 .text._strtoul_l.constprop.0
                0x0801102c       0xdc C:/ST/STM32CubeIDE_1.17.0/STM32CubeIDE/plugins/com.st.stm32cube.ide.mcu.externaltools.gnu-tools-for-stm32.12.3.rel1.win32_1.1.0.202410251130/tools/bin/../lib/gcc/arm-none-eabi/12.3.1/../../../../arm-none-eabi/lib/thumb/v7e-m+fp/hard\libc_nano.a(libc_a-strtoul.o)
 .text.strtoul  0x08011108       0x14 C:/ST/STM32CubeIDE_1.17.0/STM32CubeIDE/plugins/com.st.stm32cube.ide.mcu.externaltools.gnu-tools-for-stm32.12.3.rel1.win32_1.1.0.202410251130/tools/bin/../lib/gcc/arm-none-eabi/12.3.1/../../../../arm-none-eabi/lib/thumb/v7e-m+fp/hard\libc_nano.a(libc_a-strtoul.o)
                0x08011108                strtoul
 .text._fdopen_r
                0x0801111c       0x74 C:/ST/STM32CubeIDE_1.17.0/STM32CubeIDE/plugins/com.st.stm32cube.ide.mcu.externaltools.gnu-tools-for-stm32.12.3.rel1.win32_1.1.0.202410251130/tools/bin/../lib/gcc/arm-none-eabi/12.3.1/../../../../arm-none-eabi/lib/thumb/v7e-m+fp/hard\libc_nano.a(libc_a-fdopen.o)
                0x0801111c                _fdopen_r
 .text.fdopen   0x08011190       0x10 C:/ST/STM32CubeIDE_1.17.0/STM32CubeIDE/plugins/com.st.stm32cube.ide.mcu.externaltools.gnu-tools-for-stm32.12.3.rel1.win32_1.1.0.202410251130/tools/bin/../lib/gcc/arm-none-eabi/12.3.1/../../../../arm-none-eabi/lib/thumb/v7e-m+fp/hard\libc_nano.a(libc_a-fdopen.o)
                0x08011190                fdopen
 .text.__sflush_r
                0x080111a0      0x108 C:/ST/STM32CubeIDE_1.17.0/STM32CubeIDE/plugins/com.st.stm32cube.ide.mcu.externaltools.gnu-tools-for-stm32.12.3.rel1.win32_1.1.0.202410251130/tools/bin/../lib/gcc/arm-none-eabi/12.3.1/../../../../arm-none-eabi/lib/thumb/v7e-m+fp/hard\libc_nano.a(libc_a-fflush.o)
                0x080111a0                __sflush_r
 .text._fflush_r
                0x080112a8       0x50 C:/ST/STM32CubeIDE_1.17.0/STM32CubeIDE/plugins/com.st.stm32cube.ide.mcu.externaltools.gnu-tools-for-stm32.12.3.rel1.win32_1.1.0.202410251130/tools/bin/../lib/gcc/arm-none-eabi/12.3.1/../../../../arm-none-eabi/lib/thumb/v7e-m+fp/hard\libc_nano.a(libc_a-fflush.o)
                0x080112a8                _fflush_r
 .text.fflush   0x080112f8       0x28 C:/ST/STM32CubeIDE_1.17.0/STM32CubeIDE/plugins/com.st.stm32cube.ide.mcu.externaltools.gnu-tools-for-stm32.12.3.rel1.win32_1.1.0.202410251130/tools/bin/../lib/gcc/arm-none-eabi/12.3.1/../../../../arm-none-eabi/lib/thumb/v7e-m+fp/hard\libc_nano.a(libc_a-fflush.o)
                0x080112f8                fflush
 .text._fgetc_r
                0x08011320       0x56 C:/ST/STM32CubeIDE_1.17.0/STM32CubeIDE/plugins/com.st.stm32cube.ide.mcu.externaltools.gnu-tools-for-stm32.12.3.rel1.win32_1.1.0.202410251130/tools/bin/../lib/gcc/arm-none-eabi/12.3.1/../../../../arm-none-eabi/lib/thumb/v7e-m+fp/hard\libc_nano.a(libc_a-fgetc.o)
                0x08011320                _fgetc_r
 *fill*         0x08011376        0x2 
 .text.fgetc    0x08011378       0x10 C:/ST/STM32CubeIDE_1.17.0/STM32CubeIDE/plugins/com.st.stm32cube.ide.mcu.externaltools.gnu-tools-for-stm32.12.3.rel1.win32_1.1.0.202410251130/tools/bin/../lib/gcc/arm-none-eabi/12.3.1/../../../../arm-none-eabi/lib/thumb/v7e-m+fp/hard\libc_nano.a(libc_a-fgetc.o)
                0x08011378                fgetc
 .text.std      0x08011388       0x6c C:/ST/STM32CubeIDE_1.17.0/STM32CubeIDE/plugins/com.st.stm32cube.ide.mcu.externaltools.gnu-tools-for-stm32.12.3.rel1.win32_1.1.0.202410251130/tools/bin/../lib/gcc/arm-none-eabi/12.3.1/../../../../arm-none-eabi/lib/thumb/v7e-m+fp/hard\libc_nano.a(libc_a-findfp.o)
 .text.stdio_exit_handler
                0x080113f4       0x18 C:/ST/STM32CubeIDE_1.17.0/STM32CubeIDE/plugins/com.st.stm32cube.ide.mcu.externaltools.gnu-tools-for-stm32.12.3.rel1.win32_1.1.0.202410251130/tools/bin/../lib/gcc/arm-none-eabi/12.3.1/../../../../arm-none-eabi/lib/thumb/v7e-m+fp/hard\libc_nano.a(libc_a-findfp.o)
 .text.cleanup_stdio
                0x0801140c       0x40 C:/ST/STM32CubeIDE_1.17.0/STM32CubeIDE/plugins/com.st.stm32cube.ide.mcu.externaltools.gnu-tools-for-stm32.12.3.rel1.win32_1.1.0.202410251130/tools/bin/../lib/gcc/arm-none-eabi/12.3.1/../../../../arm-none-eabi/lib/thumb/v7e-m+fp/hard\libc_nano.a(libc_a-findfp.o)
 .text.global_stdio_init.part.0
                0x0801144c       0x3c C:/ST/STM32CubeIDE_1.17.0/STM32CubeIDE/plugins/com.st.stm32cube.ide.mcu.externaltools.gnu-tools-for-stm32.12.3.rel1.win32_1.1.0.202410251130/tools/bin/../lib/gcc/arm-none-eabi/12.3.1/../../../../arm-none-eabi/lib/thumb/v7e-m+fp/hard\libc_nano.a(libc_a-findfp.o)
 .text.__sfp_lock_acquire
                0x08011488        0xc C:/ST/STM32CubeIDE_1.17.0/STM32CubeIDE/plugins/com.st.stm32cube.ide.mcu.externaltools.gnu-tools-for-stm32.12.3.rel1.win32_1.1.0.202410251130/tools/bin/../lib/gcc/arm-none-eabi/12.3.1/../../../../arm-none-eabi/lib/thumb/v7e-m+fp/hard\libc_nano.a(libc_a-findfp.o)
                0x08011488                __sfp_lock_acquire
 .text.__sfp_lock_release
                0x08011494        0xc C:/ST/STM32CubeIDE_1.17.0/STM32CubeIDE/plugins/com.st.stm32cube.ide.mcu.externaltools.gnu-tools-for-stm32.12.3.rel1.win32_1.1.0.202410251130/tools/bin/../lib/gcc/arm-none-eabi/12.3.1/../../../../arm-none-eabi/lib/thumb/v7e-m+fp/hard\libc_nano.a(libc_a-findfp.o)
                0x08011494                __sfp_lock_release
 .text.__sfp    0x080114a0       0xa4 C:/ST/STM32CubeIDE_1.17.0/STM32CubeIDE/plugins/com.st.stm32cube.ide.mcu.externaltools.gnu-tools-for-stm32.12.3.rel1.win32_1.1.0.202410251130/tools/bin/../lib/gcc/arm-none-eabi/12.3.1/../../../../arm-none-eabi/lib/thumb/v7e-m+fp/hard\libc_nano.a(libc_a-findfp.o)
                0x080114a0                __sfp
 .text.__sinit  0x08011544       0x30 C:/ST/STM32CubeIDE_1.17.0/STM32CubeIDE/plugins/com.st.stm32cube.ide.mcu.externaltools.gnu-tools-for-stm32.12.3.rel1.win32_1.1.0.202410251130/tools/bin/../lib/gcc/arm-none-eabi/12.3.1/../../../../arm-none-eabi/lib/thumb/v7e-m+fp/hard\libc_nano.a(libc_a-findfp.o)
                0x08011544                __sinit
 .text.__sflags
                0x08011574       0x6c C:/ST/STM32CubeIDE_1.17.0/STM32CubeIDE/plugins/com.st.stm32cube.ide.mcu.externaltools.gnu-tools-for-stm32.12.3.rel1.win32_1.1.0.202410251130/tools/bin/../lib/gcc/arm-none-eabi/12.3.1/../../../../arm-none-eabi/lib/thumb/v7e-m+fp/hard\libc_nano.a(libc_a-flags.o)
                0x08011574                __sflags
 .text.fprintf  0x080115e0       0x24 C:/ST/STM32CubeIDE_1.17.0/STM32CubeIDE/plugins/com.st.stm32cube.ide.mcu.externaltools.gnu-tools-for-stm32.12.3.rel1.win32_1.1.0.202410251130/tools/bin/../lib/gcc/arm-none-eabi/12.3.1/../../../../arm-none-eabi/lib/thumb/v7e-m+fp/hard\libc_nano.a(libc_a-fprintf.o)
                0x080115e0                fiprintf
                0x080115e0                fprintf
 .text._fwalk_sglue
                0x08011604       0x3c C:/ST/STM32CubeIDE_1.17.0/STM32CubeIDE/plugins/com.st.stm32cube.ide.mcu.externaltools.gnu-tools-for-stm32.12.3.rel1.win32_1.1.0.202410251130/tools/bin/../lib/gcc/arm-none-eabi/12.3.1/../../../../arm-none-eabi/lib/thumb/v7e-m+fp/hard\libc_nano.a(libc_a-fwalk.o)
                0x08011604                _fwalk_sglue
 .text.printf   0x08011640       0x24 C:/ST/STM32CubeIDE_1.17.0/STM32CubeIDE/plugins/com.st.stm32cube.ide.mcu.externaltools.gnu-tools-for-stm32.12.3.rel1.win32_1.1.0.202410251130/tools/bin/../lib/gcc/arm-none-eabi/12.3.1/../../../../arm-none-eabi/lib/thumb/v7e-m+fp/hard\libc_nano.a(libc_a-printf.o)
                0x08011640                iprintf
                0x08011640                printf
 .text.__srget_r
                0x08011664       0x30 C:/ST/STM32CubeIDE_1.17.0/STM32CubeIDE/plugins/com.st.stm32cube.ide.mcu.externaltools.gnu-tools-for-stm32.12.3.rel1.win32_1.1.0.202410251130/tools/bin/../lib/gcc/arm-none-eabi/12.3.1/../../../../arm-none-eabi/lib/thumb/v7e-m+fp/hard\libc_nano.a(libc_a-rget.o)
                0x08011664                __srget_r
 .text.setvbuf  0x08011694      0x168 C:/ST/STM32CubeIDE_1.17.0/STM32CubeIDE/plugins/com.st.stm32cube.ide.mcu.externaltools.gnu-tools-for-stm32.12.3.rel1.win32_1.1.0.202410251130/tools/bin/../lib/gcc/arm-none-eabi/12.3.1/../../../../arm-none-eabi/lib/thumb/v7e-m+fp/hard\libc_nano.a(libc_a-setvbuf.o)
                0x08011694                setvbuf
 .text.__sread  0x080117fc       0x22 C:/ST/STM32CubeIDE_1.17.0/STM32CubeIDE/plugins/com.st.stm32cube.ide.mcu.externaltools.gnu-tools-for-stm32.12.3.rel1.win32_1.1.0.202410251130/tools/bin/../lib/gcc/arm-none-eabi/12.3.1/../../../../arm-none-eabi/lib/thumb/v7e-m+fp/hard\libc_nano.a(libc_a-stdio.o)
                0x080117fc                __sread
 .text.__swrite
                0x0801181e       0x38 C:/ST/STM32CubeIDE_1.17.0/STM32CubeIDE/plugins/com.st.stm32cube.ide.mcu.externaltools.gnu-tools-for-stm32.12.3.rel1.win32_1.1.0.202410251130/tools/bin/../lib/gcc/arm-none-eabi/12.3.1/../../../../arm-none-eabi/lib/thumb/v7e-m+fp/hard\libc_nano.a(libc_a-stdio.o)
                0x0801181e                __swrite
 .text.__sseek  0x08011856       0x24 C:/ST/STM32CubeIDE_1.17.0/STM32CubeIDE/plugins/com.st.stm32cube.ide.mcu.externaltools.gnu-tools-for-stm32.12.3.rel1.win32_1.1.0.202410251130/tools/bin/../lib/gcc/arm-none-eabi/12.3.1/../../../../arm-none-eabi/lib/thumb/v7e-m+fp/hard\libc_nano.a(libc_a-stdio.o)
                0x08011856                __sseek
 .text.__sclose
                0x0801187a        0x8 C:/ST/STM32CubeIDE_1.17.0/STM32CubeIDE/plugins/com.st.stm32cube.ide.mcu.externaltools.gnu-tools-for-stm32.12.3.rel1.win32_1.1.0.202410251130/tools/bin/../lib/gcc/arm-none-eabi/12.3.1/../../../../arm-none-eabi/lib/thumb/v7e-m+fp/hard\libc_nano.a(libc_a-stdio.o)
                0x0801187a                __sclose
 .text._vsnprintf_r
                0x08011882       0x56 C:/ST/STM32CubeIDE_1.17.0/STM32CubeIDE/plugins/com.st.stm32cube.ide.mcu.externaltools.gnu-tools-for-stm32.12.3.rel1.win32_1.1.0.202410251130/tools/bin/../lib/gcc/arm-none-eabi/12.3.1/../../../../arm-none-eabi/lib/thumb/v7e-m+fp/hard\libc_nano.a(libc_a-vsnprintf.o)
                0x08011882                _vsniprintf_r
                0x08011882                _vsnprintf_r
 .text.vsnprintf
                0x080118d8       0x1c C:/ST/STM32CubeIDE_1.17.0/STM32CubeIDE/plugins/com.st.stm32cube.ide.mcu.externaltools.gnu-tools-for-stm32.12.3.rel1.win32_1.1.0.202410251130/tools/bin/../lib/gcc/arm-none-eabi/12.3.1/../../../../arm-none-eabi/lib/thumb/v7e-m+fp/hard\libc_nano.a(libc_a-vsnprintf.o)
                0x080118d8                vsniprintf
                0x080118d8                vsnprintf
 .text.memset   0x080118f4       0x10 C:/ST/STM32CubeIDE_1.17.0/STM32CubeIDE/plugins/com.st.stm32cube.ide.mcu.externaltools.gnu-tools-for-stm32.12.3.rel1.win32_1.1.0.202410251130/tools/bin/../lib/gcc/arm-none-eabi/12.3.1/../../../../arm-none-eabi/lib/thumb/v7e-m+fp/hard\libc_nano.a(libc_a-memset.o)
                0x080118f4                memset
 .text.strcasecmp
                0x08011904       0x34 C:/ST/STM32CubeIDE_1.17.0/STM32CubeIDE/plugins/com.st.stm32cube.ide.mcu.externaltools.gnu-tools-for-stm32.12.3.rel1.win32_1.1.0.202410251130/tools/bin/../lib/gcc/arm-none-eabi/12.3.1/../../../../arm-none-eabi/lib/thumb/v7e-m+fp/hard\libc_nano.a(libc_a-strcasecmp.o)
                0x08011904                strcasecmp
 .text._close_r
                0x08011938       0x20 C:/ST/STM32CubeIDE_1.17.0/STM32CubeIDE/plugins/com.st.stm32cube.ide.mcu.externaltools.gnu-tools-for-stm32.12.3.rel1.win32_1.1.0.202410251130/tools/bin/../lib/gcc/arm-none-eabi/12.3.1/../../../../arm-none-eabi/lib/thumb/v7e-m+fp/hard\libc_nano.a(libc_a-closer.o)
                0x08011938                _close_r
 .text._lseek_r
                0x08011958       0x24 C:/ST/STM32CubeIDE_1.17.0/STM32CubeIDE/plugins/com.st.stm32cube.ide.mcu.externaltools.gnu-tools-for-stm32.12.3.rel1.win32_1.1.0.202410251130/tools/bin/../lib/gcc/arm-none-eabi/12.3.1/../../../../arm-none-eabi/lib/thumb/v7e-m+fp/hard\libc_nano.a(libc_a-lseekr.o)
                0x08011958                _lseek_r
 .text._read_r  0x0801197c       0x24 C:/ST/STM32CubeIDE_1.17.0/STM32CubeIDE/plugins/com.st.stm32cube.ide.mcu.externaltools.gnu-tools-for-stm32.12.3.rel1.win32_1.1.0.202410251130/tools/bin/../lib/gcc/arm-none-eabi/12.3.1/../../../../arm-none-eabi/lib/thumb/v7e-m+fp/hard\libc_nano.a(libc_a-readr.o)
                0x0801197c                _read_r
 .text._write_r
                0x080119a0       0x24 C:/ST/STM32CubeIDE_1.17.0/STM32CubeIDE/plugins/com.st.stm32cube.ide.mcu.externaltools.gnu-tools-for-stm32.12.3.rel1.win32_1.1.0.202410251130/tools/bin/../lib/gcc/arm-none-eabi/12.3.1/../../../../arm-none-eabi/lib/thumb/v7e-m+fp/hard\libc_nano.a(libc_a-writer.o)
                0x080119a0                _write_r
 .text.__errno  0x080119c4        0xc C:/ST/STM32CubeIDE_1.17.0/STM32CubeIDE/plugins/com.st.stm32cube.ide.mcu.externaltools.gnu-tools-for-stm32.12.3.rel1.win32_1.1.0.202410251130/tools/bin/../lib/gcc/arm-none-eabi/12.3.1/../../../../arm-none-eabi/lib/thumb/v7e-m+fp/hard\libc_nano.a(libc_a-errno.o)
                0x080119c4                __errno
 .text.__libc_init_array
                0x080119d0       0x48 C:/ST/STM32CubeIDE_1.17.0/STM32CubeIDE/plugins/com.st.stm32cube.ide.mcu.externaltools.gnu-tools-for-stm32.12.3.rel1.win32_1.1.0.202410251130/tools/bin/../lib/gcc/arm-none-eabi/12.3.1/../../../../arm-none-eabi/lib/thumb/v7e-m+fp/hard\libc_nano.a(libc_a-init.o)
                0x080119d0                __libc_init_array
 .text.__retarget_lock_init_recursive
                0x08011a18        0x2 C:/ST/STM32CubeIDE_1.17.0/STM32CubeIDE/plugins/com.st.stm32cube.ide.mcu.externaltools.gnu-tools-for-stm32.12.3.rel1.win32_1.1.0.202410251130/tools/bin/../lib/gcc/arm-none-eabi/12.3.1/../../../../arm-none-eabi/lib/thumb/v7e-m+fp/hard\libc_nano.a(libc_a-lock.o)
                0x08011a18                __retarget_lock_init_recursive
 .text.__retarget_lock_acquire_recursive
                0x08011a1a        0x2 C:/ST/STM32CubeIDE_1.17.0/STM32CubeIDE/plugins/com.st.stm32cube.ide.mcu.externaltools.gnu-tools-for-stm32.12.3.rel1.win32_1.1.0.202410251130/tools/bin/../lib/gcc/arm-none-eabi/12.3.1/../../../../arm-none-eabi/lib/thumb/v7e-m+fp/hard\libc_nano.a(libc_a-lock.o)
                0x08011a1a                __retarget_lock_acquire_recursive
 .text.__retarget_lock_release_recursive
                0x08011a1c        0x2 C:/ST/STM32CubeIDE_1.17.0/STM32CubeIDE/plugins/com.st.stm32cube.ide.mcu.externaltools.gnu-tools-for-stm32.12.3.rel1.win32_1.1.0.202410251130/tools/bin/../lib/gcc/arm-none-eabi/12.3.1/../../../../arm-none-eabi/lib/thumb/v7e-m+fp/hard\libc_nano.a(libc_a-lock.o)
                0x08011a1c                __retarget_lock_release_recursive
 *fill*         0x08011a1e        0x2 
 .text.read     0x08011a20       0x14 C:/ST/STM32CubeIDE_1.17.0/STM32CubeIDE/plugins/com.st.stm32cube.ide.mcu.externaltools.gnu-tools-for-stm32.12.3.rel1.win32_1.1.0.202410251130/tools/bin/../lib/gcc/arm-none-eabi/12.3.1/../../../../arm-none-eabi/lib/thumb/v7e-m+fp/hard\libc_nano.a(libc_a-sysread.o)
                0x08011a20                read
 .text.write    0x08011a34       0x14 C:/ST/STM32CubeIDE_1.17.0/STM32CubeIDE/plugins/com.st.stm32cube.ide.mcu.externaltools.gnu-tools-for-stm32.12.3.rel1.win32_1.1.0.202410251130/tools/bin/../lib/gcc/arm-none-eabi/12.3.1/../../../../arm-none-eabi/lib/thumb/v7e-m+fp/hard\libc_nano.a(libc_a-syswrite.o)
                0x08011a34                write
 .text.memcpy   0x08011a48       0x1c C:/ST/STM32CubeIDE_1.17.0/STM32CubeIDE/plugins/com.st.stm32cube.ide.mcu.externaltools.gnu-tools-for-stm32.12.3.rel1.win32_1.1.0.202410251130/tools/bin/../lib/gcc/arm-none-eabi/12.3.1/../../../../arm-none-eabi/lib/thumb/v7e-m+fp/hard\libc_nano.a(libc_a-memcpy-stub.o)
                0x08011a48                memcpy
 .text._free_r  0x08011a64       0x94 C:/ST/STM32CubeIDE_1.17.0/STM32CubeIDE/plugins/com.st.stm32cube.ide.mcu.externaltools.gnu-tools-for-stm32.12.3.rel1.win32_1.1.0.202410251130/tools/bin/../lib/gcc/arm-none-eabi/12.3.1/../../../../arm-none-eabi/lib/thumb/v7e-m+fp/hard\libc_nano.a(libc_a-freer.o)
                0x08011a64                _free_r
 .text.malloc   0x08011af8       0x10 C:/ST/STM32CubeIDE_1.17.0/STM32CubeIDE/plugins/com.st.stm32cube.ide.mcu.externaltools.gnu-tools-for-stm32.12.3.rel1.win32_1.1.0.202410251130/tools/bin/../lib/gcc/arm-none-eabi/12.3.1/../../../../arm-none-eabi/lib/thumb/v7e-m+fp/hard\libc_nano.a(libc_a-malloc.o)
                0x08011af8                malloc
 .text.sbrk_aligned
                0x08011b08       0x44 C:/ST/STM32CubeIDE_1.17.0/STM32CubeIDE/plugins/com.st.stm32cube.ide.mcu.externaltools.gnu-tools-for-stm32.12.3.rel1.win32_1.1.0.202410251130/tools/bin/../lib/gcc/arm-none-eabi/12.3.1/../../../../arm-none-eabi/lib/thumb/v7e-m+fp/hard\libc_nano.a(libc_a-mallocr.o)
 .text._malloc_r
                0x08011b4c      0x100 C:/ST/STM32CubeIDE_1.17.0/STM32CubeIDE/plugins/com.st.stm32cube.ide.mcu.externaltools.gnu-tools-for-stm32.12.3.rel1.win32_1.1.0.202410251130/tools/bin/../lib/gcc/arm-none-eabi/12.3.1/../../../../arm-none-eabi/lib/thumb/v7e-m+fp/hard\libc_nano.a(libc_a-mallocr.o)
                0x08011b4c                _malloc_r
 .text.__malloc_lock
                0x08011c4c        0xc C:/ST/STM32CubeIDE_1.17.0/STM32CubeIDE/plugins/com.st.stm32cube.ide.mcu.externaltools.gnu-tools-for-stm32.12.3.rel1.win32_1.1.0.202410251130/tools/bin/../lib/gcc/arm-none-eabi/12.3.1/../../../../arm-none-eabi/lib/thumb/v7e-m+fp/hard\libc_nano.a(libc_a-mlock.o)
                0x08011c4c                __malloc_lock
 .text.__malloc_unlock
                0x08011c58        0xc C:/ST/STM32CubeIDE_1.17.0/STM32CubeIDE/plugins/com.st.stm32cube.ide.mcu.externaltools.gnu-tools-for-stm32.12.3.rel1.win32_1.1.0.202410251130/tools/bin/../lib/gcc/arm-none-eabi/12.3.1/../../../../arm-none-eabi/lib/thumb/v7e-m+fp/hard\libc_nano.a(libc_a-mlock.o)
                0x08011c58                __malloc_unlock
 .text.__ssputs_r
                0x08011c64       0xb6 C:/ST/STM32CubeIDE_1.17.0/STM32CubeIDE/plugins/com.st.stm32cube.ide.mcu.externaltools.gnu-tools-for-stm32.12.3.rel1.win32_1.1.0.202410251130/tools/bin/../lib/gcc/arm-none-eabi/12.3.1/../../../../arm-none-eabi/lib/thumb/v7e-m+fp/hard\libc_nano.a(libc_a-nano-svfprintf.o)
                0x08011c64                __ssputs_r
 *fill*         0x08011d1a        0x2 
 .text._svfprintf_r
                0x08011d1c      0x1f8 C:/ST/STM32CubeIDE_1.17.0/STM32CubeIDE/plugins/com.st.stm32cube.ide.mcu.externaltools.gnu-tools-for-stm32.12.3.rel1.win32_1.1.0.202410251130/tools/bin/../lib/gcc/arm-none-eabi/12.3.1/../../../../arm-none-eabi/lib/thumb/v7e-m+fp/hard\libc_nano.a(libc_a-nano-svfprintf.o)
                0x08011d1c                _svfiprintf_r
                0x08011d1c                _svfprintf_r
 .text.__sfputc_r
                0x08011f14       0x2e C:/ST/STM32CubeIDE_1.17.0/STM32CubeIDE/plugins/com.st.stm32cube.ide.mcu.externaltools.gnu-tools-for-stm32.12.3.rel1.win32_1.1.0.202410251130/tools/bin/../lib/gcc/arm-none-eabi/12.3.1/../../../../arm-none-eabi/lib/thumb/v7e-m+fp/hard\libc_nano.a(libc_a-nano-vfprintf.o)
 .text.__sfputs_r
                0x08011f42       0x24 C:/ST/STM32CubeIDE_1.17.0/STM32CubeIDE/plugins/com.st.stm32cube.ide.mcu.externaltools.gnu-tools-for-stm32.12.3.rel1.win32_1.1.0.202410251130/tools/bin/../lib/gcc/arm-none-eabi/12.3.1/../../../../arm-none-eabi/lib/thumb/v7e-m+fp/hard\libc_nano.a(libc_a-nano-vfprintf.o)
                0x08011f42                __sfputs_r
 *fill*         0x08011f66        0x2 
 .text._vfprintf_r
                0x08011f68      0x230 C:/ST/STM32CubeIDE_1.17.0/STM32CubeIDE/plugins/com.st.stm32cube.ide.mcu.externaltools.gnu-tools-for-stm32.12.3.rel1.win32_1.1.0.202410251130/tools/bin/../lib/gcc/arm-none-eabi/12.3.1/../../../../arm-none-eabi/lib/thumb/v7e-m+fp/hard\libc_nano.a(libc_a-nano-vfprintf.o)
                0x08011f68                _vfprintf_r
                0x08011f68                _vfiprintf_r
 .text._printf_common
                0x08012198       0xda C:/ST/STM32CubeIDE_1.17.0/STM32CubeIDE/plugins/com.st.stm32cube.ide.mcu.externaltools.gnu-tools-for-stm32.12.3.rel1.win32_1.1.0.202410251130/tools/bin/../lib/gcc/arm-none-eabi/12.3.1/../../../../arm-none-eabi/lib/thumb/v7e-m+fp/hard\libc_nano.a(libc_a-nano-vfprintf_i.o)
                0x08012198                _printf_common
 *fill*         0x08012272        0x2 
 .text._printf_i
                0x08012274      0x240 C:/ST/STM32CubeIDE_1.17.0/STM32CubeIDE/plugins/com.st.stm32cube.ide.mcu.externaltools.gnu-tools-for-stm32.12.3.rel1.win32_1.1.0.202410251130/tools/bin/../lib/gcc/arm-none-eabi/12.3.1/../../../../arm-none-eabi/lib/thumb/v7e-m+fp/hard\libc_nano.a(libc_a-nano-vfprintf_i.o)
                0x08012274                _printf_i
 .text.__swhatbuf_r
                0x080124b4       0x4c C:/ST/STM32CubeIDE_1.17.0/STM32CubeIDE/plugins/com.st.stm32cube.ide.mcu.externaltools.gnu-tools-for-stm32.12.3.rel1.win32_1.1.0.202410251130/tools/bin/../lib/gcc/arm-none-eabi/12.3.1/../../../../arm-none-eabi/lib/thumb/v7e-m+fp/hard\libc_nano.a(libc_a-makebuf.o)
                0x080124b4                __swhatbuf_r
 .text.__smakebuf_r
                0x08012500       0x78 C:/ST/STM32CubeIDE_1.17.0/STM32CubeIDE/plugins/com.st.stm32cube.ide.mcu.externaltools.gnu-tools-for-stm32.12.3.rel1.win32_1.1.0.202410251130/tools/bin/../lib/gcc/arm-none-eabi/12.3.1/../../../../arm-none-eabi/lib/thumb/v7e-m+fp/hard\libc_nano.a(libc_a-makebuf.o)
                0x08012500                __smakebuf_r
 .text.lflush   0x08012578       0x1c C:/ST/STM32CubeIDE_1.17.0/STM32CubeIDE/plugins/com.st.stm32cube.ide.mcu.externaltools.gnu-tools-for-stm32.12.3.rel1.win32_1.1.0.202410251130/tools/bin/../lib/gcc/arm-none-eabi/12.3.1/../../../../arm-none-eabi/lib/thumb/v7e-m+fp/hard\libc_nano.a(libc_a-refill.o)
 .text.__srefill_r
                0x08012594       0xe8 C:/ST/STM32CubeIDE_1.17.0/STM32CubeIDE/plugins/com.st.stm32cube.ide.mcu.externaltools.gnu-tools-for-stm32.12.3.rel1.win32_1.1.0.202410251130/tools/bin/../lib/gcc/arm-none-eabi/12.3.1/../../../../arm-none-eabi/lib/thumb/v7e-m+fp/hard\libc_nano.a(libc_a-refill.o)
                0x08012594                __srefill_r
 .text.__swbuf_r
                0x0801267c       0x7c C:/ST/STM32CubeIDE_1.17.0/STM32CubeIDE/plugins/com.st.stm32cube.ide.mcu.externaltools.gnu-tools-for-stm32.12.3.rel1.win32_1.1.0.202410251130/tools/bin/../lib/gcc/arm-none-eabi/12.3.1/../../../../arm-none-eabi/lib/thumb/v7e-m+fp/hard\libc_nano.a(libc_a-wbuf.o)
                0x0801267c                __swbuf_r
 .text.__swsetup_r
                0x080126f8       0xac C:/ST/STM32CubeIDE_1.17.0/STM32CubeIDE/plugins/com.st.stm32cube.ide.mcu.externaltools.gnu-tools-for-stm32.12.3.rel1.win32_1.1.0.202410251130/tools/bin/../lib/gcc/arm-none-eabi/12.3.1/../../../../arm-none-eabi/lib/thumb/v7e-m+fp/hard\libc_nano.a(libc_a-wsetup.o)
                0x080126f8                __swsetup_r
 .text.memmove  0x080127a4       0x34 C:/ST/STM32CubeIDE_1.17.0/STM32CubeIDE/plugins/com.st.stm32cube.ide.mcu.externaltools.gnu-tools-for-stm32.12.3.rel1.win32_1.1.0.202410251130/tools/bin/../lib/gcc/arm-none-eabi/12.3.1/../../../../arm-none-eabi/lib/thumb/v7e-m+fp/hard\libc_nano.a(libc_a-memmove.o)
                0x080127a4                memmove
 .text._fstat_r
                0x080127d8       0x24 C:/ST/STM32CubeIDE_1.17.0/STM32CubeIDE/plugins/com.st.stm32cube.ide.mcu.externaltools.gnu-tools-for-stm32.12.3.rel1.win32_1.1.0.202410251130/tools/bin/../lib/gcc/arm-none-eabi/12.3.1/../../../../arm-none-eabi/lib/thumb/v7e-m+fp/hard\libc_nano.a(libc_a-fstatr.o)
                0x080127d8                _fstat_r
 .text._isatty_r
                0x080127fc       0x20 C:/ST/STM32CubeIDE_1.17.0/STM32CubeIDE/plugins/com.st.stm32cube.ide.mcu.externaltools.gnu-tools-for-stm32.12.3.rel1.win32_1.1.0.202410251130/tools/bin/../lib/gcc/arm-none-eabi/12.3.1/../../../../arm-none-eabi/lib/thumb/v7e-m+fp/hard\libc_nano.a(libc_a-isattyr.o)
                0x080127fc                _isatty_r
 .text._sbrk_r  0x0801281c       0x20 C:/ST/STM32CubeIDE_1.17.0/STM32CubeIDE/plugins/com.st.stm32cube.ide.mcu.externaltools.gnu-tools-for-stm32.12.3.rel1.win32_1.1.0.202410251130/tools/bin/../lib/gcc/arm-none-eabi/12.3.1/../../../../arm-none-eabi/lib/thumb/v7e-m+fp/hard\libc_nano.a(libc_a-sbrkr.o)
                0x0801281c                _sbrk_r
 .text._realloc_r
                0x0801283c       0x5c C:/ST/STM32CubeIDE_1.17.0/STM32CubeIDE/plugins/com.st.stm32cube.ide.mcu.externaltools.gnu-tools-for-stm32.12.3.rel1.win32_1.1.0.202410251130/tools/bin/../lib/gcc/arm-none-eabi/12.3.1/../../../../arm-none-eabi/lib/thumb/v7e-m+fp/hard\libc_nano.a(libc_a-reallocr.o)
                0x0801283c                _realloc_r
 .text._malloc_usable_size_r
                0x08012898       0x10 C:/ST/STM32CubeIDE_1.17.0/STM32CubeIDE/plugins/com.st.stm32cube.ide.mcu.externaltools.gnu-tools-for-stm32.12.3.rel1.win32_1.1.0.202410251130/tools/bin/../lib/gcc/arm-none-eabi/12.3.1/../../../../arm-none-eabi/lib/thumb/v7e-m+fp/hard\libc_nano.a(libc_a-msizer.o)
                0x08012898                _malloc_usable_size_r
 *(.glue_7)
 .glue_7        0x080128a8        0x0 linker stubs
 *(.glue_7t)
 .glue_7t       0x080128a8        0x0 linker stubs
 *(.eh_frame)
 .eh_frame      0x080128a8        0x0 C:/ST/STM32CubeIDE_1.17.0/STM32CubeIDE/plugins/com.st.stm32cube.ide.mcu.externaltools.gnu-tools-for-stm32.12.3.rel1.win32_1.1.0.202410251130/tools/bin/../lib/gcc/arm-none-eabi/12.3.1/thumb/v7e-m+fp/hard/crtbegin.o
 *(.init)
 .init          0x080128a8        0x4 C:/ST/STM32CubeIDE_1.17.0/STM32CubeIDE/plugins/com.st.stm32cube.ide.mcu.externaltools.gnu-tools-for-stm32.12.3.rel1.win32_1.1.0.202410251130/tools/bin/../lib/gcc/arm-none-eabi/12.3.1/thumb/v7e-m+fp/hard/crti.o
                0x080128a8                _init
 .init          0x080128ac        0x8 C:/ST/STM32CubeIDE_1.17.0/STM32CubeIDE/plugins/com.st.stm32cube.ide.mcu.externaltools.gnu-tools-for-stm32.12.3.rel1.win32_1.1.0.202410251130/tools/bin/../lib/gcc/arm-none-eabi/12.3.1/thumb/v7e-m+fp/hard/crtn.o
 *(.fini)
 .fini          0x080128b4        0x4 C:/ST/STM32CubeIDE_1.17.0/STM32CubeIDE/plugins/com.st.stm32cube.ide.mcu.externaltools.gnu-tools-for-stm32.12.3.rel1.win32_1.1.0.202410251130/tools/bin/../lib/gcc/arm-none-eabi/12.3.1/thumb/v7e-m+fp/hard/crti.o
                0x080128b4                _fini
 .fini          0x080128b8        0x8 C:/ST/STM32CubeIDE_1.17.0/STM32CubeIDE/plugins/com.st.stm32cube.ide.mcu.externaltools.gnu-tools-for-stm32.12.3.rel1.win32_1.1.0.202410251130/tools/bin/../lib/gcc/arm-none-eabi/12.3.1/thumb/v7e-m+fp/hard/crtn.o
                0x080128c0                        . = ALIGN (0x4)
                0x080128c0                        _etext = .

.vfp11_veneer   0x080128c0        0x0
 .vfp11_veneer  0x080128c0        0x0 linker stubs

.v4_bx          0x080128c0        0x0
 .v4_bx         0x080128c0        0x0 linker stubs

.iplt           0x080128c0        0x0
 .iplt          0x080128c0        0x0 C:/ST/STM32CubeIDE_1.17.0/STM32CubeIDE/plugins/com.st.stm32cube.ide.mcu.externaltools.gnu-tools-for-stm32.12.3.rel1.win32_1.1.0.202410251130/tools/bin/../lib/gcc/arm-none-eabi/12.3.1/thumb/v7e-m+fp/hard/crtbegin.o

.rodata         0x080128c0     0x2778
                0x080128c0                        . = ALIGN (0x4)
 *(.rodata)
 .rodata        0x080128c0      0x244 ./app1/app_main.o
 .rodata        0x08012b04      0x261 ./modules/blinky/blinky.o
 *fill*         0x08012d65        0x3 
 .rodata        0x08012d68      0x364 ./modules/cmd/cmd.o
 .rodata        0x080130cc       0x70 ./modules/console/console.o
 .rodata        0x0801313c      0x2df ./modules/dio/dio.o
 *fill*         0x0801341b        0x1 
 .rodata        0x0801341c      0x38c ./modules/fault/fault.o
 .rodata        0x080137a8       0xec ./modules/flash/flash.o
 .rodata        0x08013894      0x591 ./modules/i2c/i2c.o
 *fill*         0x08013e25        0x3 
 .rodata        0x08013e28        0xb ./modules/log/log.o
 *fill*         0x08013e33        0x1 
 .rodata        0x08013e34       0xaa ./modules/lwl/lwl.o
 *fill*         0x08013ede        0x2 
 .rodata        0x08013ee0      0x12c ./modules/mem/mem.o
 .rodata        0x0801400c      0x3b0 ./modules/tmphm/tmphm.o
 .rodata        0x080143bc      0x437 ./modules/tmr/tmr.o
 *fill*         0x080147f3        0x1 
 .rodata        0x080147f4      0x406 ./modules/ttys/ttys.o
 *fill*         0x08014bfa        0x2 
 .rodata        0x08014bfc      0x27f ./modules/wdg/wdg.o
 *(.rodata*)
 *fill*         0x08014e7b        0x1 
 .rodata.AHBPrescTable
                0x08014e7c       0x10 ./Core/Src/system_stm32f4xx.o
                0x08014e7c                AHBPrescTable
 .rodata.APBPrescTable
                0x08014e8c        0x8 ./Core/Src/system_stm32f4xx.o
                0x08014e8c                APBPrescTable
 .rodata.reset_info.0
                0x08014e94       0x38 ./modules/fault/fault.o
 .rodata.sector_addr.0
                0x08014ecc       0x20 ./modules/flash/flash.o
 .rodata.sensor_i2c_cmd
                0x08014eec        0x2 ./modules/tmphm/tmphm.o
                0x08014eec                sensor_i2c_cmd
 *fill*         0x08014eee        0x2 
 .rodata.sec_per_day.2
                0x08014ef0        0x4 ./modules/tmr/tmr.o
 .rodata.sec_per_hour.1
                0x08014ef4        0x4 ./modules/tmr/tmr.o
 .rodata.sec_per_min.0
                0x08014ef8        0x4 ./modules/tmr/tmr.o
 .rodata.num_u32_to_check.1
                0x08014efc        0x4 ./modules/wdg/wdg.o
 .rodata.num_u32_to_check.0
                0x08014f00        0x4 ./modules/wdg/wdg.o
 .rodata._ctype_
                0x08014f04      0x101 C:/ST/STM32CubeIDE_1.17.0/STM32CubeIDE/plugins/com.st.stm32cube.ide.mcu.externaltools.gnu-tools-for-stm32.12.3.rel1.win32_1.1.0.202410251130/tools/bin/../lib/gcc/arm-none-eabi/12.3.1/../../../../arm-none-eabi/lib/thumb/v7e-m+fp/hard\libc_nano.a(libc_a-ctype_.o)
                0x08014f04                _ctype_
 .rodata._svfprintf_r.str1.1
                0x08015005       0x11 C:/ST/STM32CubeIDE_1.17.0/STM32CubeIDE/plugins/com.st.stm32cube.ide.mcu.externaltools.gnu-tools-for-stm32.12.3.rel1.win32_1.1.0.202410251130/tools/bin/../lib/gcc/arm-none-eabi/12.3.1/../../../../arm-none-eabi/lib/thumb/v7e-m+fp/hard\libc_nano.a(libc_a-nano-svfprintf.o)
 .rodata._vfprintf_r.str1.1
                0x08015016       0x11 C:/ST/STM32CubeIDE_1.17.0/STM32CubeIDE/plugins/com.st.stm32cube.ide.mcu.externaltools.gnu-tools-for-stm32.12.3.rel1.win32_1.1.0.202410251130/tools/bin/../lib/gcc/arm-none-eabi/12.3.1/../../../../arm-none-eabi/lib/thumb/v7e-m+fp/hard\libc_nano.a(libc_a-nano-vfprintf.o)
 .rodata._printf_i.str1.1
                0x08015016       0x22 C:/ST/STM32CubeIDE_1.17.0/STM32CubeIDE/plugins/com.st.stm32cube.ide.mcu.externaltools.gnu-tools-for-stm32.12.3.rel1.win32_1.1.0.202410251130/tools/bin/../lib/gcc/arm-none-eabi/12.3.1/../../../../arm-none-eabi/lib/thumb/v7e-m+fp/hard\libc_nano.a(libc_a-nano-vfprintf_i.o)
                0x08015038                        . = ALIGN (0x4)

.ARM.extab      0x08015038        0x0
                0x08015038                        . = ALIGN (0x4)
 *(.ARM.extab* .gnu.linkonce.armextab.*)
                0x08015038                        . = ALIGN (0x4)

.ARM            0x08015038        0x8
                0x08015038                        . = ALIGN (0x4)
                0x08015038                        __exidx_start = .
 *(.ARM.exidx*)
 .ARM.exidx     0x08015038        0x8 C:/ST/STM32CubeIDE_1.17.0/STM32CubeIDE/plugins/com.st.stm32cube.ide.mcu.externaltools.gnu-tools-for-stm32.12.3.rel1.win32_1.1.0.202410251130/tools/bin/../lib/gcc/arm-none-eabi/12.3.1/../../../../arm-none-eabi/lib/thumb/v7e-m+fp/hard\libc_nano.a(libc_a-strcmp.o)
 .ARM.exidx     0x08015040        0x0 C:/ST/STM32CubeIDE_1.17.0/STM32CubeIDE/plugins/com.st.stm32cube.ide.mcu.externaltools.gnu-tools-for-stm32.12.3.rel1.win32_1.1.0.202410251130/tools/bin/../lib/gcc/arm-none-eabi/12.3.1/../../../../arm-none-eabi/lib/thumb/v7e-m+fp/hard\libc_nano.a(libc_a-strlen.o)
                                  0x8 (size before relaxing)
 .ARM.exidx     0x08015040        0x0 C:/ST/STM32CubeIDE_1.17.0/STM32CubeIDE/plugins/com.st.stm32cube.ide.mcu.externaltools.gnu-tools-for-stm32.12.3.rel1.win32_1.1.0.202410251130/tools/bin/../lib/gcc/arm-none-eabi/12.3.1/../../../../arm-none-eabi/lib/thumb/v7e-m+fp/hard\libc_nano.a(libc_a-memchr.o)
                                  0x8 (size before relaxing)
 .ARM.exidx     0x08015040        0x0 C:/ST/STM32CubeIDE_1.17.0/STM32CubeIDE/plugins/com.st.stm32cube.ide.mcu.externaltools.gnu-tools-for-stm32.12.3.rel1.win32_1.1.0.202410251130/tools/bin/../lib/gcc/arm-none-eabi/12.3.1/thumb/v7e-m+fp/hard\libgcc.a(_udivmoddi4.o)
                                  0x8 (size before relaxing)
                0x08015040                        __exidx_end = .
                0x08015040                        . = ALIGN (0x4)

.rel.dyn        0x08015040        0x0
 .rel.iplt      0x08015040        0x0 C:/ST/STM32CubeIDE_1.17.0/STM32CubeIDE/plugins/com.st.stm32cube.ide.mcu.externaltools.gnu-tools-for-stm32.12.3.rel1.win32_1.1.0.202410251130/tools/bin/../lib/gcc/arm-none-eabi/12.3.1/thumb/v7e-m+fp/hard/crtbegin.o

.preinit_array  0x08015040        0x0
                0x08015040                        . = ALIGN (0x4)
                0x08015040                        PROVIDE (__preinit_array_start = .)
 *(.preinit_array*)
                0x08015040                        PROVIDE (__preinit_array_end = .)
                0x08015040                        . = ALIGN (0x4)

.init_array     0x08015040        0x4
                0x08015040                        . = ALIGN (0x4)
                0x08015040                        PROVIDE (__init_array_start = .)
 *(SORT_BY_NAME(.init_array.*))
 *(.init_array*)
 .init_array    0x08015040        0x4 C:/ST/STM32CubeIDE_1.17.0/STM32CubeIDE/plugins/com.st.stm32cube.ide.mcu.externaltools.gnu-tools-for-stm32.12.3.rel1.win32_1.1.0.202410251130/tools/bin/../lib/gcc/arm-none-eabi/12.3.1/thumb/v7e-m+fp/hard/crtbegin.o
                0x08015044                        PROVIDE (__init_array_end = .)
                0x08015044                        . = ALIGN (0x4)

.fini_array     0x08015044        0x4
                0x08015044                        . = ALIGN (0x4)
                [!provide]                        PROVIDE (__fini_array_start = .)
 *(SORT_BY_NAME(.fini_array.*))
 *(.fini_array*)
 .fini_array    0x08015044        0x4 C:/ST/STM32CubeIDE_1.17.0/STM32CubeIDE/plugins/com.st.stm32cube.ide.mcu.externaltools.gnu-tools-for-stm32.12.3.rel1.win32_1.1.0.202410251130/tools/bin/../lib/gcc/arm-none-eabi/12.3.1/thumb/v7e-m+fp/hard/crtbegin.o
                [!provide]                        PROVIDE (__fini_array_end = .)
                0x08015048                        . = ALIGN (0x4)
                0x08015048                        _sidata = LOADADDR (.data)

.data           0x20000000      0x5e8 load address 0x08015048
                0x20000000                        . = ALIGN (0x4)
                0x20000000                        _sdata = .
 *(.data)
 *(.data*)
 .data.SystemCoreClock
                0x20000000        0x4 ./Core/Src/system_stm32f4xx.o
                0x20000000                SystemCoreClock
 .data.log_level
                0x20000004        0x4 ./app1/app_main.o
 .data.cmds     0x20000008        0xc ./app1/app_main.o
 .data.cnts_u16_names
                0x20000014        0xc ./app1/app_main.o
 .data.cmd_info
                0x20000020       0x1c ./app1/app_main.o
 .data.d_inputs
                0x2000003c       0x28 ./app1/app_main.o
 .data.d_outputs
                0x20000064       0x1c ./app1/app_main.o
 .data.dio_cfg  0x20000080       0x10 ./app1/app_main.o
 .data.blinky_cfg
                0x20000090       0x14 ./app1/app_main.o
 .data.mods     0x200000a4      0x16c ./app1/app_main.o
 .data.cmds     0x20000210       0x24 ./modules/blinky/blinky.o
 .data.log_level
                0x20000234        0x4 ./modules/blinky/blinky.o
 .data.cmd_info
                0x20000238       0x1c ./modules/blinky/blinky.o
 .data.log_level
                0x20000254        0x4 ./modules/cmd/cmd.o
 .data.log_level_names
                0x20000258       0x18 ./modules/cmd/cmd.o
 .data.log_level
                0x20000270        0x4 ./modules/console/console.o
 .data.cmds     0x20000274       0x24 ./modules/dio/dio.o
 .data.log_level
                0x20000298        0x4 ./modules/dio/dio.o
 .data.cmd_info
                0x2000029c       0x1c ./modules/dio/dio.o
 .data.ports_info
                0x200002b8       0x60 ./modules/dio/dio.o
 .data.log_level
                0x20000318        0x4 ./modules/fault/fault.o
 .data.cmds     0x2000031c       0x24 ./modules/fault/fault.o
 .data.cmd_info
                0x20000340       0x1c ./modules/fault/fault.o
 .data.log_level
                0x2000035c        0x4 ./modules/flash/flash.o
 .data.cmds     0x20000360       0x18 ./modules/flash/flash.o
 .data.cmd_info
                0x20000378       0x1c ./modules/flash/flash.o
 .data.log_level
                0x20000394        0x4 ./modules/i2c/i2c.o
 .data.cnts_u16_names
                0x20000398       0x20 ./modules/i2c/i2c.o
 .data.cmds     0x200003b8       0x18 ./modules/i2c/i2c.o
 .data.cmd_info
                0x200003d0       0x1c ./modules/i2c/i2c.o
 .data._log_active
                0x200003ec        0x1 ./modules/log/log.o
                0x200003ec                _log_active
 *fill*         0x200003ed        0x3 
 .data.log_level
                0x200003f0        0x4 ./modules/lwl/lwl.o
 .data.cmds     0x200003f4       0x30 ./modules/lwl/lwl.o
 .data.cmd_info
                0x20000424       0x1c ./modules/lwl/lwl.o
 .data.cmds     0x20000440       0x18 ./modules/mem/mem.o
 .data.log_level
                0x20000458        0x4 ./modules/mem/mem.o
 .data.cmd_info
                0x2000045c       0x1c ./modules/mem/mem.o
 .data.log_level
                0x20000478        0x4 ./modules/tmphm/tmphm.o
 .data.cnts_u16_names
                0x2000047c       0x1c ./modules/tmphm/tmphm.o
 .data.cmds     0x20000498       0x18 ./modules/tmphm/tmphm.o
 .data.cmd_info
                0x200004b0       0x1c ./modules/tmphm/tmphm.o
 .data.cmds     0x200004cc       0x18 ./modules/tmr/tmr.o
 .data.log_level
                0x200004e4        0x4 ./modules/tmr/tmr.o
 .data.cmd_info
                0x200004e8       0x1c ./modules/tmr/tmr.o
 .data.log_level
                0x20000504        0x4 ./modules/ttys/ttys.o
 .data.cnts_u16_names
                0x20000508       0x18 ./modules/ttys/ttys.o
 .data.cmds     0x20000520       0x18 ./modules/ttys/ttys.o
 .data.cmd_info
                0x20000538       0x1c ./modules/ttys/ttys.o
 .data.log_level
                0x20000554        0x4 ./modules/wdg/wdg.o
 .data.cmds     0x20000558       0x18 ./modules/wdg/wdg.o
 .data.cmd_info
                0x20000570       0x1c ./modules/wdg/wdg.o
 .data.__sglue  0x2000058c        0xc C:/ST/STM32CubeIDE_1.17.0/STM32CubeIDE/plugins/com.st.stm32cube.ide.mcu.externaltools.gnu-tools-for-stm32.12.3.rel1.win32_1.1.0.202410251130/tools/bin/../lib/gcc/arm-none-eabi/12.3.1/../../../../arm-none-eabi/lib/thumb/v7e-m+fp/hard\libc_nano.a(libc_a-findfp.o)
                0x2000058c                __sglue
 .data._impure_ptr
                0x20000598        0x4 C:/ST/STM32CubeIDE_1.17.0/STM32CubeIDE/plugins/com.st.stm32cube.ide.mcu.externaltools.gnu-tools-for-stm32.12.3.rel1.win32_1.1.0.202410251130/tools/bin/../lib/gcc/arm-none-eabi/12.3.1/../../../../arm-none-eabi/lib/thumb/v7e-m+fp/hard\libc_nano.a(libc_a-impure.o)
                0x20000598                _impure_ptr
 .data._impure_data
                0x2000059c       0x4c C:/ST/STM32CubeIDE_1.17.0/STM32CubeIDE/plugins/com.st.stm32cube.ide.mcu.externaltools.gnu-tools-for-stm32.12.3.rel1.win32_1.1.0.202410251130/tools/bin/../lib/gcc/arm-none-eabi/12.3.1/../../../../arm-none-eabi/lib/thumb/v7e-m+fp/hard\libc_nano.a(libc_a-impure.o)
                0x2000059c                _impure_data
 *(.RamFunc)
 *(.RamFunc*)
                0x200005e8                        . = ALIGN (0x4)
                0x200005e8                        _edata = .

.igot.plt       0x200005e8        0x0 load address 0x08015630
 .igot.plt      0x200005e8        0x0 C:/ST/STM32CubeIDE_1.17.0/STM32CubeIDE/plugins/com.st.stm32cube.ide.mcu.externaltools.gnu-tools-for-stm32.12.3.rel1.win32_1.1.0.202410251130/tools/bin/../lib/gcc/arm-none-eabi/12.3.1/thumb/v7e-m+fp/hard/crtbegin.o
                0x200005e8                        . = ALIGN (0x4)

.bss            0x200005e8     0x1138 load address 0x08015630
                0x200005e8                        _sbss = .
                0x200005e8                        __bss_start__ = _sbss
 *(.bss)
 .bss           0x200005e8       0x1c C:/ST/STM32CubeIDE_1.17.0/STM32CubeIDE/plugins/com.st.stm32cube.ide.mcu.externaltools.gnu-tools-for-stm32.12.3.rel1.win32_1.1.0.202410251130/tools/bin/../lib/gcc/arm-none-eabi/12.3.1/thumb/v7e-m+fp/hard/crtbegin.o
 *(.bss*)
 .bss.__sbrk_heap_end
                0x20000604        0x4 ./Core/Src/sysmem.o
 .bss.cnts_u16  0x20000608        0x6 ./app1/app_main.o
 *fill*         0x2000060e        0x2 
 .bss.stat_loop_dur
                0x20000610       0x20 ./app1/app_main.o
 .bss.console_cfg
                0x20000630        0x1 ./app1/app_main.o
                0x20000630                console_cfg
 *fill*         0x20000631        0x3 
 .bss.i2c_cfg   0x20000634        0x4 ./app1/app_main.o
 .bss.ttys_cfg_2
                0x20000638        0x2 ./app1/app_main.o
 *fill*         0x2000063a        0x2 
 .bss.tmphm_cfg
                0x2000063c       0x10 ./app1/app_main.o
 .bss.state     0x2000064c       0x20 ./modules/blinky/blinky.o
 .bss.client_info
                0x2000066c       0x30 ./modules/cmd/cmd.o
 .bss.state     0x2000069c       0x64 ./modules/console/console.o
 .bss.cfg       0x20000700        0x4 ./modules/dio/dio.o
 .bss.fault_data_buf
                0x20000704       0x58 ./modules/fault/fault.o
 .bss.rcc_csr   0x2000075c        0x4 ./modules/fault/fault.o
 .bss.got_rcc_csr
                0x20000760        0x1 ./modules/fault/fault.o
 .bss.do_flash.1
                0x20000761        0x1 ./modules/fault/fault.o
 .bss.disabled_icache
                0x20000762        0x1 ./modules/flash/flash.o
 .bss.disabled_dcache
                0x20000763        0x1 ./modules/flash/flash.o
 .bss.last_op_error_mask
                0x20000764        0x4 ./modules/flash/flash.o
                0x20000764                last_op_error_mask
 .bss.i2c_states
                0x20000768       0x40 ./modules/i2c/i2c.o
 .bss.cnts_u16  0x200007a8       0x10 ./modules/i2c/i2c.o
 .bss.msg_bfr.1
                0x200007b8        0x7 ./modules/i2c/i2c.o
 *fill*         0x200007bf        0x1 
 .bss.msg_len.0
                0x200007c0        0x4 ./modules/i2c/i2c.o
 .bss.lwl_data  0x200007c4      0x400 ./modules/lwl/lwl.o
 .bss._lwl_active
                0x20000bc4        0x1 ./modules/lwl/lwl.o
                0x20000bc4                _lwl_active
 *fill*         0x20000bc5        0x3 
 .bss.lwl_off_cnt
                0x20000bc8        0x4 ./modules/lwl/lwl.o
                0x20000bc8                lwl_off_cnt
 .bss.read_cmd_unit_size
                0x20000bcc        0x2 ./modules/mem/mem.o
 .bss.read_cmd_count
                0x20000bce        0x2 ./modules/mem/mem.o
 .bss.read_cmd_items_per_line
                0x20000bd0        0x2 ./modules/mem/mem.o
 *fill*         0x20000bd2        0x2 
 .bss.read_cmd_data_ptr
                0x20000bd4        0x4 ./modules/mem/mem.o
 .bss.tmphm_states
                0x20000bd8       0x28 ./modules/tmphm/tmphm.o
 .bss.cnts_u16  0x20000c00        0xe ./modules/tmphm/tmphm.o
 *fill*         0x20000c0e        0x2 
 .bss.tick_ms_ctr
                0x20000c10        0x4 ./modules/tmr/tmr.o
 .bss.uptime_ctr_ms
                0x20000c14        0x4 ./modules/tmr/tmr.o
 .bss.uptime_ctr_sec
                0x20000c18        0x4 ./modules/tmr/tmr.o
 .bss.tmrs      0x20000c1c       0xc8 ./modules/tmr/tmr.o
 .bss.last_ms.3
                0x20000ce4        0x4 ./modules/tmr/tmr.o
 .bss.ttys_states
                0x20000ce8      0x8d0 ./modules/ttys/ttys.o
 .bss.cnts_u16  0x200015b8        0xc ./modules/ttys/ttys.o
 .bss.state     0x200015c4        0xc ./modules/wdg/wdg.o
                0x200015c4                state
 .bss.test_cmd_fail_hard_wdg
                0x200015d0        0x1 ./modules/wdg/wdg.o
 .bss.test_cmd_disable_wdg
                0x200015d1        0x1 ./modules/wdg/wdg.o
 *fill*         0x200015d2        0x2 
 .bss.__sf      0x200015d4      0x138 C:/ST/STM32CubeIDE_1.17.0/STM32CubeIDE/plugins/com.st.stm32cube.ide.mcu.externaltools.gnu-tools-for-stm32.12.3.rel1.win32_1.1.0.202410251130/tools/bin/../lib/gcc/arm-none-eabi/12.3.1/../../../../arm-none-eabi/lib/thumb/v7e-m+fp/hard\libc_nano.a(libc_a-findfp.o)
                0x200015d4                __sf
 .bss.__stdio_exit_handler
                0x2000170c        0x4 C:/ST/STM32CubeIDE_1.17.0/STM32CubeIDE/plugins/com.st.stm32cube.ide.mcu.externaltools.gnu-tools-for-stm32.12.3.rel1.win32_1.1.0.202410251130/tools/bin/../lib/gcc/arm-none-eabi/12.3.1/../../../../arm-none-eabi/lib/thumb/v7e-m+fp/hard\libc_nano.a(libc_a-findfp.o)
                0x2000170c                __stdio_exit_handler
 .bss.errno     0x20001710        0x4 C:/ST/STM32CubeIDE_1.17.0/STM32CubeIDE/plugins/com.st.stm32cube.ide.mcu.externaltools.gnu-tools-for-stm32.12.3.rel1.win32_1.1.0.202410251130/tools/bin/../lib/gcc/arm-none-eabi/12.3.1/../../../../arm-none-eabi/lib/thumb/v7e-m+fp/hard\libc_nano.a(libc_a-reent.o)
                0x20001710                errno
 .bss.__lock___malloc_recursive_mutex
                0x20001714        0x1 C:/ST/STM32CubeIDE_1.17.0/STM32CubeIDE/plugins/com.st.stm32cube.ide.mcu.externaltools.gnu-tools-for-stm32.12.3.rel1.win32_1.1.0.202410251130/tools/bin/../lib/gcc/arm-none-eabi/12.3.1/../../../../arm-none-eabi/lib/thumb/v7e-m+fp/hard\libc_nano.a(libc_a-lock.o)
                0x20001714                __lock___malloc_recursive_mutex
 .bss.__lock___sfp_recursive_mutex
                0x20001715        0x1 C:/ST/STM32CubeIDE_1.17.0/STM32CubeIDE/plugins/com.st.stm32cube.ide.mcu.externaltools.gnu-tools-for-stm32.12.3.rel1.win32_1.1.0.202410251130/tools/bin/../lib/gcc/arm-none-eabi/12.3.1/../../../../arm-none-eabi/lib/thumb/v7e-m+fp/hard\libc_nano.a(libc_a-lock.o)
                0x20001715                __lock___sfp_recursive_mutex
 *fill*         0x20001716        0x2 
 .bss.__malloc_sbrk_start
                0x20001718        0x4 C:/ST/STM32CubeIDE_1.17.0/STM32CubeIDE/plugins/com.st.stm32cube.ide.mcu.externaltools.gnu-tools-for-stm32.12.3.rel1.win32_1.1.0.202410251130/tools/bin/../lib/gcc/arm-none-eabi/12.3.1/../../../../arm-none-eabi/lib/thumb/v7e-m+fp/hard\libc_nano.a(libc_a-mallocr.o)
                0x20001718                __malloc_sbrk_start
 .bss.__malloc_free_list
                0x2000171c        0x4 C:/ST/STM32CubeIDE_1.17.0/STM32CubeIDE/plugins/com.st.stm32cube.ide.mcu.externaltools.gnu-tools-for-stm32.12.3.rel1.win32_1.1.0.202410251130/tools/bin/../lib/gcc/arm-none-eabi/12.3.1/../../../../arm-none-eabi/lib/thumb/v7e-m+fp/hard\libc_nano.a(libc_a-mallocr.o)
                0x2000171c                __malloc_free_list
 *(COMMON)
                0x20001720                        . = ALIGN (0x4)
                0x20001720                        _ebss = .
                0x20001720                        __bss_end__ = _ebss

.no.init.vars   0x20001720        0xc load address 0x08015630
                0x20001720                        . = ALIGN (0x4)
 *(.no.init.vars)
 .no.init.vars  0x20001720        0xc ./modules/wdg/wdg.o
                0x20001720                no_init_vars

._user_heap_stack
                0x2000172c      0xa34 load address 0x0801563c
                0x20001730                        . = ALIGN (0x8)
 *fill*         0x2000172c        0x4 
                [!provide]                        PROVIDE (end = .)
                0x20001730                        PROVIDE (_end = .)
                0x20001930                        . = (. + _Min_Heap_Size)
 *fill*         0x20001730      0x200 
                0x20001940                        . = ALIGN (0x20)
 *fill*         0x20001930       0x10 
                0x20001940                        _s_stack_guard = .
                0x20001960                        . = (. + _MPU_Min_Block_Size)
 *fill*         0x20001940       0x20 
                0x20001960                        _e_stack_guard = .
                0x20002160                        . = (. + _Min_Stack_Size)
 *fill*         0x20001960      0x800 
                0x20002160                        . = ALIGN (0x8)

/DISCARD/
 libc.a(*)
 libm.a(*)
 libgcc.a(*)

.ARM.attributes
                0x00000000       0x30
 *(.ARM.attributes)
 .ARM.attributes