../Drivers/STM32F4xx_HAL_Driver/Inc/stm32f4xx_ll_bus.h:473:26:LL_AHB1_GRP1_IsEnabledClock	16	static
../Drivers/STM32F4xx_HAL_Driver/Inc/stm32f4xx_ll_gpio.h:273:22:LL_GPIO_SetPinMode	48	static,ignoring_inline_asm
../Drivers/STM32F4xx_HAL_Driver/Inc/stm32f4xx_ll_gpio.h:307:26:LL_GPIO_GetPinMode	40	static,ignoring_inline_asm
../Drivers/STM32F4xx_HAL_Driver/Inc/stm32f4xx_ll_gpio.h:342:22:LL_GPIO_SetPinOutputType	24	static
../Drivers/STM32F4xx_HAL_Driver/Inc/stm32f4xx_ll_gpio.h:376:26:LL_GPIO_GetPinOutputType	32	static,ignoring_inline_asm
../Drivers/STM32F4xx_HAL_Driver/Inc/stm32f4xx_ll_gpio.h:413:22:LL_GPIO_SetPinSpeed	48	static,ignoring_inline_asm
../Drivers/STM32F4xx_HAL_Driver/Inc/stm32f4xx_ll_gpio.h:450:26:LL_GPIO_GetPinSpeed	40	static,ignoring_inline_asm
../Drivers/STM32F4xx_HAL_Driver/Inc/stm32f4xx_ll_gpio.h:484:22:LL_GPIO_SetPinPull	48	static,ignoring_inline_asm
../Drivers/STM32F4xx_HAL_Driver/Inc/stm32f4xx_ll_gpio.h:516:26:LL_GPIO_GetPinPull	40	static,ignoring_inline_asm
../Drivers/STM32F4xx_HAL_Driver/Inc/stm32f4xx_ll_gpio.h:593:26:LL_GPIO_GetAFPin_0_7	40	static,ignoring_inline_asm
../Drivers/STM32F4xx_HAL_Driver/Inc/stm32f4xx_ll_gpio.h:671:26:LL_GPIO_GetAFPin_8_15	40	static,ignoring_inline_asm
../Drivers/STM32F4xx_HAL_Driver/Inc/stm32f4xx_ll_gpio.h:800:26:LL_GPIO_IsInputPinSet	16	static
../Drivers/STM32F4xx_HAL_Driver/Inc/stm32f4xx_ll_gpio.h:852:26:LL_GPIO_IsOutputPinSet	16	static
../Drivers/STM32F4xx_HAL_Driver/Inc/stm32f4xx_ll_gpio.h:881:22:LL_GPIO_SetOutputPin	16	static
../Drivers/STM32F4xx_HAL_Driver/Inc/stm32f4xx_ll_gpio.h:910:22:LL_GPIO_ResetOutputPin	16	static
../modules/dio/dio.c:130:9:dio_init	32	static
../modules/dio/dio.c:160:9:dio_start	16	static
../modules/dio/dio.c:180:9:dio_get	16	static
../modules/dio/dio.c:197:9:dio_get_out	16	static
../modules/dio/dio.c:215:9:dio_set	16	static
../modules/dio/dio.c:235:9:dio_get_num_in	4	static
../modules/dio/dio.c:246:9:dio_get_num_out	4	static
../modules/dio/dio.c:265:16:cmd_dio_status	160	static
../modules/dio/dio.c:366:16:cmd_dio_get	40	static
../modules/dio/dio.c:403:16:cmd_dio_set	40	static
../modules/dio/dio.c:439:20:gpio_pin_mode_to_str	24	static
../modules/dio/dio.c:466:20:gpio_output_type_to_str	24	static
../modules/dio/dio.c:487:20:gpio_pin_speed_to_str	24	static
../modules/dio/dio.c:514:20:gpio_pull_up_to_str	24	static
