../Drivers/STM32F4xx_HAL_Driver/Inc/stm32f4xx_ll_cortex.h:273:22:LL_SYSTICK_EnableIT	4	static
../modules/tmr/tmr.c:158:9:tmr_init	16	static
../modules/tmr/tmr.c:185:9:tmr_start	16	static
../modules/tmr/tmr.c:208:9:tmr_run	32	static
../modules/tmr/tmr.c:246:10:tmr_get_ms	4	static
../modules/tmr/tmr.c:260:10:tmr_get_systick_ctr	4	static
../modules/tmr/tmr.c:280:9:tmr_inst_get	24	static
../modules/tmr/tmr.c:319:9:tmr_inst_get_cb	32	static
../modules/tmr/tmr.c:345:9:tmr_inst_start	24	static
../modules/tmr/tmr.c:379:9:tmr_inst_set_period	24	static
../modules/tmr/tmr.c:399:9:tmr_inst_release	16	static
../modules/tmr/tmr.c:416:9:tmr_inst_is_expired	16	static
../modules/tmr/tmr.c:431:9:tmr_inst_is_running	16	static
../modules/tmr/tmr.c:445:9:tmr_inst_dump	32	static
../modules/tmr/tmr.c:462:6:SysTick_Handler	32	static
../modules/tmr/tmr.c:507:20:tmr_state_str	24	static
../modules/tmr/tmr.c:541:16:cmd_tmr_status	72	static
../modules/tmr/tmr.c:589:16:cmd_tmr_test	48	static
../modules/tmr/tmr.c:655:27:test_cb_func	16	static
