../Drivers/STM32F4xx_HAL_Driver/Inc/stm32f4xx_ll_iwdg.h:141:22:LL_IWDG_Enable	16	static
../Drivers/STM32F4xx_HAL_Driver/Inc/stm32f4xx_ll_iwdg.h:152:22:LL_IWDG_ReloadCounter	16	static
../Drivers/STM32F4xx_HAL_Driver/Inc/stm32f4xx_ll_iwdg.h:163:22:LL_IWDG_EnableWriteAccess	16	static
../Drivers/STM32F4xx_HAL_Driver/Inc/stm32f4xx_ll_iwdg.h:193:22:LL_IWDG_SetPrescaler	16	static
../Drivers/STM32F4xx_HAL_Driver/Inc/stm32f4xx_ll_iwdg.h:223:22:LL_IWDG_SetReloadCounter	16	static
../Drivers/STM32F4xx_HAL_Driver/Inc/stm32f4xx_ll_iwdg.h:276:26:LL_IWDG_IsReady	16	static
../modules/wdg/wdg.c:142:9:wdg_init	16	static
../modules/wdg/wdg.c:155:9:wdg_start	16	static
../modules/wdg/wdg.c:184:9:wdg_register	24	static
../modules/wdg/wdg.c:205:9:wdg_feed	16	static
../modules/wdg/wdg.c:218:9:wdg_register_triggered_cb	16	static
../modules/wdg/wdg.c:234:6:wdg_start_init_hdw_wdg	8	static
../modules/wdg/wdg.c:256:6:wdg_init_successful	8	static
../modules/wdg/wdg.c:284:9:wdg_start_hdw_wdg	24	static
../modules/wdg/wdg.c:332:6:wdg_feed_hdw	8	static
../modules/wdg/wdg.c:358:27:wdg_tmr_cb	32	static
../modules/wdg/wdg.c:402:13:validate_no_init_vars	16	static
../modules/wdg/wdg.c:426:13:update_no_init_vars	16	static
../modules/wdg/wdg.c:451:16:cmd_wdg_status	40	static
../modules/wdg/wdg.c:480:16:cmd_wdg_test	32	static
