20:02:06 **** Incremental Build of configuration Debug for project ram-class-nucleo-f401re ****
make -j16 all 
arm-none-eabi-gcc "../modules/fault/fault.c" -mcpu=cortex-m4 -std=gnu11 -g3 -DDEBUG -DSTM32F401xE -DUSE_FULL_LL_DRIVER -DHSE_VALUE=8000000 -DHSE_STARTUP_TIMEOUT=100 -DLSE_STARTUP_TIMEOUT=5000 -DLSE_VALUE=32768 -DEXTERNAL_CLOCK_VALUE=12288000 -DHSI_VALUE=16000000 -DLSI_VALUE=32000 -DVDD_VALUE=3300 -DPREFETCH_ENABLE=1 -DINSTRUCTION_CACHE_ENABLE=1 -DDATA_CACHE_ENABLE=1 -DCONFIG_FEAT_FAULT=1 -DCONFIG_FEAT_TMPHM=1 -c -I../Core/Inc -I../Drivers/STM32F4xx_HAL_Driver/Inc -I../Drivers/CMSIS/Device/ST/STM32F4xx/Include -I../Drivers/CMSIS/Include -I"C:/Users/Sheen/Desktop/Embedded_System/gene_Baremetal_I2CTmphm_RAM_CICD/ram-class-nucleo-f401re/modules/include" -O0 -ffunction-sections -fdata-sections -Wall -Werror -fstack-usage -fcyclomatic-complexity -MMD -MP -MF"modules/fault/fault.d" -MT"modules/fault/fault.o" --specs=nano.specs -mfpu=fpv4-sp-d16 -mfloat-abi=hard -mthumb -o "modules/fault/fault.o"
arm-none-eabi-gcc -o "ram-class-nucleo-f401re.elf" @"objects.list"   -mcpu=cortex-m4 -T"C:\Users\Sheen\Desktop\Embedded_System\gene_Baremetal_I2CTmphm_RAM_CICD\ram-class-nucleo-f401re\STM32F401RETX_FLASH.ld" --specs=nosys.specs -Wl,-Map="ram-class-nucleo-f401re.map" -Wl,--gc-sections -static --specs=nano.specs -mfpu=fpv4-sp-d16 -mfloat-abi=hard -mthumb -Wl,--start-group -lc -lm -Wl,--end-group
C:/ST/STM32CubeIDE_1.17.0/STM32CubeIDE/plugins/com.st.stm32cube.ide.mcu.externaltools.gnu-tools-for-stm32.12.3.rel1.win32_1.1.0.202410251130/tools/bin/../lib/gcc/arm-none-eabi/12.3.1/../../../../arm-none-eabi/bin/ld.exe: warning: ram-class-nucleo-f401re.elf has a LOAD segment with RWX permissions
Finished building target: ram-class-nucleo-f401re.elf
 
arm-none-eabi-size  ram-class-nucleo-f401re.elf 
arm-none-eabi-objdump -h -S ram-class-nucleo-f401re.elf  > "ram-class-nucleo-f401re.list"
   text	   data	    bss	    dec	    hex	filename
  53716	   1532	   7020	  62268	   f33c	ram-class-nucleo-f401re.elf
Finished building: default.size.stdout
 
Finished building: ram-class-nucleo-f401re.list
 
20:02:19 **** Incremental Build of configuration Debug for project ram-class-nucleo-f401re ****
make -j16 all 
arm-none-eabi-size  ram-class-nucleo-f401re.elf 
   text	   data	    bss	    dec	    hex	filename
  53716	   1532	   7020	  62268	   f33c	ram-class-nucleo-f401re.elf
Finished building: default.size.stdout
 
