../modules/blinky/blinky.c:140:9:blinky_get_def_cfg	16	static
../modules/blinky/blinky.c:165:9:blinky_init	24	static
../modules/blinky/blinky.c:183:9:blinky_start	16	static
../modules/blinky/blinky.c:220:9:blinky_set_code_blinks	16	static
../modules/blinky/blinky.c:235:9:blinky_set_sep_blinks	16	static
../modules/blinky/blinky.c:249:9:blinky_set_code_period	16	static
../modules/blinky/blinky.c:264:9:blinky_set_sep_period	16	static
../modules/blinky/blinky.c:285:16:cmd_blinky_status	24	static
../modules/blinky/blinky.c:307:16:cmd_blinky_blinks	40	static
../modules/blinky/blinky.c:335:6:start	8	static
../modules/blinky/blinky.c:353:20:tmr_cb	24	static
